[2026-09-30 15:13:40] script: /users/jason92/stage4-harness-run/cluster-run.sh value n3; host: node0.jason92-317394.misconfiguration-pg0.cloudlab.umass.edu; label: n3
== n3: n=3 bufferSize=33554432 hold=loaded, 3000 ms cores=40 in-flight-hint limit=5120 (B ends early at 3840); stress n=200000 1KiB x5 columns threads=64
[2026-09-30 15:13:40] CHECK PASS: no CassandraDaemon running
[2026-09-30 15:13:40] CHECK PASS: node 2 (198.22.255.91:7000) is stopped
[2026-09-30 15:13:40] CHECK PASS: ports 7199/9042/9091 free
[2026-09-30 15:13:40] CHECK PASS: local disk has >= 20 GB free
[2026-09-30 15:13:40] CHECK PASS: the clone is at cassandra-5.0.9
[2026-09-30 15:13:40] CHECK PASS: the ring's data is in place (keyspace1)
HintsPoolCeilingTest.java: OK
hints-pool.btm: OK
hold-flush.btm: OK
yaml diff: -cluster_name: 'Test Cluster'|+cluster_name: 'stage4-hints'|-      - seeds: "127.0.0.1:7000"|+      - seeds: "198.22.255.77:7000"|-listen_address: localhost|+listen_address: 198.22.255.77|
[2026-09-30 15:13:40] CHECK PASS: yaml diff adds 3 lines
[2026-09-30 15:13:40] + mv logs /users/jason92/stage4-logs/hints/cluster/logs.before-n3.1790802820
[2026-09-30 15:13:40]   rc=0
JVM_EXTRA_OPTS=-Dcassandra.MAX_HINT_BUFFERS=3 -XX:NativeMemoryTracking=summary -Dstage4.byteman.out=/users/jason92/stage4-logs/hints/cluster/n3/hints-pool.txt -Dstage4.hold.out=/users/jason92/stage4-logs/hints/cluster/n3/hold.txt -Dstage4.hold.ms=3000 -javaagent:/users/jason92/cassandra-run1/build/lib/jars/byteman-4.0.20.jar=script:/users/jason92/stage4-harness-run/hints/hints-pool.btm,listener:true
[2026-09-30 15:13:40] + JVM_EXTRA_OPTS=... bin/cassandra -p cassandra.pid > /users/jason92/stage4-logs/hints/cluster/n3/stdout.txt 2>&1
[2026-09-30 15:14:34] ok: node 1 UN and native transport running (after 21s)
node 1 pid 1150196, up at 1790802874543
UN  198.22.255.77  992.88 MiB  16      100.0%            53ea8bbe-26de-481e-94d1-d1d6d0f343dd  rack1
DN  198.22.255.91  ?           16      100.0%            b79be723-970d-4c74-8b10-478505ac5d42  rack1
[2026-09-30 15:14:37] CHECK PASS: node 2 (198.22.255.91) is DN on node 1
    | # File /users/jason92/stage4-harness-run/hints/hints-pool.btm line 26
    | RULE hints pool creates a buffer
    | CLASS org.apache.cassandra.hints.HintsBufferPool
    | METHOD createBuffer
    | NOCOMPILE
    | AT EXIT
    | IF true
    | DO traceOpen("hintsPool", java.lang.System.getProperty("stage4.byteman.out", "hints-pool.txt"));
    | traceln("hintsPool", "created=" + $0.allocatedBuffers + " size=" + $0.bufferSize + " max=" + org.apache.cassandra.hints.HintsBufferPool.MAX_ALLOCATED_BUFFERS + " ms=" + java.lang.System.currentTimeMillis() + " thread=" + java.lang.Thread.currentThread().getName())
    | ENDRULE
    | Transformed in:
    | loader: jdk.internal.loader.ClassLoaders$AppClassLoader@3d4eac69
    | trigger method: org.apache.cassandra.hints.HintsBufferPool.createBuffer() org.apache.cassandra.hints.HintsBuffer
    | compiled successfully
    | # File /users/jason92/stage4-harness-run/hints/hints-pool.btm line 35
    | RULE hints pool writer waits at the cap
    | CLASS org.apache.cassandra.hints.HintsBufferPool
    | METHOD switchCurrentBuffer
    | NOCOMPILE
    | AT INVOKE java.util.concurrent.BlockingQueue.take
    | IF true
    | DO traceOpen("hintsPool", java.lang.System.getProperty("stage4.byteman.out", "hints-pool.txt"));
    | traceln("hintsPool", "waiting ms=" + java.lang.System.currentTimeMillis() + " thread=" + java.lang.Thread.currentThread().getName())
    | ENDRULE
    | Transformed in:
    | loader: jdk.internal.loader.ClassLoaders$AppClassLoader@3d4eac69
    | trigger method: org.apache.cassandra.hints.HintsBufferPool.switchCurrentBuffer(org.apache.cassandra.hints.HintsBuffer) boolean
    | 
[2026-09-30 15:14:37] CHECK PASS: Submit -l lists HintsBufferPool.createBuffer()
[2026-09-30 15:14:37] CHECK PASS: Submit -l lists HintsBufferPool.switchCurrentBuffer(
cassandra.MAX_HINT_BUFFERS=3
[2026-09-30 15:14:38] CHECK PASS: the JVM has cassandra.MAX_HINT_BUFFERS=3
[2026-09-30 15:14:53] ok: the idle flush created the first buffer (after 0s)
[2026-09-30 15:14:59] reading control: MemoryUsed=50146484 Count=176 NMT_Other_KB=65369 TotalHints=0 HintsInProgress=0
EXPECTED: exactly one created line at idle, from the hints executor — yes
A: loading the hold at 1790802899549
install rule hold each hints buffer flush

[2026-09-30 15:14:59] CHECK PASS: Submit -l lists the hold rule's trigger (FlushBufferTask)
A: start at 1790802899781
[2026-09-30 15:14:59] + tools/bin/cassandra-stress write n=200000 no-warmup -col size=FIXED(1024) -rate threads=64 -node 127.0.0.1 > /users/jason92/stage4-logs/hints/cluster/n3/stress.txt &
A: created=3 seen at 1790802906839 (~7061 ms after the start)
[2026-09-30 15:15:13] reading A: MemoryUsed=126553524 Count=297 NMT_Other_KB=1450712 TotalHints=25712 HintsInProgress=95
B: start at 1790802913398
[2026-09-30 15:15:17] reading B: MemoryUsed=126553652 Count=297 NMT_Other_KB= TotalHints= HintsInProgress=159
[2026-09-30 15:15:22] reading B: MemoryUsed=126553652 Count=297 NMT_Other_KB= TotalHints= HintsInProgress=95
[2026-09-30 15:15:27] reading B: MemoryUsed=126548854 Count=297 NMT_Other_KB= TotalHints= HintsInProgress=159
[2026-09-30 15:15:32] reading B: MemoryUsed=126548854 Count=297 NMT_Other_KB= TotalHints= HintsInProgress=95
thread dump B10 at 1790802933080: parked-in-take=1 blocked-on-monitor=31 other=0  (excerpt: dump-B10-excerpt.txt)
[2026-09-30 15:15:37] reading B: MemoryUsed=126537943 Count=295 NMT_Other_KB= TotalHints= HintsInProgress=18
[2026-09-30 15:15:42] reading B: MemoryUsed=126537943 Count=295 NMT_Other_KB= TotalHints= HintsInProgress=95
[2026-09-30 15:15:47] reading B: MemoryUsed=126537943 Count=295 NMT_Other_KB= TotalHints= HintsInProgress=95
[2026-09-30 15:15:52] reading B: MemoryUsed=126537943 Count=295 NMT_Other_KB= TotalHints= HintsInProgress=159
thread dump B30 at 1790802953164: parked-in-take=1 blocked-on-monitor=31 other=0  (excerpt: dump-B30-excerpt.txt)
[2026-09-30 15:15:57] reading B: MemoryUsed=126537943 Count=295 NMT_Other_KB= TotalHints= HintsInProgress=95
[2026-09-30 15:16:02] reading B: MemoryUsed=126537943 Count=295 NMT_Other_KB= TotalHints= HintsInProgress=95
[2026-09-30 15:16:07] reading B: MemoryUsed=126537943 Count=295 NMT_Other_KB= TotalHints= HintsInProgress=159
[2026-09-30 15:16:12] reading B: MemoryUsed=126537943 Count=295 NMT_Other_KB= TotalHints= HintsInProgress=95
thread dump B50 at 1790802973282: parked-in-take=1 blocked-on-monitor=31 other=0  (excerpt: dump-B50-excerpt.txt)
[2026-09-30 15:16:17] reading B: MemoryUsed=126537943 Count=295 NMT_Other_KB= TotalHints= HintsInProgress=159
B: 60s done
[2026-09-30 15:16:24] reading Bend: MemoryUsed=126537943 Count=295 NMT_Other_KB=1450686 TotalHints=173556 HintsInProgress=159
release: unloading the hold at 1790802985719, TotalHints 179984
uninstall RULE hold each hints buffer flush

thread dump release at 1790802992200: parked-in-take=0 blocked-on-monitor=0 other=0  (excerpt: dump-release-excerpt.txt)
[2026-09-30 15:16:38] reading release: MemoryUsed=126537943 Count=295 NMT_Other_KB=1450686 TotalHints=201664 HintsInProgress=0
com.datastax.driver.core.exceptions.WriteTimeoutException: Cassandra timeout during SIMPLE write query at consistency LOCAL_ONE (1 replica were required but only 0 acknowledged the write)
com.datastax.driver.core.exceptions.WriteTimeoutException: Cassandra timeout during SIMPLE write query at consistency LOCAL_ONE (1 replica were required but only 0 acknowledged the write)
com.datastax.driver.core.exceptions.WriteTimeoutException: Cassandra timeout during SIMPLE write query at consistency LOCAL_ONE (1 replica were required but only 0 acknowledged the write)
com.datastax.driver.core.exceptions.WriteTimeoutException: Cassandra timeout during SIMPLE write query at consistency LOCAL_ONE (1 replica were required but only 0 acknowledged the write)
com.datastax.driver.core.exceptions.WriteTimeoutException: Cassandra timeout during SIMPLE write query at consistency LOCAL_ONE (1 replica were required but only 0 acknowledged the write)
Cassandra has shutdown.
traces: buffers ever created=3, entries into the disallow branch (waiting)=27, flushes held=26
EXPECTED: every created line shows max=3 — yes
EXPECTED: every created line shows size=33554432 — yes
EXPECTED: created never exceeds n (3) — yes
highest created value: 3
peak MemoryUsed in readings.csv: 126553652
ERROR lines in system.log: 0; hints directory: 1005M
RESULT n3: run finished at 1790803020805
