[2026-10-01 10:25:31] script: ./cluster-run.sh value bdef; host: node0.jason92-318546.misconfiguration-pg0.cloudlab.umass.edu; label: bdef
== bdef: cdc_total_space=default commitlog_segment_size=32MiB mode=blocking kind=normal; stress threads=16, B throttle 100/s
[2026-10-01 10:25:31] CHECK PASS: no CassandraDaemon running
[2026-10-01 10:25:31] CHECK PASS: ports 7199/9042/9091 free
[2026-10-01 10:25:31] CHECK PASS: local disk has >= 25 GB free
[2026-10-01 10:25:31] CHECK PASS: the clone is at cassandra-5.0.9
CdcTotalSpaceCeilingTest.java: OK
cdc-verdict.btm: OK
cdc-sampler.py: OK
cdc-consumer.sh: OK
cdc-analyze.py: OK
cdc-rows.yaml: OK
plain-rows.yaml: OK
[2026-10-01 10:25:31] CHECK PASS: python3 and cqlsh are available
yaml diff: -cdc_enabled: false|+cdc_enabled: true|
[2026-10-01 10:25:31] CHECK PASS: yaml diff adds 1 lines
[2026-10-01 10:25:31] + mv logs /users/jason92/stage4-logs/cdc/cluster/logs.before-bdef.1790871931
[2026-10-01 10:25:31]   rc=0
JVM_EXTRA_OPTS=-Dstage4.byteman.out=/users/jason92/stage4-logs/cdc/cluster/bdef/cdc-verdict.txt -javaagent:/users/jason92/cassandra-run1/build/lib/jars/byteman-4.0.20.jar=script:/users/jason92/stage4-harness-run/cdc/cdc-verdict.btm,listener:true
[2026-10-01 10:25:31] + JVM_EXTRA_OPTS=... bin/cassandra -p cassandra.pid > /users/jason92/stage4-logs/cdc/cluster/bdef/stdout.txt 2>&1
node pid 76026, up at 1790871976172 (after 17s)
    | # File /users/jason92/stage4-harness-run/cdc/cdc-verdict.btm line 59
    | RULE cdc write rejected
    | CLASS org.apache.cassandra.exceptions.CDCWriteException
    | METHOD <init>
    | NOCOMPILE
    | AT ENTRY
    | BIND n : int = incrementCounter("stage4.cdcReject")
    | IF n % 100 == 1
    | DO traceOpen("cdcVerdict", java.lang.System.getProperty("stage4.byteman.out", "cdc-verdict.txt"));
    | traceln("cdcVerdict", "reject n=" + n + " ms=" + java.lang.System.currentTimeMillis() + " msg=" + $1)
    | ENDRULE
    | Transformed in:
    | loader: jdk.internal.loader.ClassLoaders$AppClassLoader@3d4eac69
    | trigger method: org.apache.cassandra.exceptions.CDCWriteException.<init>(java.lang.String) void
    | # File /users/jason92/stage4-harness-run/cdc/cdc-verdict.btm line 41
    | RULE cdc verdict, state after
    | CLASS org.apache.cassandra.db.commitlog.CommitLogSegmentManagerCDC$CDCSizeTracker
    | METHOD processNewSegment
    | NOCOMPILE
    | AT EXIT
    | IF true
    | DO traceOpen("cdcVerdict", java.lang.System.getProperty("stage4.byteman.out", "cdc-verdict.txt"));
    | traceln("cdcVerdict", "post seg=" + $1.logFile.name() + " state=" + $1.getCDCState() + " sip=" + $0.sizeInProgress.get() + " ms=" + java.lang.System.currentTimeMillis())
    | ENDRULE
    | Transformed in:
    | loader: jdk.internal.loader.ClassLoaders$AppClassLoader@3d4eac69
    | trigger method: org.apache.cassandra.db.commitlog.CommitLogSegmentManagerCDC$CDCSizeTracker.processNewSegment(org.apache.cassandra.db.commitlog.CommitLogSegment) void
    | compiled successfully
    | # File /users/jason92/stage4-harness-run/cdc/cdc-verdict.btm line 32
    | RULE cdc verdict, counter before
    | CLASS org.apache.cassandra.db.commitlog.CommitLogSegmentManagerCDC$CDCSizeTracker
    | METHOD processNewSegment
    | NOCOMPILE
    | AT ENTRY
    | IF true
    | DO traceOpen("cdcVerdict", java.lang.System.getProperty("stage4.byteman.out", "cdc-verdict.txt"));
    | traceln("cdcVerdict", "pre seg=" + $1.logFile.name() + " sip=" + $0.sizeInProgress.get() + " allowance=" + org.apache.cassandra.config.DatabaseDescriptor.getCDCTotalSpace() + " segSize=" + org.apache.cassandra.config.DatabaseDescriptor.getCommitLogSegmentSize() + " blocking=" + org.apache.cassandra.config.DatabaseDescriptor.getCDCBlockWrites() + " ms=" + java.lang.System.currentTimeMillis())
    | ENDRULE
    | Transformed in:
    | loader: jdk.internal.loader.ClassLoaders$AppClassLoader@3d4eac69
[2026-10-01 10:26:16] CHECK PASS: Submit -l lists CDCSizeTracker.processNewSegment
[2026-10-01 10:26:16] CHECK PASS: Submit -l lists deleteOldLinkedCDCCommitLogSegment
[2026-10-01 10:26:16] CHECK PASS: Submit -l lists CDCWriteException
    | 
    |  name                   | value
    | ------------------------+---------------------
    |        cdc_block_writes |                true
    |             cdc_enabled |                true
    |       cdc_raw_directory | bin/../data/cdc_raw
    |         cdc_total_space |             4096MiB
    |  commitlog_segment_size |               32MiB
    | 
    | (5 rows)
settings read back: cdc_total_space=4096MiB commitlog_segment_size=32MiB cdc_enabled=true cdc_block_writes=true
k = floor(4096 / 32) = 128; exact multiple: yes
[2026-10-01 10:26:17] CHECK PASS: commitlog_segment_size read back as 32
[2026-10-01 10:26:17] CHECK PASS: data/cdc_raw exists
[2026-10-01 10:26:18] phase idle_start
[2026-10-01 10:26:33] phase idle_end
[2026-10-01 10:26:34] reading idle: links=2 link_bytes=67108864 alloc=69632 idx=0/0 Failures=0 WARN=0 created=2 forbidden=0
EXPECTED: idle floor is min(k, 2) = 2 links — yes
[2026-10-01 10:26:34] + bin/cqlsh -e "CREATE KEYSPACE IF NOT EXISTS stage4cdc WITH replication = {'class': 'SimpleStrategy', 'replication_factor': 1}; CREATE TABLE IF NOT EXISTS stage4cdc.cdc_rows (id bigint, payload blob, PRIMARY KEY (id)) WITH cdc = true; CREATE TABLE IF NOT EXISTS stage4cdc.plain_rows (id bigint, payload blob, PRIMARY KEY (id)) WITH cdc = false;"
[2026-10-01 10:26:37] CHECK PASS: both tables exist
[2026-10-01 10:26:37] phase A_start
[2026-10-01 10:26:37] + tools/bin/cassandra-stress user profile=/users/jason92/stage4-harness-run/cdc/cdc-rows.yaml "ops(insert=1)" n=1000000000 no-warmup -rate threads=16 -errors retries=0 ignore -node 127.0.0.1 > /users/jason92/stage4-logs/cdc/cluster/bdef/stress-cdc-A.txt &
[2026-10-01 10:26:51] phase A_first_rejection
[2026-10-01 10:26:51] phase A_end
[2026-10-01 10:26:52] reading A: links=127 link_bytes=4261412864 alloc=4133511168 idx=35/630 Failures=153 WARN=1 created=129 forbidden=2
A: ended at 1790872012571, ~13 s after the start; stress A tail: |Operation x1 on key(s) [-906502337]: Error executing: (WriteFailureException): Cassandra failure during write query at consistency LOCAL_ONE (1 responses were required but only 0 replica responded, 1 failed)||
[2026-10-01 10:26:52] phase settle_start
[2026-10-01 10:26:53] phase settle_end
settle: a non-CDC write was accepted promptly after 1 attempt(s), 721 ms (settle-probe.txt)
EXPECTED: settle: the node took a non-CDC write promptly within 180 s — yes
[2026-10-01 10:26:53] phase B_start
[2026-10-01 10:26:53] + tools/bin/cassandra-stress user profile=/users/jason92/stage4-harness-run/cdc/cdc-rows.yaml "ops(insert=1)" duration=60s no-warmup -rate threads=16 throttle=100/s -errors retries=0 ignore -node 127.0.0.1 > /users/jason92/stage4-logs/cdc/cluster/bdef/stress-cdc-B.txt &
[2026-10-01 10:26:53] + tools/bin/cassandra-stress user profile=/users/jason92/stage4-harness-run/cdc/plain-rows.yaml "ops(insert=1)" duration=60s no-warmup -rate threads=2 throttle=10/s -errors retries=0 ignore -node 127.0.0.1 > /users/jason92/stage4-logs/cdc/cluster/bdef/stress-plain-B.txt &
[2026-10-01 10:26:53] reading B: links=127 link_bytes=4261412864 alloc=4133511168 idx=35/630 Failures= WARN=1 created=129 forbidden=2
[2026-10-01 10:26:58] reading B: links=127 link_bytes=4261412864 alloc=4133511168 idx=66/1188 Failures= WARN=1 created=129 forbidden=2
[2026-10-01 10:27:03] reading B: links=127 link_bytes=4261412864 alloc=4133511168 idx=70/1260 Failures= WARN=2 created=129 forbidden=2
[2026-10-01 10:27:08] reading B: links=127 link_bytes=4261412864 alloc=4133511168 idx=127/2286 Failures= WARN=4 created=129 forbidden=2
[2026-10-01 10:27:13] reading B: links=127 link_bytes=4261412864 alloc=4133511168 idx=127/2286 Failures= WARN=4 created=129 forbidden=2
[2026-10-01 10:27:18] reading B: links=127 link_bytes=4261412864 alloc=4133511168 idx=127/2286 Failures= WARN=5 created=129 forbidden=2
[2026-10-01 10:27:23] reading B: links=127 link_bytes=4261412864 alloc=4133511168 idx=127/2286 Failures= WARN=5 created=129 forbidden=2
[2026-10-01 10:27:28] reading B: links=127 link_bytes=4261412864 alloc=4133511168 idx=127/2286 Failures= WARN=6 created=129 forbidden=2
[2026-10-01 10:27:33] reading B: links=127 link_bytes=4261412864 alloc=4133511168 idx=127/2286 Failures= WARN=6 created=129 forbidden=2
[2026-10-01 10:27:38] reading B: links=127 link_bytes=4261412864 alloc=4133511168 idx=127/2286 Failures= WARN=7 created=129 forbidden=2
[2026-10-01 10:27:43] reading B: links=127 link_bytes=4261412864 alloc=4133511168 idx=127/2286 Failures= WARN=7 created=129 forbidden=2
[2026-10-01 10:27:48] reading B: links=127 link_bytes=4261412864 alloc=4133511168 idx=127/2286 Failures= WARN=8 created=129 forbidden=2
[2026-10-01 10:27:53] reading B: links=127 link_bytes=4261412864 alloc=4133511168 idx=127/2286 Failures= WARN=8 created=130 forbidden=3
[2026-10-01 10:27:58] reading B: links=127 link_bytes=4261412864 alloc=4133511168 idx=127/2286 Failures= WARN=9 created=130 forbidden=3
[2026-10-01 10:28:03] phase B_end
[2026-10-01 10:28:05] reading Bend: links=127 link_bytes=4261412864 alloc=4133511168 idx=127/2286 Failures=6168 WARN=9 created=130 forbidden=3
CDC stress B: Op rate                   :      100 op/s  [insert: 100 op/s]
CDC stress B: Total partitions          :      6,015 [insert: 6,015]
CDC stress B: Total errors              :      6,015 [insert: 6,015]
non-CDC stress B: Op rate                   :       10 op/s  [insert: 10 op/s]
non-CDC stress B: Total partitions          :        602 [insert: 602]
non-CDC stress B: Total errors              :          4 [insert: 4]
EXPECTED: non-CDC control: no errors — NO (recorded; the AI judges it in the results file)
EXPECTED: non-CDC control: wrote rows — yes
[2026-10-01 10:28:05] phase R_start
release: consumer pass deleted 127 links (L was 127 at B's end)
[2026-10-01 10:28:08] phase R_end
[2026-10-01 10:28:10] reading Rend: links=1 link_bytes=33554432 alloc=5984256 idx=0/0 Failures=6169 WARN=10 created=130 forbidden=3
release: accepted=1 after 2 attempt(s), 1576 ms from the consumer pass to the accepted write (release-probe.txt has each attempt)
EXPECTED: release: a CDC write was accepted within 30 s — yes
Cassandra has shutdown.
traces: segments created=131, created forbidden=3, 'Rejecting mutation' WARN entries in system.log=10, logged rejected writes (exception stacks)=6169, deleteOld lines=0, reject lines=62 (last n: 6101)
sampler: ticks=2270 max_links=127 max_link_bytes=4261412864 max_gap_ms=51 first_ms=1790871977268 last_ms=1790872090718
ERROR entries in system.log: 6169 (each rejected write logs one: 'Failed to apply mutation locally'); system.log 9.3M; DEBUG 'Freed up' lines in debug.log: 0
disk: 4.0G data/ ; 51G free
    | S=33554432  A=4294967296  k=128  blocking=True  exact multiple of S: True
    | 
    | 1. verdict formula  FORBIDDEN <=> blocking and S + pre.sip > A:  131 creations, 0 violations []
    | 
    | 2. each creation (links = files that existed just before it: counted from the earlier permitted creations in blocking mode, from the timeline otherwise)
    |    segment                      links pre.sip/S        pre.sip    lag bytes verdict   note
    |    -1790871938681.log               0   0.00              0            0 PERMITTED 
    |    -1790871938682.log               1   0.00              0     33554432 PERMITTED STALE: counter 1.00 segments low  [timeline says 0 links]
    |    -1790871938683.log               2   1.00       33554432     33554432 PERMITTED STALE: counter 1.00 segments low
    |    -1790871938684.log               3   2.00       67108864     33554432 PERMITTED STALE: counter 1.00 segments low
    |    -1790871938685.log               4   3.00      100663296     33554432 PERMITTED STALE: counter 1.00 segments low
    |    -1790871938686.log               5   4.00      134217728     33554432 PERMITTED STALE: counter 1.00 segments low
    |    -1790871938687.log               6   5.00      167772178     33554414 PERMITTED STALE: counter 1.00 segments low
    |    -1790871938688.log               7   6.00      201326610     33554414 PERMITTED STALE: counter 1.00 segments low
    |    -1790871938689.log               8   7.00      234881042     33554414 PERMITTED STALE: counter 1.00 segments low
    |    -1790871938690.log               9   8.00      268435474     33554414 PERMITTED STALE: counter 1.00 segments low
    |    -1790871938691.log              10  10.00      335544428         -108 PERMITTED 
    |    -1790871938692.log              11  11.00      369098860         -108 PERMITTED 
    |    -1790871938693.log              12  12.00      402653292         -108 PERMITTED 
    |    -1790871938694.log              13  13.00      436207760         -144 PERMITTED 
    |    -1790871938695.log              14  14.00      469762192         -144 PERMITTED 
    |    -1790871938696.log              15  15.00      503316624         -144 PERMITTED 
    |    -1790871938697.log              16  16.00      536871056         -144 PERMITTED 
    |    -1790871938698.log              17  17.00      570425524         -180 PERMITTED 
    |    -1790871938699.log              18  18.00      603979956         -180 PERMITTED 
    |    -1790871938700.log              19  19.00      637534388         -180 PERMITTED 
    |    -1790871938701.log              20  20.00      671088820         -180 PERMITTED 
    |    -1790871938702.log              21  21.00      704643252         -180 PERMITTED 
    |    -1790871938703.log              22  22.00      738197684         -180 PERMITTED 
    |    -1790871938704.log              23  23.00      771752116         -180 PERMITTED 
    |    -1790871938705.log              24  24.00      805306620         -252 PERMITTED 
    |    -1790871938706.log              25  25.00      838861052         -252 PERMITTED 
    |    -1790871938707.log              26  26.00      872415484         -252 PERMITTED 
    |    -1790871938708.log              27  27.00      905969916         -252 PERMITTED 
    |    -1790871938709.log              28  28.00      939524438         -342 PERMITTED 
    |    -1790871938710.log              29  29.00      973078870         -342 PERMITTED 
    |    -1790871938711.log              30  30.00     1006633302         -342 PERMITTED 
    |    -1790871938712.log              31  31.00     1040187734         -342 PERMITTED 
    |    -1790871938713.log              32  32.00     1073742166         -342 PERMITTED 
    |    -1790871938714.log              33  33.00     1107296598         -342 PERMITTED 
    |    -1790871938715.log              34  34.00     1140851030         -342 PERMITTED 
    |    -1790871938716.log              35  35.00     1174405462         -342 PERMITTED 
    |    -1790871938717.log              36  36.00     1207959894         -342 PERMITTED 
    |    -1790871938718.log              37  37.00     1241514380         -396 PERMITTED 
    |    -1790871938719.log              38  38.00     1275068812         -396 PERMITTED 
    |    -1790871938720.log              39  39.00     1308623244         -396 PERMITTED 
    |    -1790871938721.log              40  40.00     1342177676         -396 PERMITTED 
    |    -1790871938722.log              41  41.00     1375732144         -432 PERMITTED 
    |    -1790871938723.log              42  42.00     1409286576         -432 PERMITTED 
    |    -1790871938724.log              43  43.00     1442841008         -432 PERMITTED 
    |    -1790871938725.log              44  44.00     1476395440         -432 PERMITTED 
    |    -1790871938726.log              45  45.00     1509949872         -432 PERMITTED 
    |    -1790871938727.log              46  46.00     1543504304         -432 PERMITTED 
    |    -1790871938728.log              47  47.00     1577058736         -432 PERMITTED 
    |    -1790871938729.log              48  48.00     1610613168         -432 PERMITTED 
    |    -1790871938730.log              49  49.00     1644167600         -432 PERMITTED 
    |    -1790871938731.log              50  50.00     1677722032         -432 PERMITTED 
    |    -1790871938732.log              51  51.00     1711276464         -432 PERMITTED 
    |    -1790871938733.log              52  52.00     1744830896         -432 PERMITTED 
    |    -1790871938734.log              53  53.00     1778385328         -432 PERMITTED 
    |    -1790871938735.log              54  54.00     1811939760         -432 PERMITTED 
    |    -1790871938736.log              55  55.00     1845494192         -432 PERMITTED 
    |    -1790871938737.log              56  56.00     1879048624         -432 PERMITTED 
    |    -1790871938738.log              57  57.00     1912603056         -432 PERMITTED 
    |    -1790871938739.log              58  58.00     1946157488         -432 PERMITTED 
    |    -1790871938740.log              59  59.00     1979711920         -432 PERMITTED 
    |    -1790871938741.log              60  60.00     2013266352         -432 PERMITTED 
    |    -1790871938742.log              61  61.00     2046820784         -432 PERMITTED 
    |    -1790871938743.log              62  62.00     2080375216         -432 PERMITTED 
    |    -1790871938744.log              63  63.00     2113929648         -432 PERMITTED 
    |    -1790871938745.log              64  64.00     2147484080         -432 PERMITTED 
    |    -1790871938746.log              65  65.00     2181038512         -432 PERMITTED 
    |    -1790871938747.log              66  66.00     2214592944         -432 PERMITTED 
    |    -1790871938748.log              67  67.00     2248147376         -432 PERMITTED 
    |    -1790871938749.log              68  68.00     2281701808         -432 PERMITTED 
    |    -1790871938750.log              69  69.00     2315256240         -432 PERMITTED 
    |    -1790871938751.log              70  70.00     2348810672         -432 PERMITTED 
    |    -1790871938752.log              71  71.00     2382365104         -432 PERMITTED 
    |    -1790871938753.log              72  72.00     2415919734         -630 PERMITTED 
    |    -1790871938754.log              73  73.00     2449474166         -630 PERMITTED 
    |    -1790871938755.log              74  74.00     2483028598         -630 PERMITTED 
    |    -1790871938756.log              75  75.00     2516583030         -630 PERMITTED 
    |    -1790871938757.log              76  76.00     2550137462         -630 PERMITTED 
    |    -1790871938758.log              77  77.00     2583691894         -630 PERMITTED 
    |    -1790871938759.log              78  78.00     2617246326         -630 PERMITTED 
    |    -1790871938760.log              79  79.00     2650800758         -630 PERMITTED 
    |    -1790871938761.log              80  80.00     2684355190         -630 PERMITTED 
    |    -1790871938762.log              81  81.00     2717909622         -630 PERMITTED 
    |    -1790871938763.log              82  82.00     2751464054         -630 PERMITTED 
    |    -1790871938764.log              83  83.00     2785018486         -630 PERMITTED 
    |    -1790871938765.log              84  84.00     2818572918         -630 PERMITTED 
    |    -1790871938766.log              85  85.00     2852127350         -630 PERMITTED 
    |    -1790871938767.log              86  86.00     2885681782         -630 PERMITTED 
    |    -1790871938768.log              87  87.00     2919236214         -630 PERMITTED 
    |    -1790871938769.log              88  88.00     2952790646         -630 PERMITTED 
    |    -1790871938770.log              89  89.00     2986345078         -630 PERMITTED 
    |    -1790871938771.log              90  90.00     3019899510         -630 PERMITTED 
    |    -1790871938772.log              91  91.00     3053453942         -630 PERMITTED 
    |    -1790871938773.log              92  92.00     3087008374         -630 PERMITTED 
    |    -1790871938774.log              93  93.00     3120562806         -630 PERMITTED 
    |    -1790871938775.log              94  94.00     3154117238         -630 PERMITTED 
    |    -1790871938776.log              95  95.00     3187671670         -630 PERMITTED 
    |    -1790871938777.log              96  96.00     3221226102         -630 PERMITTED 
    |    -1790871938778.log              97  97.00     3254780534         -630 PERMITTED 
    |    -1790871938779.log              98  98.00     3288334966         -630 PERMITTED 
    |    -1790871938780.log              99  99.00     3321889398         -630 PERMITTED 
    |    -1790871938781.log             100 100.00     3355443830         -630 PERMITTED 
    |    -1790871938782.log             101 101.00     3388998262         -630 PERMITTED 
    |    -1790871938783.log             102 102.00     3422552694         -630 PERMITTED 
    |    -1790871938784.log             103 103.00     3456107126         -630 PERMITTED 
    |    -1790871938785.log             104 104.00     3489661558         -630 PERMITTED 
    |    -1790871938786.log             105 105.00     3523215990         -630 PERMITTED 
    |    -1790871938787.log             106 106.00     3556770422         -630 PERMITTED 
    |    -1790871938788.log             107 107.00     3590324854         -630 PERMITTED 
    |    -1790871938789.log             108 108.00     3623879286         -630 PERMITTED 
    |    -1790871938790.log             109 109.00     3657433718         -630 PERMITTED 
    |    -1790871938791.log             110 110.00     3690988150         -630 PERMITTED 
    |    -1790871938792.log             111 111.00     3724542582         -630 PERMITTED 
    |    -1790871938793.log             112 112.00     3758097014         -630 PERMITTED 
    |    -1790871938794.log             113 113.00     3791651446         -630 PERMITTED 
    |    -1790871938795.log             114 114.00     3825205878         -630 PERMITTED 
    |    -1790871938796.log             115 115.00     3858760310         -630 PERMITTED 
    |    -1790871938797.log             116 116.00     3892314742         -630 PERMITTED 
    |    -1790871938798.log             117 117.00     3925869174         -630 PERMITTED 
    |    -1790871938799.log             118 118.00     3959423606         -630 PERMITTED 
    |    -1790871938800.log             119 119.00     3992978038         -630 PERMITTED 
    |    -1790871938801.log             120 120.00     4026532470         -630 PERMITTED 
    |    -1790871938802.log             121 121.00     4060086902         -630 PERMITTED 
    |    -1790871938803.log             122 122.00     4093641334         -630 PERMITTED 
    |    -1790871938804.log             123 123.00     4127195766         -630 PERMITTED 
    |    -1790871938805.log             124 124.00     4160750198         -630 PERMITTED 
    |    -1790871938806.log             125 125.00     4194304630         -630 PERMITTED 
    |    -1790871938807.log             126 126.00     4227859062         -630 PERMITTED 
    |    -1790871938808.log             127 127.00     4261413494         -630 FORBIDDEN 
    |    -1790871938809.log             127 127.00     4261413494         -630 FORBIDDEN 
    |    -1790871938810.log             127 127.00     4261415150        -2286 FORBIDDEN 
    |    -1790871938811.log               1   1.00       33554432            0 PERMITTED 
    |    stale (lag >= S/2) among 131 unambiguous creations: 9
    | 
    | 3. creations that made a link beyond k = 128
    |    none
    | 
    | 4. link timeline: peak L = 127 before the first removal  (from the events; same-tick ordering can inflate it by 1, the CSV is exact)
    |    first rejection traced at 1790872010927: L = 127; rejection lines traced: 62, rejections counted up to the last: 6101
    | 
    | 5. sampler CSV: 2270 ticks, max gap 51 ms
    |    ticks where the link bytes were not exactly L x S: 0
    |    idle_end                     L=2    link_bytes=67108864     (2.00 S)  allocated=69632        idx=0/0
    |    A_first_rejection            L=127  link_bytes=4261412864   (127.00 S)  allocated=4133511168   idx=35/630
    |    A_end                        L=127  link_bytes=4261412864   (127.00 S)  allocated=4133511168   idx=35/630
    |    B_end                        L=127  link_bytes=4261412864   (127.00 S)  allocated=4133511168   idx=127/2286
    |    R_start                      L=127  link_bytes=4261412864   (127.00 S)  allocated=4133511168   idx=127/2286
    |    R_end                        L=1    link_bytes=33554432     (1.00 S)  allocated=5984256      idx=0/0
    |    B window: peak L=127, min L=127, plateau (median over its last 20 s) L=127.0, bytes at peak=4261412864
    |    peak L over the whole run: 127 (4261412864 bytes = 127.00 S)
    | 
    | 6. ceiling attribution (blocking): permitted creations = 128, k = 128, links made beyond k = 0
    |    each beyond-k link made while `S + counter <= A` but `S + files > A` (stale counter): n/a, none beyond k
    |    exact multiple: creations forbidden with k - 1 links and a counter above (k - 1) * S (the index-file bytes): [('-1790871938808.log', 630), ('-1790871938809.log', 630), ('-1790871938810.log', 
RESULT value bdef: finished at 1790872113355
