[2026-09-30 13:39:34] script: /users/jason92/stage4-harness-run/unit-run.sh
[2026-09-30 13:39:34] host: node0.jason92-317394.misconfiguration-pg0.cloudlab.umass.edu; kernel: 5.15.0-187-generic; cores: 40
[2026-09-30 13:39:34] + java -version
openjdk version "11.0.32.1" 2026-08-18
OpenJDK Runtime Environment (build 11.0.32.1+1-post-1ubuntu1-22.04-Ubuntu)
OpenJDK 64-Bit Server VM (build 11.0.32.1+1-post-1ubuntu1-22.04-Ubuntu, mixed mode, sharing)
[2026-09-30 13:39:34]   rc=0
[2026-09-30 13:39:34] + ant -version
Apache Ant(TM) version 1.10.12 compiled on January 17 1970
[2026-09-30 13:39:35]   rc=0
[2026-09-30 13:39:35] clone HEAD: b5f2a54210d541339c2e7c17a794195cac0e67c2; describe: cassandra-5.0.9
[2026-09-30 13:39:35] clone status:
 M conf/cassandra.yaml
?? test/unit/org/apache/cassandra/hints/HintsPoolCeilingTest.java
?? test/unit/org/apache/cassandra/utils/memory/HeapPoolTest.java
[2026-09-30 13:39:35] harness copy: /users/jason92/stage4-harness-run/hints
HintsPoolCeilingTest.java: OK
hints-pool.btm: OK
hold-flush.btm: OK
[2026-09-30 13:39:35] + cp /users/jason92/stage4-harness-run/hints/HintsPoolCeilingTest.java test/unit/org/apache/cassandra/hints/HintsPoolCeilingTest.java
[2026-09-30 13:39:35]   rc=0
d9447f01fa431b496f87073e53c1d3ef0157df8b624cb09e6fe367c3a2286854  /users/jason92/stage4-harness-run/hints/HintsPoolCeilingTest.java
d9447f01fa431b496f87073e53c1d3ef0157df8b624cb09e6fe367c3a2286854  test/unit/org/apache/cassandra/hints/HintsPoolCeilingTest.java
[2026-09-30 13:39:35] === upstream-n2: org.apache.cassandra.hints.HintsBufferPoolTest, JVM args: -Dcassandra.MAX_HINT_BUFFERS=2
[2026-09-30 13:39:35] + ant testsome -Dtest.name=org.apache.cassandra.hints.HintsBufferPoolTest -Dtest.jvm.args="-Dcassandra.MAX_HINT_BUFFERS=2" > /users/jason92/stage4-logs/hints/unit/upstream-n2/ant.txt
[2026-09-30 13:39:54]   rc=0 (330 lines in /users/jason92/stage4-logs/hints/unit/upstream-n2/ant.txt)
_get-git-sha:
     [echo] git.sha=b5f2a54210d541339c2e7c17a794195cac0e67c2-dirty
[junit-timeout] Testsuite: org.apache.cassandra.hints.HintsBufferPoolTest-_jdk11 Tests run: 1, Failures: 0, Errors: 0, Skipped: 0, Time elapsed: 4.489 sec
BUILD SUCCESSFUL
upstream-n2 ant_exit=0 tests=1 failures=0 errors=0
[2026-09-30 13:39:54] === upstream-n3: org.apache.cassandra.hints.HintsBufferPoolTest, JVM args: -Dcassandra.MAX_HINT_BUFFERS=3
[2026-09-30 13:39:54] + ant testsome -Dtest.name=org.apache.cassandra.hints.HintsBufferPoolTest -Dtest.jvm.args="-Dcassandra.MAX_HINT_BUFFERS=3" > /users/jason92/stage4-logs/hints/unit/upstream-n3/ant.txt
[2026-09-30 13:40:13]   rc=0 (329 lines in /users/jason92/stage4-logs/hints/unit/upstream-n3/ant.txt)
_get-git-sha:
     [echo] git.sha=b5f2a54210d541339c2e7c17a794195cac0e67c2-dirty
[junit-timeout] Testsuite: org.apache.cassandra.hints.HintsBufferPoolTest-_jdk11 Tests run: 1, Failures: 0, Errors: 0, Skipped: 0, Time elapsed: 4.467 sec
BUILD SUCCESSFUL
upstream-n3 ant_exit=0 tests=1 failures=0 errors=0
[2026-09-30 13:40:13] === upstream-n6: org.apache.cassandra.hints.HintsBufferPoolTest, JVM args: -Dcassandra.MAX_HINT_BUFFERS=6
[2026-09-30 13:40:13] + ant testsome -Dtest.name=org.apache.cassandra.hints.HintsBufferPoolTest -Dtest.jvm.args="-Dcassandra.MAX_HINT_BUFFERS=6" > /users/jason92/stage4-logs/hints/unit/upstream-n6/ant.txt
[2026-09-30 13:40:32]   rc=0 (329 lines in /users/jason92/stage4-logs/hints/unit/upstream-n6/ant.txt)
_get-git-sha:
     [echo] git.sha=b5f2a54210d541339c2e7c17a794195cac0e67c2-dirty
[junit-timeout] Testsuite: org.apache.cassandra.hints.HintsBufferPoolTest-_jdk11 Tests run: 1, Failures: 0, Errors: 0, Skipped: 0, Time elapsed: 4.542 sec
BUILD SUCCESSFUL
upstream-n6 ant_exit=0 tests=1 failures=0 errors=0
[2026-09-30 13:40:32] === ceiling-n2-1MiB: org.apache.cassandra.hints.HintsPoolCeilingTest, JVM args: -Dcassandra.MAX_HINT_BUFFERS=2 -Dstage4.hints.bufferSize=1048576 -Dstage4.unit.out=/users/jason92/stage4-logs/hints/unit/ceiling-n2-1MiB/stage4.txt
[2026-09-30 13:40:32] + ant testsome -Dtest.name=org.apache.cassandra.hints.HintsPoolCeilingTest -Dtest.jvm.args="-Dcassandra.MAX_HINT_BUFFERS=2 -Dstage4.hints.bufferSize=1048576 -Dstage4.unit.out=/users/jason92/stage4-logs/hints/unit/ceiling-n2-1MiB/stage4.txt" > /users/jason92/stage4-logs/hints/unit/ceiling-n2-1MiB/ant.txt
[2026-09-30 13:40:55]   rc=0 (338 lines in /users/jason92/stage4-logs/hints/unit/ceiling-n2-1MiB/ant.txt)
_get-git-sha:
     [echo] git.sha=b5f2a54210d541339c2e7c17a794195cac0e67c2-dirty
[junit-timeout] Testsuite: org.apache.cassandra.hints.HintsPoolCeilingTest-_jdk11 Tests run: 1, Failures: 0, Errors: 0, Skipped: 0, Time elapsed: 8.92 sec
BUILD SUCCESSFUL
[2026-09-30 13:40:55] test's own readings (/users/jason92/stage4-logs/hints/unit/ceiling-n2-1MiB/stage4.txt):
    | unit start
    | unit directBaseline count=15 used=267010
    | unit directChange count=15 used=267010 written=0
    | unit directChange count=16 used=1315586 written=43
    | unit directChange count=17 used=2364162 written=13537
    | unit n=2 bufferSize=1048576 hintsToWrite=67217 entrySize=78
    | unit parkedAt=java.base@11.0.32.1/java.util.concurrent.LinkedBlockingQueue.take(LinkedBlockingQueue.java:433) (HintsBufferPool.switchCurrentBuffer)
    | unit atWait allocatedBuffers=2 queued=1 written=26886 countDelta=2 usedDelta=2097152
    | unit after2s allocatedBuffers=2 queued=1 written=26886 countDelta=2 usedDelta=2097152
    | unit afterOneRecycle allocatedBuffers=2 queued=1 written=40329 countDelta=2 usedDelta=2097152
    | unit atEnd allocatedBuffers=2 queued=0 written=67217 countDelta=2 usedDelta=2097152 hintsCounted=67217
    | unit PASS n=2 bufferSize=1048576
ceiling-n2-1MiB ant_exit=0 tests=1 failures=0 errors=0
[2026-09-30 13:40:55] === ceiling-n3-1MiB: org.apache.cassandra.hints.HintsPoolCeilingTest, JVM args: -Dcassandra.MAX_HINT_BUFFERS=3 -Dstage4.hints.bufferSize=1048576 -Dstage4.unit.out=/users/jason92/stage4-logs/hints/unit/ceiling-n3-1MiB/stage4.txt
[2026-09-30 13:40:55] + ant testsome -Dtest.name=org.apache.cassandra.hints.HintsPoolCeilingTest -Dtest.jvm.args="-Dcassandra.MAX_HINT_BUFFERS=3 -Dstage4.hints.bufferSize=1048576 -Dstage4.unit.out=/users/jason92/stage4-logs/hints/unit/ceiling-n3-1MiB/stage4.txt" > /users/jason92/stage4-logs/hints/unit/ceiling-n3-1MiB/ant.txt
[2026-09-30 13:41:19]   rc=0 (339 lines in /users/jason92/stage4-logs/hints/unit/ceiling-n3-1MiB/ant.txt)
_get-git-sha:
     [echo] git.sha=b5f2a54210d541339c2e7c17a794195cac0e67c2-dirty
[junit-timeout] Testsuite: org.apache.cassandra.hints.HintsPoolCeilingTest-_jdk11 Tests run: 1, Failures: 0, Errors: 0, Skipped: 0, Time elapsed: 9.262 sec
BUILD SUCCESSFUL
[2026-09-30 13:41:19] test's own readings (/users/jason92/stage4-logs/hints/unit/ceiling-n3-1MiB/stage4.txt):
    | unit start
    | unit directBaseline count=15 used=267010
    | unit directChange count=15 used=267010 written=0
    | unit directChange count=16 used=1315586 written=79
    | unit directChange count=17 used=2364162 written=13829
    | unit directChange count=18 used=3412738 written=26905
    | unit n=3 bufferSize=1048576 hintsToWrite=80660 entrySize=78
    | unit parkedAt=java.base@11.0.32.1/java.util.concurrent.LinkedBlockingQueue.take(LinkedBlockingQueue.java:433) (HintsBufferPool.switchCurrentBuffer)
    | unit atWait allocatedBuffers=3 queued=2 written=40329 countDelta=3 usedDelta=3145728
    | unit after2s allocatedBuffers=3 queued=2 written=40329 countDelta=3 usedDelta=3145728
    | unit afterOneRecycle allocatedBuffers=3 queued=2 written=53772 countDelta=3 usedDelta=3145728
    | unit atEnd allocatedBuffers=3 queued=0 written=80660 countDelta=3 usedDelta=3145728 hintsCounted=80660
    | unit PASS n=3 bufferSize=1048576
ceiling-n3-1MiB ant_exit=0 tests=1 failures=0 errors=0
[2026-09-30 13:41:19] === ceiling-n6-1MiB: org.apache.cassandra.hints.HintsPoolCeilingTest, JVM args: -Dcassandra.MAX_HINT_BUFFERS=6 -Dstage4.hints.bufferSize=1048576 -Dstage4.unit.out=/users/jason92/stage4-logs/hints/unit/ceiling-n6-1MiB/stage4.txt
[2026-09-30 13:41:19] + ant testsome -Dtest.name=org.apache.cassandra.hints.HintsPoolCeilingTest -Dtest.jvm.args="-Dcassandra.MAX_HINT_BUFFERS=6 -Dstage4.hints.bufferSize=1048576 -Dstage4.unit.out=/users/jason92/stage4-logs/hints/unit/ceiling-n6-1MiB/stage4.txt" > /users/jason92/stage4-logs/hints/unit/ceiling-n6-1MiB/ant.txt
[2026-09-30 13:41:42]   rc=0 (342 lines in /users/jason92/stage4-logs/hints/unit/ceiling-n6-1MiB/ant.txt)
_get-git-sha:
     [echo] git.sha=b5f2a54210d541339c2e7c17a794195cac0e67c2-dirty
[junit-timeout] Testsuite: org.apache.cassandra.hints.HintsPoolCeilingTest-_jdk11 Tests run: 1, Failures: 0, Errors: 0, Skipped: 0, Time elapsed: 9.24 sec
BUILD SUCCESSFUL
[2026-09-30 13:41:42] test's own readings (/users/jason92/stage4-logs/hints/unit/ceiling-n6-1MiB/stage4.txt):
    | unit start
    | unit directBaseline count=15 used=267010
    | unit directChange count=15 used=267010 written=0
    | unit directChange count=16 used=1315586 written=42
    | unit directChange count=17 used=2364162 written=13778
    | unit directChange count=18 used=3412738 written=27127
    | unit directChange count=19 used=4461314 written=40405
    | unit directChange count=20 used=5509890 written=55185
    | unit directChange count=21 used=6558466 written=70404
    | unit n=6 bufferSize=1048576 hintsToWrite=120990 entrySize=78
    | unit parkedAt=java.base@11.0.32.1/java.util.concurrent.LinkedBlockingQueue.take(LinkedBlockingQueue.java:433) (HintsBufferPool.switchCurrentBuffer)
    | unit atWait allocatedBuffers=6 queued=5 written=80658 countDelta=6 usedDelta=6291456
    | unit after2s allocatedBuffers=6 queued=5 written=80658 countDelta=6 usedDelta=6291456
    | unit afterOneRecycle allocatedBuffers=6 queued=5 written=94101 countDelta=6 usedDelta=6291456
    | unit atEnd allocatedBuffers=6 queued=0 written=120990 countDelta=6 usedDelta=6291456 hintsCounted=120990
    | unit PASS n=6 bufferSize=1048576
ceiling-n6-1MiB ant_exit=0 tests=1 failures=0 errors=0
[2026-09-30 13:41:42] === ceiling-n3-2MiB: org.apache.cassandra.hints.HintsPoolCeilingTest, JVM args: -Dcassandra.MAX_HINT_BUFFERS=3 -Dstage4.hints.bufferSize=2097152 -Dstage4.unit.out=/users/jason92/stage4-logs/hints/unit/ceiling-n3-2MiB/stage4.txt
[2026-09-30 13:41:42] + ant testsome -Dtest.name=org.apache.cassandra.hints.HintsPoolCeilingTest -Dtest.jvm.args="-Dcassandra.MAX_HINT_BUFFERS=3 -Dstage4.hints.bufferSize=2097152 -Dstage4.unit.out=/users/jason92/stage4-logs/hints/unit/ceiling-n3-2MiB/stage4.txt" > /users/jason92/stage4-logs/hints/unit/ceiling-n3-2MiB/ant.txt
[2026-09-30 13:42:06]   rc=0 (339 lines in /users/jason92/stage4-logs/hints/unit/ceiling-n3-2MiB/ant.txt)
_get-git-sha:
     [echo] git.sha=b5f2a54210d541339c2e7c17a794195cac0e67c2-dirty
[junit-timeout] Testsuite: org.apache.cassandra.hints.HintsPoolCeilingTest-_jdk11 Tests run: 1, Failures: 0, Errors: 0, Skipped: 0, Time elapsed: 9.376 sec
BUILD SUCCESSFUL
[2026-09-30 13:42:06] test's own readings (/users/jason92/stage4-logs/hints/unit/ceiling-n3-2MiB/stage4.txt):
    | unit start
    | unit directBaseline count=15 used=267010
    | unit directChange count=15 used=267010 written=0
    | unit directChange count=16 used=2364162 written=49
    | unit directChange count=17 used=4461314 written=27385
    | unit directChange count=18 used=6558466 written=54747
    | unit n=3 bufferSize=2097152 hintsToWrite=161320 entrySize=78
    | unit parkedAt=java.base@11.0.32.1/java.util.concurrent.LinkedBlockingQueue.take(LinkedBlockingQueue.java:433) (HintsBufferPool.switchCurrentBuffer)
    | unit atWait allocatedBuffers=3 queued=2 written=80658 countDelta=3 usedDelta=6291456
    | unit after2s allocatedBuffers=3 queued=2 written=80658 countDelta=3 usedDelta=6291456
    | unit afterOneRecycle allocatedBuffers=3 queued=2 written=107544 countDelta=3 usedDelta=6291456
    | unit atEnd allocatedBuffers=3 queued=0 written=161320 countDelta=3 usedDelta=6291456 hintsCounted=161320
    | unit PASS n=3 bufferSize=2097152
ceiling-n3-2MiB ant_exit=0 tests=1 failures=0 errors=0
[2026-09-30 13:42:06] SUMMARY (/users/jason92/stage4-logs/hints/unit/summary.txt):
upstream-n2 ant_exit=0 tests=1 failures=0 errors=0
upstream-n3 ant_exit=0 tests=1 failures=0 errors=0
upstream-n6 ant_exit=0 tests=1 failures=0 errors=0
ceiling-n2-1MiB ant_exit=0 tests=1 failures=0 errors=0
ceiling-n3-1MiB ant_exit=0 tests=1 failures=0 errors=0
ceiling-n6-1MiB ant_exit=0 tests=1 failures=0 errors=0
ceiling-n3-2MiB ant_exit=0 tests=1 failures=0 errors=0
[2026-09-30 13:42:06] done; any test failed: 0
