[2026-10-01 10:17:11] script: ./cluster-run.sh value b144; host: node0.jason92-318546.misconfiguration-pg0.cloudlab.umass.edu; label: b144
== b144: cdc_total_space=144MiB commitlog_segment_size=32MiB mode=blocking kind=normal; stress threads=16, B throttle 100/s
[2026-10-01 10:17:11] CHECK PASS: no CassandraDaemon running
[2026-10-01 10:17:11] CHECK PASS: ports 7199/9042/9091 free
[2026-10-01 10:17:11] CHECK PASS: local disk has >= 25 GB free
[2026-10-01 10:17:11] CHECK PASS: the clone is at cassandra-5.0.9
CdcTotalSpaceCeilingTest.java: OK
cdc-verdict.btm: OK
cdc-sampler.py: OK
cdc-consumer.sh: OK
cdc-analyze.py: OK
cdc-rows.yaml: OK
plain-rows.yaml: OK
[2026-10-01 10:17:11] CHECK PASS: python3 and cqlsh are available
yaml diff: -cdc_enabled: false|+cdc_enabled: true|+cdc_total_space: 144MiB|
[2026-10-01 10:17:11] CHECK PASS: yaml diff adds 2 lines
[2026-10-01 10:17:11] + mv logs /users/jason92/stage4-logs/cdc/cluster/logs.before-b144.1790871431
[2026-10-01 10:17:11]   rc=0
JVM_EXTRA_OPTS=-Dstage4.byteman.out=/users/jason92/stage4-logs/cdc/cluster/b144/cdc-verdict.txt -javaagent:/users/jason92/cassandra-run1/build/lib/jars/byteman-4.0.20.jar=script:/users/jason92/stage4-harness-run/cdc/cdc-verdict.btm,listener:true
[2026-10-01 10:17:11] + JVM_EXTRA_OPTS=... bin/cassandra -p cassandra.pid > /users/jason92/stage4-logs/cdc/cluster/b144/stdout.txt 2>&1
node pid 62750, up at 1790871476228 (after 17s)
    | # File /users/jason92/stage4-harness-run/cdc/cdc-verdict.btm line 59
    | RULE cdc write rejected
    | CLASS org.apache.cassandra.exceptions.CDCWriteException
    | METHOD <init>
    | NOCOMPILE
    | AT ENTRY
    | BIND n : int = incrementCounter("stage4.cdcReject")
    | IF n % 100 == 1
    | DO traceOpen("cdcVerdict", java.lang.System.getProperty("stage4.byteman.out", "cdc-verdict.txt"));
    | traceln("cdcVerdict", "reject n=" + n + " ms=" + java.lang.System.currentTimeMillis() + " msg=" + $1)
    | ENDRULE
    | Transformed in:
    | loader: jdk.internal.loader.ClassLoaders$AppClassLoader@3d4eac69
    | trigger method: org.apache.cassandra.exceptions.CDCWriteException.<init>(java.lang.String) void
    | # File /users/jason92/stage4-harness-run/cdc/cdc-verdict.btm line 41
    | RULE cdc verdict, state after
    | CLASS org.apache.cassandra.db.commitlog.CommitLogSegmentManagerCDC$CDCSizeTracker
    | METHOD processNewSegment
    | NOCOMPILE
    | AT EXIT
    | IF true
    | DO traceOpen("cdcVerdict", java.lang.System.getProperty("stage4.byteman.out", "cdc-verdict.txt"));
    | traceln("cdcVerdict", "post seg=" + $1.logFile.name() + " state=" + $1.getCDCState() + " sip=" + $0.sizeInProgress.get() + " ms=" + java.lang.System.currentTimeMillis())
    | ENDRULE
    | Transformed in:
    | loader: jdk.internal.loader.ClassLoaders$AppClassLoader@3d4eac69
    | trigger method: org.apache.cassandra.db.commitlog.CommitLogSegmentManagerCDC$CDCSizeTracker.processNewSegment(org.apache.cassandra.db.commitlog.CommitLogSegment) void
    | compiled successfully
    | # File /users/jason92/stage4-harness-run/cdc/cdc-verdict.btm line 32
    | RULE cdc verdict, counter before
    | CLASS org.apache.cassandra.db.commitlog.CommitLogSegmentManagerCDC$CDCSizeTracker
    | METHOD processNewSegment
    | NOCOMPILE
    | AT ENTRY
    | IF true
    | DO traceOpen("cdcVerdict", java.lang.System.getProperty("stage4.byteman.out", "cdc-verdict.txt"));
    | traceln("cdcVerdict", "pre seg=" + $1.logFile.name() + " sip=" + $0.sizeInProgress.get() + " allowance=" + org.apache.cassandra.config.DatabaseDescriptor.getCDCTotalSpace() + " segSize=" + org.apache.cassandra.config.DatabaseDescriptor.getCommitLogSegmentSize() + " blocking=" + org.apache.cassandra.config.DatabaseDescriptor.getCDCBlockWrites() + " ms=" + java.lang.System.currentTimeMillis())
    | ENDRULE
    | Transformed in:
    | loader: jdk.internal.loader.ClassLoaders$AppClassLoader@3d4eac69
[2026-10-01 10:17:56] CHECK PASS: Submit -l lists CDCSizeTracker.processNewSegment
[2026-10-01 10:17:56] CHECK PASS: Submit -l lists deleteOldLinkedCDCCommitLogSegment
[2026-10-01 10:17:56] CHECK PASS: Submit -l lists CDCWriteException
    | 
    |  name                   | value
    | ------------------------+---------------------
    |        cdc_block_writes |                true
    |             cdc_enabled |                true
    |       cdc_raw_directory | bin/../data/cdc_raw
    |         cdc_total_space |              144MiB
    |  commitlog_segment_size |               32MiB
    | 
    | (5 rows)
settings read back: cdc_total_space=144MiB commitlog_segment_size=32MiB cdc_enabled=true cdc_block_writes=true
k = floor(144 / 32) = 4; exact multiple: no
[2026-10-01 10:17:57] CHECK PASS: cdc_total_space read back as 144
[2026-10-01 10:17:57] CHECK PASS: commitlog_segment_size read back as 32
[2026-10-01 10:17:57] CHECK PASS: data/cdc_raw exists
[2026-10-01 10:17:58] phase idle_start
[2026-10-01 10:18:13] phase idle_end
[2026-10-01 10:18:14] reading idle: links=2 link_bytes=67108864 alloc=69632 idx=0/0 Failures=0 WARN=0 created=2 forbidden=0
EXPECTED: idle floor is min(k, 2) = 2 links — yes
[2026-10-01 10:18:14] + bin/cqlsh -e "CREATE KEYSPACE IF NOT EXISTS stage4cdc WITH replication = {'class': 'SimpleStrategy', 'replication_factor': 1}; CREATE TABLE IF NOT EXISTS stage4cdc.cdc_rows (id bigint, payload blob, PRIMARY KEY (id)) WITH cdc = true; CREATE TABLE IF NOT EXISTS stage4cdc.plain_rows (id bigint, payload blob, PRIMARY KEY (id)) WITH cdc = false;"
[2026-10-01 10:18:17] CHECK PASS: both tables exist
[2026-10-01 10:18:17] phase A_start
[2026-10-01 10:18:17] + tools/bin/cassandra-stress user profile=/users/jason92/stage4-harness-run/cdc/cdc-rows.yaml "ops(insert=1)" n=1000000000 no-warmup -rate threads=16 -errors retries=0 ignore -node 127.0.0.1 > /users/jason92/stage4-logs/cdc/cluster/b144/stress-cdc-A.txt &
[2026-10-01 10:18:23] phase A_first_rejection
[2026-10-01 10:18:23] phase A_end
[2026-10-01 10:18:25] reading A: links=5 link_bytes=167772160 alloc=162799616 idx=5/90 Failures=289 WARN=2 created=7 forbidden=2
A: ended at 1790871505518, ~6 s after the start; stress A tail: |Operation x1 on key(s) [-612131971]: Error executing: (WriteFailureException): Cassandra failure during write query at consistency LOCAL_ONE (1 responses were required but only 0 replica responded, 1 failed)||
[2026-10-01 10:18:25] phase settle_start
[2026-10-01 10:18:26] phase settle_end
settle: a non-CDC write was accepted promptly after 1 attempt(s), 721 ms (settle-probe.txt)
EXPECTED: settle: the node took a non-CDC write promptly within 180 s — yes
[2026-10-01 10:18:26] phase B_start
[2026-10-01 10:18:26] + tools/bin/cassandra-stress user profile=/users/jason92/stage4-harness-run/cdc/cdc-rows.yaml "ops(insert=1)" duration=60s no-warmup -rate threads=16 throttle=100/s -errors retries=0 ignore -node 127.0.0.1 > /users/jason92/stage4-logs/cdc/cluster/b144/stress-cdc-B.txt &
[2026-10-01 10:18:26] + tools/bin/cassandra-stress user profile=/users/jason92/stage4-harness-run/cdc/plain-rows.yaml "ops(insert=1)" duration=60s no-warmup -rate threads=2 throttle=10/s -errors retries=0 ignore -node 127.0.0.1 > /users/jason92/stage4-logs/cdc/cluster/b144/stress-plain-B.txt &
[2026-10-01 10:18:26] reading B: links=5 link_bytes=167772160 alloc=162799616 idx=5/90 Failures= WARN=2 created=7 forbidden=2
[2026-10-01 10:18:31] reading B: links=5 link_bytes=167772160 alloc=162799616 idx=5/90 Failures= WARN=2 created=7 forbidden=2
[2026-10-01 10:18:36] reading B: links=5 link_bytes=167772160 alloc=162799616 idx=5/90 Failures= WARN=3 created=7 forbidden=2
[2026-10-01 10:18:41] reading B: links=5 link_bytes=167772160 alloc=162799616 idx=5/90 Failures= WARN=3 created=7 forbidden=2
[2026-10-01 10:18:46] reading B: links=5 link_bytes=167772160 alloc=162799616 idx=5/90 Failures= WARN=4 created=7 forbidden=2
[2026-10-01 10:18:51] reading B: links=5 link_bytes=167772160 alloc=162799616 idx=5/90 Failures= WARN=4 created=7 forbidden=2
[2026-10-01 10:18:56] reading B: links=5 link_bytes=167772160 alloc=162799616 idx=5/90 Failures= WARN=5 created=7 forbidden=2
[2026-10-01 10:19:01] reading B: links=5 link_bytes=167772160 alloc=162799616 idx=5/90 Failures= WARN=5 created=7 forbidden=2
[2026-10-01 10:19:06] reading B: links=5 link_bytes=167772160 alloc=162799616 idx=5/90 Failures= WARN=6 created=7 forbidden=2
[2026-10-01 10:19:11] reading B: links=5 link_bytes=167772160 alloc=162799616 idx=5/90 Failures= WARN=6 created=7 forbidden=2
[2026-10-01 10:19:16] reading B: links=5 link_bytes=167772160 alloc=162799616 idx=5/90 Failures= WARN=7 created=7 forbidden=2
[2026-10-01 10:19:21] reading B: links=5 link_bytes=167772160 alloc=162799616 idx=5/90 Failures= WARN=7 created=7 forbidden=2
[2026-10-01 10:19:26] reading B: links=5 link_bytes=167772160 alloc=162799616 idx=5/90 Failures= WARN=8 created=8 forbidden=3
[2026-10-01 10:19:31] reading B: links=5 link_bytes=167772160 alloc=162799616 idx=5/90 Failures= WARN=8 created=8 forbidden=3
[2026-10-01 10:19:36] phase B_end
[2026-10-01 10:19:38] reading Bend: links=5 link_bytes=167772160 alloc=162799616 idx=5/90 Failures=6304 WARN=8 created=8 forbidden=3
CDC stress B: Op rate                   :      100 op/s  [insert: 100 op/s]
CDC stress B: Total partitions          :      6,015 [insert: 6,015]
CDC stress B: Total errors              :      6,015 [insert: 6,015]
non-CDC stress B: Op rate                   :       10 op/s  [insert: 10 op/s]
non-CDC stress B: Total partitions          :        602 [insert: 602]
non-CDC stress B: Total errors              :          0 [insert: 0]
EXPECTED: non-CDC control: no errors — yes
EXPECTED: non-CDC control: wrote rows — yes
[2026-10-01 10:19:38] phase R_start
release: consumer pass deleted 5 links (L was 5 at B's end)
[2026-10-01 10:19:39] phase R_end
[2026-10-01 10:19:42] reading Rend: links=1 link_bytes=33554432 alloc=5984256 idx=0/0 Failures=6305 WARN=9 created=8 forbidden=3
release: accepted=1 after 2 attempt(s), 1588 ms from the consumer pass to the accepted write (release-probe.txt has each attempt)
EXPECTED: release: a CDC write was accepted within 30 s — yes
Cassandra has shutdown.
traces: segments created=9, created forbidden=3, 'Rejecting mutation' WARN entries in system.log=9, logged rejected writes (exception stacks)=6305, deleteOld lines=0, reject lines=64 (last n: 6301)
sampler: ticks=2102 max_links=5 max_link_bytes=167772160 max_gap_ms=51 first_ms=1790871477355 last_ms=1790871582405
ERROR entries in system.log: 6305 (each rejected write logs one: 'Failed to apply mutation locally'); system.log 9.6M; DEBUG 'Freed up' lines in debug.log: 0
disk: 201M data/ ; 55G free
    | S=33554432  A=150994944  k=4  blocking=True  exact multiple of S: False
    | 
    | 1. verdict formula  FORBIDDEN <=> blocking and S + pre.sip > A:  9 creations, 0 violations []
    | 
    | 2. each creation (links = files that existed just before it: counted from the earlier permitted creations in blocking mode, from the timeline otherwise)
    |    segment                      links pre.sip/S        pre.sip    lag bytes verdict   note
    |    -1790871438853.log               0   0.00              0            0 PERMITTED 
    |    -1790871438854.log               1   0.00              0     33554432 PERMITTED STALE: counter 1.00 segments low  [timeline says 0 links]
    |    -1790871438855.log               2   1.00       33554432     33554432 PERMITTED STALE: counter 1.00 segments low
    |    -1790871438856.log               3   2.00       67108864     33554432 PERMITTED STALE: counter 1.00 segments low
    |    -1790871438857.log               4   3.00      100663296     33554432 PERMITTED STALE: counter 1.00 segments low
    |    -1790871438858.log               5   4.00      134217728     33554432 FORBIDDEN STALE: counter 1.00 segments low
    |    -1790871438859.log               5   5.00      167772178          -18 FORBIDDEN 
    |    -1790871438860.log               5   5.00      167772250          -90 FORBIDDEN 
    |    -1790871438861.log               1   1.00       33554432            0 PERMITTED 
    |    stale (lag >= S/2) among 9 unambiguous creations: 5
    | 
    | 3. creations that made a link beyond k = 4
    |    -1790871438857.log: links before 4, counter 100663296 (3.00 S), S + counter <= A: True, S + files*S <= A: False  => stale counter let it through
    | 
    | 4. link timeline: peak L = 5 before the first removal  (from the events; same-tick ordering can inflate it by 1, the CSV is exact)
    |    first rejection traced at 1790871503663: L = 5; rejection lines traced: 64, rejections counted up to the last: 6301
    | 
    | 5. sampler CSV: 2102 ticks, max gap 51 ms
    |    ticks where the link bytes were not exactly L x S: 0
    |    idle_end                     L=2    link_bytes=67108864     (2.00 S)  allocated=69632        idx=0/0
    |    A_first_rejection            L=5    link_bytes=167772160    (5.00 S)  allocated=162799616    idx=5/90
    |    A_end                        L=5    link_bytes=167772160    (5.00 S)  allocated=162799616    idx=5/90
    |    B_end                        L=5    link_bytes=167772160    (5.00 S)  allocated=162799616    idx=5/90
    |    R_start                      L=5    link_bytes=167772160    (5.00 S)  allocated=162799616    idx=5/90
    |    R_end                        L=1    link_bytes=33554432     (1.00 S)  allocated=5984256      idx=0/0
    |    B window: peak L=5, min L=5, plateau (median over its last 20 s) L=5.0, bytes at peak=167772160
    |    peak L over the whole run: 5 (167772160 bytes = 5.00 S)
    | 
    | 6. ceiling attribution (blocking): permitted creations = 6, k = 4, links made beyond k = 1
    |    each beyond-k link made while `S + counter <= A` but `S + files > A` (stale counter): yes
RESULT value b144: finished at 1790871596396
