STAGE4 info sstables 1
STAGE4 info jvm 11.0.32.1 [-Dstorage-config=/users/jason92/cassandra-run1/test/conf, -Djava.awt.headless=true, -javaagent:/users/jason92/cassandra-run1/build/lib/jars/jamm-0.4.0.jar, -ea, -Djava.io.tmpdir=/users/jason92/cassandra-run1/build/tmp, -Dcassandra.debugrefcount=true, -Xss384k, -XX:SoftRefLRUPolicyMSPerMB=0, -XX:ActiveProcessorCount=2, -XX:HeapDumpPath=/users/jason92/cassandra-run1/build/test, -Dcassandra.test.driver.connection_timeout_ms=10000, -Dcassandra.test.driver.read_timeout_ms=24000, -Dcassandra.memtable_row_overhead_computation_step=100, -Dcassandra.test.use_prepared=true, -Dcassandra.test.sstableformatdevelopment=true, -Djava.security.egd=file:/dev/urandom, -Dcassandra.testtag=_jdk11, -Dcassandra.keepBriefBrief=false, -Dcassandra.strict.runtime.checks=true, -Dcassandra.reads.thresholds.coordinator.defensive_checks_enabled=true, -Dcassandra.test.flush_local_schema_changes=false, -Dcassandra.test.messagingService.nonGracefulShutdown=true, -Dcassandra.use_nix_recursive_delete=true, -Dio.netty.allocator.useCacheForAllThreads=true, -Dio.netty.allocator.maxOrder=11, -Djdk.attach.allowAttachSelf=true, -XX:+UseConcMarkSweepGC, -XX:+CMSParallelRemarkEnabled, -XX:SurvivorRatio=8, -XX:MaxTenuringThreshold=1, -XX:CMSInitiatingOccupancyFraction=75, -XX:+UseCMSInitiatingOccupancyOnly, -XX:CMSWaitDuration=10000, -XX:+CMSParallelInitialMarkEnabled, -XX:+CMSEdenChunksRecordAlways, --add-exports=java.base/jdk.internal.misc=ALL-UNNAMED, --add-exports=java.base/jdk.internal.ref=ALL-UNNAMED, --add-exports=java.base/sun.nio.ch=ALL-UNNAMED, --add-exports=java.management.rmi/com.sun.jmx.remote.internal.rmi=ALL-UNNAMED, --add-exports=java.rmi/sun.rmi.registry=ALL-UNNAMED, --add-exports=java.rmi/sun.rmi.server=ALL-UNNAMED, --add-exports=java.rmi/sun.rmi.transport.tcp=ALL-UNNAMED, --add-exports=java.sql/java.sql=ALL-UNNAMED, --add-opens=java.base/java.lang.module=ALL-UNNAMED, --add-opens=java.base/java.net=ALL-UNNAMED, --add-opens=java.base/jdk.internal.loader=ALL-UNNAMED, --add-opens=java.base/jdk.internal.ref=ALL-UNNAMED, --add-opens=java.base/jdk.internal.reflect=ALL-UNNAMED, --add-opens=java.base/jdk.internal.math=ALL-UNNAMED, --add-opens=java.base/jdk.internal.module=ALL-UNNAMED, --add-opens=java.base/jdk.internal.util.jar=ALL-UNNAMED, --add-opens=jdk.management/com.sun.management.internal=ALL-UNNAMED, -DQT_SHRINKS=0, -XX:-CMSClassUnloadingEnabled, -Dio.netty.tryReflectionSetAccessible=true, -Dstage4.out=/users/jason92/stage4-logs/lrs/unit/run.out, -Dlegacy-sstable-root=/users/jason92/cassandra-run1/test/data/legacy-sstables, -Dinvalid-legacy-sstable-root=/users/jason92/cassandra-run1/test/data/invalid-legacy-sstables, -Dcassandra.ring_delay_ms=1000, -Dcassandra.tolerate_sstable_size=true, -Dcassandra.skip_sync=true, -Xmx1024m]
STAGE4 info UseCompressedOops true
STAGE4 info allocatedBytesSupported true
STAGE4 check rows 2000 2000 ok
STAGE4 check same_h true true ok [h=1216]
STAGE4 info b0 72 h 1216 T(N) 2432072 T(100) 121672
STAGE4 check known_answer_T(N) 2432072 2432072 ok
STAGE4 check known_answer_rows 2000 2000 ok
STAGE4 info deltas [13408, 13408, 13408, 13408, 13408]
STAGE4 info deltas [7194392, 7194392, 7194480, 7194488, 7194576]
STAGE4 info d0 13408 dfull 7194480 a 3592.3321660830416 responseBytes 2020028 failParam null
STAGE4 check above_data_completes_rows 2000 2000 ok
STAGE4 check above_data_no_fail_param null null ok
STAGE4 check readback_65536 65536 65536 ok
STAGE4 check stop_delivered_65536 53 53 ok
STAGE4 check stop_exception_65536 true true ok
STAGE4 check stop_X_msg_65536 65736 65736 ok
STAGE4 check stop_X_param_65536 65736 65736 ok
STAGE4 check stop_X_in_range_65536 true true ok [X=65736]
STAGE4 info deltas [220400, 220400, 220400, 220400, 220400]
STAGE4 info delta_65536 220400 istar 54
STAGE4 check readback_262144 262144 262144 ok
STAGE4 check stop_delivered_262144 215 215 ok
STAGE4 check stop_exception_262144 true true ok
STAGE4 check stop_X_msg_262144 262728 262728 ok
STAGE4 check stop_X_param_262144 262728 262728 ok
STAGE4 check stop_X_in_range_262144 true true ok [X=262728]
STAGE4 info deltas [856976, 856976, 856976, 856976, 857048]
STAGE4 info delta_262144 856976 istar 216
STAGE4 check readback_1048576 1048576 1048576 ok
STAGE4 check stop_delivered_1048576 862 862 ok
STAGE4 check stop_exception_1048576 true true ok
STAGE4 check stop_X_msg_1048576 1049480 1049480 ok
STAGE4 check stop_X_param_1048576 1049480 1049480 ok
STAGE4 check stop_X_in_range_1048576 true true ok [X=1049480]
STAGE4 info deltas [3400456, 3400456, 3400456, 3400456, 3400456]
STAGE4 info delta_1048576 3400456 istar 863
STAGE4 info ratios 1:4.075365231506532 : 4.015145192800106 (expect about 4 and 4)
STAGE4 check alloc_ratio_4 true true ok [4.075365231506532 4.015145192800106]
STAGE4 check boundary_eq_delivered 99 99 ok
STAGE4 check boundary_plus1_delivered 100 100 ok
STAGE4 check boundary_plus1_X 122888 122888 ok
STAGE4 info deltas [6601984, 6601984, 6601984, 6601984, 6601984]
STAGE4 info deltas [226472, 226472, 226472, 226472, 226472]
STAGE4 info deltas [8466624, 8466624, 8466624, 8466624, 8466624]
STAGE4 info C1 names_limited 6601984 names_unlimited 8466624 slice_limited 226472 d0 13408
STAGE4 check C1_names_alloc_within_10pct true false MISMATCH [6601984 vs 8466624]
STAGE4 check C1_slice_alloc_small true true ok [slice 226472 names_unl 8466624]
STAGE4 check C1_names_aborts true true ok
STAGE4 info C2 F=262144 rows=2000 aborts=0
STAGE4 check C2_paged_rows 2000 2000 ok
STAGE4 check C2_paged_aborts 0 0 ok
STAGE4 info C2 F=65536 rows=53 aborts=1
STAGE4 check C2_small_first_page_aborts 1 1 ok
STAGE4 check C3_filter_aborts true true ok
STAGE4 check C3_filter_rows 0 0 ok
STAGE4 check C3_unlimited_completes null null ok
STAGE4 check C3_unlimited_rows 0 0 ok
STAGE4 check control_noflag_completes null null ok
STAGE4 check control_noflag_rows 2000 2000 ok
STAGE4 check control_noflag_no_params null null ok
STAGE4 check control_warn_twin_completes null null ok
STAGE4 check control_warn_twin_param 2432072 2432072 ok
STAGE4 summary mismatches 1
