[2026-10-01 10:31:21] script: ./cluster-run.sh value n144; host: node0.jason92-318546.misconfiguration-pg0.cloudlab.umass.edu; label: n144
== n144: cdc_total_space=144MiB commitlog_segment_size=32MiB mode=nonblocking kind=normal; stress threads=16, B throttle 100/s
[2026-10-01 10:31:21] CHECK PASS: no CassandraDaemon running
[2026-10-01 10:31:21] CHECK PASS: ports 7199/9042/9091 free
[2026-10-01 10:31:21] CHECK PASS: local disk has >= 25 GB free
[2026-10-01 10:31:21] CHECK PASS: the clone is at cassandra-5.0.9
CdcTotalSpaceCeilingTest.java: OK
cdc-verdict.btm: OK
cdc-sampler.py: OK
cdc-consumer.sh: OK
cdc-analyze.py: OK
cdc-rows.yaml: OK
plain-rows.yaml: OK
[2026-10-01 10:31:21] CHECK PASS: python3 and cqlsh are available
yaml diff: -cdc_enabled: false|+cdc_enabled: true|+cdc_total_space: 144MiB|+cdc_block_writes: false|
[2026-10-01 10:31:21] CHECK PASS: yaml diff adds 3 lines
[2026-10-01 10:31:21] + mv logs /users/jason92/stage4-logs/cdc/cluster/logs.before-n144.1790872281
[2026-10-01 10:31:21]   rc=0
JVM_EXTRA_OPTS=-Dstage4.byteman.out=/users/jason92/stage4-logs/cdc/cluster/n144/cdc-verdict.txt -javaagent:/users/jason92/cassandra-run1/build/lib/jars/byteman-4.0.20.jar=script:/users/jason92/stage4-harness-run/cdc/cdc-verdict.btm,listener:true
[2026-10-01 10:31:21] + JVM_EXTRA_OPTS=... bin/cassandra -p cassandra.pid > /users/jason92/stage4-logs/cdc/cluster/n144/stdout.txt 2>&1
node pid 85905, up at 1790872326054 (after 17s)
    | # File /users/jason92/stage4-harness-run/cdc/cdc-verdict.btm line 59
    | RULE cdc write rejected
    | CLASS org.apache.cassandra.exceptions.CDCWriteException
    | METHOD <init>
    | NOCOMPILE
    | AT ENTRY
    | BIND n : int = incrementCounter("stage4.cdcReject")
    | IF n % 100 == 1
    | DO traceOpen("cdcVerdict", java.lang.System.getProperty("stage4.byteman.out", "cdc-verdict.txt"));
    | traceln("cdcVerdict", "reject n=" + n + " ms=" + java.lang.System.currentTimeMillis() + " msg=" + $1)
    | ENDRULE
    | Transformed in:
    | loader: jdk.internal.loader.ClassLoaders$AppClassLoader@3d4eac69
    | trigger method: org.apache.cassandra.exceptions.CDCWriteException.<init>(java.lang.String) void
    | # File /users/jason92/stage4-harness-run/cdc/cdc-verdict.btm line 41
    | RULE cdc verdict, state after
    | CLASS org.apache.cassandra.db.commitlog.CommitLogSegmentManagerCDC$CDCSizeTracker
    | METHOD processNewSegment
    | NOCOMPILE
    | AT EXIT
    | IF true
    | DO traceOpen("cdcVerdict", java.lang.System.getProperty("stage4.byteman.out", "cdc-verdict.txt"));
    | traceln("cdcVerdict", "post seg=" + $1.logFile.name() + " state=" + $1.getCDCState() + " sip=" + $0.sizeInProgress.get() + " ms=" + java.lang.System.currentTimeMillis())
    | ENDRULE
    | Transformed in:
    | loader: jdk.internal.loader.ClassLoaders$AppClassLoader@3d4eac69
    | trigger method: org.apache.cassandra.db.commitlog.CommitLogSegmentManagerCDC$CDCSizeTracker.processNewSegment(org.apache.cassandra.db.commitlog.CommitLogSegment) void
    | compiled successfully
    | # File /users/jason92/stage4-harness-run/cdc/cdc-verdict.btm line 32
    | RULE cdc verdict, counter before
    | CLASS org.apache.cassandra.db.commitlog.CommitLogSegmentManagerCDC$CDCSizeTracker
    | METHOD processNewSegment
    | NOCOMPILE
    | AT ENTRY
    | IF true
    | DO traceOpen("cdcVerdict", java.lang.System.getProperty("stage4.byteman.out", "cdc-verdict.txt"));
    | traceln("cdcVerdict", "pre seg=" + $1.logFile.name() + " sip=" + $0.sizeInProgress.get() + " allowance=" + org.apache.cassandra.config.DatabaseDescriptor.getCDCTotalSpace() + " segSize=" + org.apache.cassandra.config.DatabaseDescriptor.getCommitLogSegmentSize() + " blocking=" + org.apache.cassandra.config.DatabaseDescriptor.getCDCBlockWrites() + " ms=" + java.lang.System.currentTimeMillis())
    | ENDRULE
    | Transformed in:
    | loader: jdk.internal.loader.ClassLoaders$AppClassLoader@3d4eac69
[2026-10-01 10:32:06] CHECK PASS: Submit -l lists CDCSizeTracker.processNewSegment
[2026-10-01 10:32:06] CHECK PASS: Submit -l lists deleteOldLinkedCDCCommitLogSegment
[2026-10-01 10:32:06] CHECK PASS: Submit -l lists CDCWriteException
    | 
    |  name                   | value
    | ------------------------+---------------------
    |        cdc_block_writes |               false
    |             cdc_enabled |                true
    |       cdc_raw_directory | bin/../data/cdc_raw
    |         cdc_total_space |              144MiB
    |  commitlog_segment_size |               32MiB
    | 
    | (5 rows)
settings read back: cdc_total_space=144MiB commitlog_segment_size=32MiB cdc_enabled=true cdc_block_writes=false
k = floor(144 / 32) = 4; exact multiple: no
[2026-10-01 10:32:07] CHECK PASS: cdc_total_space read back as 144
[2026-10-01 10:32:07] CHECK PASS: commitlog_segment_size read back as 32
[2026-10-01 10:32:07] CHECK PASS: data/cdc_raw exists
[2026-10-01 10:32:08] phase idle_start
[2026-10-01 10:32:23] phase idle_end
[2026-10-01 10:32:24] reading idle: links=2 link_bytes=67108864 alloc=69632 idx=0/0 Failures=0 WARN=0 created=2 forbidden=0
EXPECTED: idle floor is min(k, 2) = 2 links — yes
[2026-10-01 10:32:24] + bin/cqlsh -e "CREATE KEYSPACE IF NOT EXISTS stage4cdc WITH replication = {'class': 'SimpleStrategy', 'replication_factor': 1}; CREATE TABLE IF NOT EXISTS stage4cdc.cdc_rows (id bigint, payload blob, PRIMARY KEY (id)) WITH cdc = true; CREATE TABLE IF NOT EXISTS stage4cdc.plain_rows (id bigint, payload blob, PRIMARY KEY (id)) WITH cdc = false;"
[2026-10-01 10:32:27] CHECK PASS: both tables exist
[2026-10-01 10:32:27] phase A_start
[2026-10-01 10:32:27] + tools/bin/cassandra-stress user profile=/users/jason92/stage4-harness-run/cdc/cdc-rows.yaml "ops(insert=1)" n=1000000000 no-warmup -rate threads=16 -errors retries=0 ignore -node 127.0.0.1 > /users/jason92/stage4-logs/cdc/cluster/n144/stress-cdc-A.txt &
[2026-10-01 10:32:34] phase A_segments_reached
[2026-10-01 10:32:34] phase A_end
[2026-10-01 10:32:35] reading A: links=5 link_bytes=167772160 alloc=92925952 idx=8/144 Failures=0 WARN=0 created=18 forbidden=0
A: ended at 1790872355893, ~7 s after the start; stress A tail: Running [insert] with 16 threads for 1000000000 iteration|type                                               total ops,    op/s,    pk/s,   row/s,    mean,     med,     .95,     .99,    .999,     max,   time,   stderr, errors,  gc: #,  max ms,  sum ms,  sdv ms,      mb|total,                                                   314,     314,     314,     314,    44.5,    40.3,   122.7,   133.0,   142.3,   142.3,    1.0,  0.00000,      0,      0,       0,       0,       0,       0|
[2026-10-01 10:32:35] phase settle_start
[2026-10-01 10:32:36] phase settle_end
settle: a non-CDC write was accepted promptly after 1 attempt(s), 699 ms (settle-probe.txt)
EXPECTED: settle: the node took a non-CDC write promptly within 180 s — yes
[2026-10-01 10:32:36] phase B_start
[2026-10-01 10:32:36] + tools/bin/cassandra-stress user profile=/users/jason92/stage4-harness-run/cdc/cdc-rows.yaml "ops(insert=1)" duration=30s no-warmup -rate threads=16 throttle=100/s -errors retries=0 ignore -node 127.0.0.1 > /users/jason92/stage4-logs/cdc/cluster/n144/stress-cdc-B.txt &
[2026-10-01 10:32:36] reading B: links=5 link_bytes=167772160 alloc=109199360 idx=14/242 Failures= WARN=0 created=18 forbidden=0
[2026-10-01 10:32:41] reading B: links=5 link_bytes=167772160 alloc=109199360 idx=14/242 Failures= WARN=0 created=18 forbidden=0
[2026-10-01 10:32:46] reading B: links=5 link_bytes=167772160 alloc=99749888 idx=13/223 Failures= WARN=0 created=32 forbidden=0
[2026-10-01 10:32:51] reading B: links=5 link_bytes=167772160 alloc=103600128 idx=13/234 Failures= WARN=0 created=48 forbidden=0
[2026-10-01 10:32:56] reading B: links=5 link_bytes=167772160 alloc=113397760 idx=14/241 Failures= WARN=0 created=64 forbidden=0
[2026-10-01 10:33:01] reading B: links=5 link_bytes=167772160 alloc=117596160 idx=14/241 Failures= WARN=0 created=80 forbidden=0
[2026-10-01 10:33:06] reading B: links=4 link_bytes=134217728 alloc=95461376 idx=10/180 Failures= WARN=0 created=96 forbidden=0
[2026-10-01 10:33:11] reading B: links=4 link_bytes=134217728 alloc=66945024 idx=15/270 Failures= WARN=0 created=113 forbidden=0
[2026-10-01 10:33:16] phase B_end
[2026-10-01 10:33:18] reading Bend: links=4 link_bytes=134217728 alloc=85049344 idx=21/378 Failures=0 WARN=0 created=115 forbidden=0
CDC stress B: Op rate                   :       99 op/s  [insert: 99 op/s]
CDC stress B: Total partitions          :      3,015 [insert: 3,015]
CDC stress B: Total errors              :          0 [insert: 0]
EXPECTED: non-blocking: the CDC stress had no errors — yes
EXPECTED: non-blocking: no rejection WARN — yes
Cassandra has shutdown.
[2026-10-01 10:33:36] ERR line 335: sed -E 's/.* n=([0-9]+).*/\1/'
traces: segments created=116, created forbidden=0, 'Rejecting mutation' WARN entries in system.log=0, logged rejected writes (exception stacks)=0, deleteOld lines=105, reject lines=0 (last n: )
sampler: ticks=1423 max_links=5 max_link_bytes=167772160 max_gap_ms=51 first_ms=1790872327251 last_ms=1790872398351
ERROR entries in system.log: 0 (each rejected write logs one: 'Failed to apply mutation locally'); system.log 96K; DEBUG 'Freed up' lines in debug.log: 105
disk: 3.1G data/ ; 52G free
    | S=33554432  A=150994944  k=4  blocking=False  exact multiple of S: False
    | 
    | 1. verdict formula  FORBIDDEN <=> blocking and S + pre.sip > A:  116 creations, 0 violations []
    | 
    | 2. each creation (links = files that existed just before it: counted from the earlier permitted creations in blocking mode, from the timeline otherwise)
    |    segment                      links pre.sip/S        pre.sip    lag bytes verdict   note
    |    -1790872288540.log               0   0.00              0            0 PERMITTED 
    |    -1790872288541.log               0   0.00              0            0 PERMITTED 
    |    -1790872288542.log               2   1.00       33554432     33554432 PERMITTED STALE: counter 1.00 segments low
    |    -1790872288543.log               3   2.00       67108864     33554432 PERMITTED ambiguous (a link event within 100 ms before)
    |    -1790872288544.log               4   3.00      100663296     33554432 PERMITTED ambiguous (a link event within 100 ms before)
    |    -1790872288545.log               5   4.00      134217746     33554414 PERMITTED ambiguous (a link event within 100 ms before)
    |    -1790872288546.log               5   4.00      134217728     33554432 PERMITTED ambiguous (a link event within 100 ms before)
    |    -1790872288547.log               5   4.00      134217728     33554432 PERMITTED ambiguous (a link event within 100 ms before)
    |    -1790872288548.log               5   4.00      134217728     33554432 PERMITTED ambiguous (a link event within 100 ms before)
    |    -1790872288549.log               5   5.00      167772178          -18 PERMITTED ambiguous (a link event within 100 ms before)
    |    -1790872288550.log               4   3.00      100663296     33554432 PERMITTED ambiguous (a link event within 100 ms before)
    |    -1790872288551.log               5   4.00      134217728     33554432 PERMITTED ambiguous (a link event within 100 ms before)
    |    -1790872288552.log               5   4.00      134217728     33554432 PERMITTED ambiguous (a link event within 100 ms before)
    |    -1790872288553.log               5   5.00      167772214          -54 PERMITTED ambiguous (a link event within 100 ms before)
    |    -1790872288554.log               4   3.00      100663296     33554432 PERMITTED ambiguous (a link event within 100 ms before)
    |    -1790872288555.log               5   4.00      134217728     33554432 PERMITTED ambiguous (a link event within 100 ms before)
    |    -1790872288556.log               5   5.00      167772304         -144 PERMITTED ambiguous (a link event within 100 ms before)
    |    -1790872288557.log               4   3.00      100663296     33554432 PERMITTED ambiguous (a link event within 100 ms before)
    |    -1790872288558.log               5   5.00      167772402         -242 PERMITTED 
    |    -1790872288559.log               4   3.00      100663502     33554226 PERMITTED STALE: counter 1.00 segments low
    |    -1790872288560.log               5   4.00      134217951     33554209 PERMITTED STALE: counter 1.00 segments low
    |    -1790872288561.log               5   4.00      134217951     33554209 PERMITTED STALE: counter 1.00 segments low
    |    -1790872288562.log               5   4.00      134217951     33554209 PERMITTED STALE: counter 1.00 segments low
    |    -1790872288563.log               5   5.00      167772383         -223 PERMITTED 
    |    -1790872288564.log               4   3.00      100663501     33554227 PERMITTED STALE: counter 1.00 segments low
    |    -1790872288565.log               5   4.00      134217951     33554209 PERMITTED STALE: counter 1.00 segments low
    |    -1790872288566.log               5   4.00      134217951     33554209 PERMITTED STALE: counter 1.00 segments low
    |    -1790872288567.log               5   4.00      134217951     33554209 PERMITTED STALE: counter 1.00 segments low
    |    -1790872288568.log               5   4.00      134217951     33554209 PERMITTED STALE: counter 1.00 segments low
    |    -1790872288569.log               5   4.00      134217951     33554209 PERMITTED STALE: counter 1.00 segments low
    |    -1790872288570.log               5   4.00      134217951     33554209 PERMITTED STALE: counter 1.00 segments low
    |    -1790872288571.log               5   4.00      134217951     33554209 PERMITTED STALE: counter 1.00 segments low
    |    -1790872288572.log               5   4.00      134217951     33554209 PERMITTED STALE: counter 1.00 segments low
    |    -1790872288573.log               5   4.00      134217951     33554209 PERMITTED STALE: counter 1.00 segments low
    |    -1790872288574.log               5   4.00      134217951     33554209 PERMITTED STALE: counter 1.00 segments low
    |    -1790872288575.log               5   4.00      134217951     33554209 PERMITTED STALE: counter 1.00 segments low
    |    -1790872288576.log               5   4.00      134217951     33554209 PERMITTED STALE: counter 1.00 segments low
    |    -1790872288577.log               5   4.00      134217951     33554209 PERMITTED STALE: counter 1.00 segments low
    |    -1790872288578.log               5   4.00      134217951     33554209 PERMITTED STALE: counter 1.00 segments low
    |    -1790872288579.log               5   4.00      134217951     33554209 PERMITTED STALE: counter 1.00 segments low
    |    -1790872288580.log               5   4.00      134217951     33554209 PERMITTED STALE: counter 1.00 segments low
    |    -1790872288581.log               5   4.00      134217951     33554209 PERMITTED STALE: counter 1.00 segments low
    |    -1790872288582.log               5   4.00      134217951     33554209 PERMITTED STALE: counter 1.00 segments low
    |    -1790872288583.log               5   4.00      134217951     33554209 PERMITTED STALE: counter 1.00 segments low
    |    -1790872288584.log               5   4.00      134217951     33554209 PERMITTED STALE: counter 1.00 segments low
    |    -1790872288585.log               5   4.00      134217951     33554209 PERMITTED STALE: counter 1.00 segments low
    |    -1790872288586.log               5   4.00      134217951     33554209 PERMITTED STALE: counter 1.00 segments low
    |    -1790872288587.log               5   4.00      134217951     33554209 PERMITTED STALE: counter 1.00 segments low
    |    -1790872288588.log               5   4.00      134217951     33554209 PERMITTED STALE: counter 1.00 segments low
    |    -1790872288589.log               5   4.00      134217951     33554209 PERMITTED STALE: counter 1.00 segments low
    |    -1790872288590.log               5   4.00      134217951     33554209 PERMITTED STALE: counter 1.00 segments low
    |    -1790872288591.log               5   4.00      134217951     33554209 PERMITTED STALE: counter 1.00 segments low
    |    -1790872288592.log               5   4.00      134217951     33554209 PERMITTED STALE: counter 1.00 segments low
    |    -1790872288593.log               5   4.00      134217951     33554209 PERMITTED STALE: counter 1.00 segments low
    |    -1790872288594.log               5   4.00      134217951     33554209 PERMITTED STALE: counter 1.00 segments low
    |    -1790872288595.log               5   4.00      134217951     33554209 PERMITTED STALE: counter 1.00 segments low
    |    -1790872288596.log               5   4.00      134217951     33554209 PERMITTED STALE: counter 1.00 segments low
    |    -1790872288597.log               5   4.00      134217951     33554209 PERMITTED STALE: counter 1.00 segments low
    |    -1790872288598.log               5   4.00      134217951     33554209 PERMITTED STALE: counter 1.00 segments low
    |    -1790872288599.log               5   4.00      134217951     33554209 PERMITTED STALE: counter 1.00 segments low
    |    -1790872288600.log               5   4.00      134217951     33554209 PERMITTED STALE: counter 1.00 segments low
    |    -1790872288601.log               5   4.00      134217951     33554209 PERMITTED STALE: counter 1.00 segments low
    |    -1790872288602.log               5   4.00      134217951     33554209 PERMITTED STALE: counter 1.00 segments low
    |    -1790872288603.log               5   4.00      134217951     33554209 PERMITTED STALE: counter 1.00 segments low
    |    -1790872288604.log               5   4.00      134217951     33554209 PERMITTED STALE: counter 1.00 segments low
    |    -1790872288605.log               5   4.00      134217951     33554209 PERMITTED STALE: counter 1.00 segments low
    |    -1790872288606.log               5   4.00      134217951     33554209 PERMITTED STALE: counter 1.00 segments low
    |    -1790872288607.log               5   4.00      134217951     33554209 PERMITTED STALE: counter 1.00 segments low
    |    -1790872288608.log               5   4.00      134217951     33554209 PERMITTED STALE: counter 1.00 segments low
    |    -1790872288609.log               5   4.00      134217951     33554209 PERMITTED STALE: counter 1.00 segments low
    |    -1790872288610.log               5   4.00      134217951     33554209 PERMITTED STALE: counter 1.00 segments low
    |    -1790872288611.log               5   4.00      134217951     33554209 PERMITTED STALE: counter 1.00 segments low
    |    -1790872288612.log               5   4.00      134217951     33554209 PERMITTED STALE: counter 1.00 segments low
    |    -1790872288613.log               5   4.00      134217951     33554209 PERMITTED STALE: counter 1.00 segments low
    |    -1790872288614.log               5   4.00      134217951     33554209 PERMITTED STALE: counter 1.00 segments low
    |    -1790872288615.log               5   4.00      134217951     33554209 PERMITTED STALE: counter 1.00 segments low
    |    -1790872288616.log               5   4.00      134217951     33554209 PERMITTED STALE: counter 1.00 segments low
    |    -1790872288617.log               5   4.00      134217951     33554209 PERMITTED STALE: counter 1.00 segments low
    |    -1790872288618.log               5   4.00      134217951     33554209 PERMITTED STALE: counter 1.00 segments low
    |    -1790872288619.log               5   4.00      134217951     33554209 PERMITTED STALE: counter 1.00 segments low
    |    -1790872288620.log               5   4.00      134217951     33554209 PERMITTED STALE: counter 1.00 segments low
    |    -1790872288621.log               5   4.00      134217951     33554209 PERMITTED STALE: counter 1.00 segments low
    |    -1790872288622.log               5   4.00      134217951     33554209 PERMITTED ambiguous (a link event within 100 ms before)
    |    -1790872288623.log               5   4.00      134217951     33554209 PERMITTED STALE: counter 1.00 segments low
    |    -1790872288624.log               5   4.00      134217951     33554209 PERMITTED STALE: counter 1.00 segments low
    |    -1790872288625.log               5   4.00      134217951     33554209 PERMITTED STALE: counter 1.00 segments low
    |    -1790872288626.log               5   4.00      134217951     33554209 PERMITTED STALE: counter 1.00 segments low
    |    -1790872288627.log               5   4.00      134217951     33554209 PERMITTED STALE: counter 1.00 segments low
    |    -1790872288628.log               5   4.00      134217951     33554209 PERMITTED STALE: counter 1.00 segments low
    |    -1790872288629.log               5   4.00      134217951     33554209 PERMITTED STALE: counter 1.00 segments low
    |    -1790872288630.log               5   4.00      134217952     33554208 PERMITTED STALE: counter 1.00 segments low
    |    -1790872288631.log               5   4.00      134217951     33554209 PERMITTED STALE: counter 1.00 segments low
    |    -1790872288632.log               5   4.00      134217952     33554208 PERMITTED STALE: counter 1.00 segments low
    |    -1790872288633.log               5   4.00      134217951     33554209 PERMITTED ambiguous (a link event within 100 ms before)
    |    -1790872288634.log               5   4.00      134217933     33554227 PERMITTED STALE: counter 1.00 segments low
    |    -1790872288635.log               5   5.00      167772358         -198 PERMITTED 
    |    -1790872288636.log               4   3.00      100663476     33554252 PERMITTED STALE: counter 1.00 segments low
    |    -1790872288637.log               5   5.00      167772340         -180 PERMITTED 
    |    -1790872288638.log               4   4.00      134217908         -180 PERMITTED 
    |    -1790872288639.log               4   4.00      134217926         -198 PERMITTED 
    |    -1790872288640.log               4   4.00      134217926         -198 PERMITTED 
    |    -1790872288641.log               4   4.00      134217926         -198 PERMITTED 
    |    -1790872288642.log               4   4.00      134217926         -198 PERMITTED 
    |    -1790872288643.log               4   4.00      134217926         -198 PERMITTED 
    |    -1790872288644.log               4   4.00      134217926         -198 PERMITTED 
    |    -1790872288645.log               4   4.00      134217998         -270 PERMITTED 
    |    -1790872288646.log               4   4.00      134217998         -270 PERMITTED 
    |    -1790872288647.log               4   4.00      134217998         -270 PERMITTED 
    |    -1790872288648.log               4   4.00      134217998         -270 PERMITTED 
    |    -1790872288649.log               4   4.00      134217998         -270 PERMITTED 
    |    -1790872288650.log               4   4.00      134217998         -270 PERMITTED 
    |    -1790872288651.log               4   4.00      134217998         -270 PERMITTED 
    |    -1790872288652.log               4   4.00      134217998         -270 PERMITTED 
    |    -1790872288653.log               4   4.00      134217998         -270 PERMITTED ambiguous (a link event within 100 ms before)
    |    -1790872288654.log               4   4.00      134217998         -270 PERMITTED 
    |    -1790872288655.log               4   4.00      134218312         -584 PERMITTED 
    |    stale (lag >= S/2) among 98 unambiguous creations: 75
    | 
    | 3. creations that made a link beyond k = 4  (blocking mode only: in non-blocking mode every segment is permitted and the oldest links are deleted)
    |    none
    | 
    | 4. link timeline: peak L = 5  (from the events; same-tick ordering can inflate it by 1, the CSV is exact)
    |    deleteOld calls: 105; links removed: 111; removed in ascending segment order: True
    | 
    | 5. sampler CSV: 1423 ticks, max gap 51 ms
    |    ticks where the link bytes were not exactly L x S: 0
    |    idle_end                     L=2    link_bytes=67108864     (2.00 S)  allocated=69632        idx=0/0
    |    A_segments_reached           L=4    link_bytes=134217728    (4.00 S)  allocated=70279168     idx=8/144
    |    A_end                        L=5    link_bytes=167772160    (5.00 S)  allocated=92925952     idx=8/144
    |    B_end                        L=4    link_bytes=134217728    (4.00 S)  allocated=85049344     idx=21/378
    |    B window: peak L=5, min L=3, plateau (median over its last 20 s) L=4.0, bytes at peak=167772160
    |    peak L over the whole run: 5 (167772160 bytes = 5.00 S)
RESULT value n144: finished at 1790872416469
