[2026-09-30 15:17:07] script: /users/jason92/stage4-harness-run/cluster-run.sh value n6; host: node0.jason92-317394.misconfiguration-pg0.cloudlab.umass.edu; label: n6
== n6: n=6 bufferSize=33554432 hold=loaded, 3000 ms cores=40 in-flight-hint limit=5120 (B ends early at 3840); stress n=200000 1KiB x5 columns threads=64
[2026-09-30 15:17:07] CHECK PASS: no CassandraDaemon running
[2026-09-30 15:17:07] CHECK PASS: node 2 (198.22.255.91:7000) is stopped
[2026-09-30 15:17:07] CHECK PASS: ports 7199/9042/9091 free
[2026-09-30 15:17:07] CHECK PASS: local disk has >= 20 GB free
[2026-09-30 15:17:07] CHECK PASS: the clone is at cassandra-5.0.9
[2026-09-30 15:17:07] CHECK PASS: the ring's data is in place (keyspace1)
HintsPoolCeilingTest.java: OK
hints-pool.btm: OK
hold-flush.btm: OK
yaml diff: -cluster_name: 'Test Cluster'|+cluster_name: 'stage4-hints'|-      - seeds: "127.0.0.1:7000"|+      - seeds: "198.22.255.77:7000"|-listen_address: localhost|+listen_address: 198.22.255.77|
[2026-09-30 15:17:07] CHECK PASS: yaml diff adds 3 lines
[2026-09-30 15:17:07] + mv logs /users/jason92/stage4-logs/hints/cluster/logs.before-n6.1790803027
[2026-09-30 15:17:07]   rc=0
JVM_EXTRA_OPTS=-Dcassandra.MAX_HINT_BUFFERS=6 -XX:NativeMemoryTracking=summary -Dstage4.byteman.out=/users/jason92/stage4-logs/hints/cluster/n6/hints-pool.txt -Dstage4.hold.out=/users/jason92/stage4-logs/hints/cluster/n6/hold.txt -Dstage4.hold.ms=3000 -javaagent:/users/jason92/cassandra-run1/build/lib/jars/byteman-4.0.20.jar=script:/users/jason92/stage4-harness-run/hints/hints-pool.btm,listener:true
[2026-09-30 15:17:07] + JVM_EXTRA_OPTS=... bin/cassandra -p cassandra.pid > /users/jason92/stage4-logs/hints/cluster/n6/stdout.txt 2>&1
[2026-09-30 15:18:01] ok: node 1 UN and native transport running (after 21s)
node 1 pid 1160533, up at 1790803081044
UN  198.22.255.77  1.94 GiB  16      100.0%            53ea8bbe-26de-481e-94d1-d1d6d0f343dd  rack1
DN  198.22.255.91  ?         16      100.0%            b79be723-970d-4c74-8b10-478505ac5d42  rack1
[2026-09-30 15:18:03] CHECK PASS: node 2 (198.22.255.91) is DN on node 1
    | # File /users/jason92/stage4-harness-run/hints/hints-pool.btm line 26
    | RULE hints pool creates a buffer
    | CLASS org.apache.cassandra.hints.HintsBufferPool
    | METHOD createBuffer
    | NOCOMPILE
    | AT EXIT
    | IF true
    | DO traceOpen("hintsPool", java.lang.System.getProperty("stage4.byteman.out", "hints-pool.txt"));
    | traceln("hintsPool", "created=" + $0.allocatedBuffers + " size=" + $0.bufferSize + " max=" + org.apache.cassandra.hints.HintsBufferPool.MAX_ALLOCATED_BUFFERS + " ms=" + java.lang.System.currentTimeMillis() + " thread=" + java.lang.Thread.currentThread().getName())
    | ENDRULE
    | Transformed in:
    | loader: jdk.internal.loader.ClassLoaders$AppClassLoader@3d4eac69
    | trigger method: org.apache.cassandra.hints.HintsBufferPool.createBuffer() org.apache.cassandra.hints.HintsBuffer
    | compiled successfully
    | # File /users/jason92/stage4-harness-run/hints/hints-pool.btm line 35
    | RULE hints pool writer waits at the cap
    | CLASS org.apache.cassandra.hints.HintsBufferPool
    | METHOD switchCurrentBuffer
    | NOCOMPILE
    | AT INVOKE java.util.concurrent.BlockingQueue.take
    | IF true
    | DO traceOpen("hintsPool", java.lang.System.getProperty("stage4.byteman.out", "hints-pool.txt"));
    | traceln("hintsPool", "waiting ms=" + java.lang.System.currentTimeMillis() + " thread=" + java.lang.Thread.currentThread().getName())
    | ENDRULE
    | Transformed in:
    | loader: jdk.internal.loader.ClassLoaders$AppClassLoader@3d4eac69
    | trigger method: org.apache.cassandra.hints.HintsBufferPool.switchCurrentBuffer(org.apache.cassandra.hints.HintsBuffer) boolean
    | 
[2026-09-30 15:18:04] CHECK PASS: Submit -l lists HintsBufferPool.createBuffer()
[2026-09-30 15:18:04] CHECK PASS: Submit -l lists HintsBufferPool.switchCurrentBuffer(
cassandra.MAX_HINT_BUFFERS=6
[2026-09-30 15:18:04] CHECK PASS: the JVM has cassandra.MAX_HINT_BUFFERS=6
[2026-09-30 15:18:19] ok: the idle flush created the first buffer (after 0s)
[2026-09-30 15:18:25] reading control: MemoryUsed=50190380 Count=180 NMT_Other_KB=65412 TotalHints=0 HintsInProgress=0
EXPECTED: exactly one created line at idle, from the hints executor — yes
A: loading the hold at 1790803105945
install rule hold each hints buffer flush

[2026-09-30 15:18:26] CHECK PASS: Submit -l lists the hold rule's trigger (FlushBufferTask)
A: start at 1790803106171
[2026-09-30 15:18:26] + tools/bin/cassandra-stress write n=200000 no-warmup -col size=FIXED(1024) -rate threads=64 -node 127.0.0.1 > /users/jason92/stage4-logs/hints/cluster/n6/stress.txt &
A: created=6 seen at 1790803114234 (~8066 ms after the start)
[2026-09-30 15:18:40] reading A: MemoryUsed=227270919 Count=305 NMT_Other_KB=1549068 TotalHints=51424 HintsInProgress=95
B: start at 1790803120806
[2026-09-30 15:18:45] reading B: MemoryUsed=227270919 Count=305 NMT_Other_KB= TotalHints= HintsInProgress=15
[2026-09-30 15:18:50] reading B: MemoryUsed=227270919 Count=306 NMT_Other_KB= TotalHints= HintsInProgress=95
[2026-09-30 15:18:55] reading B: MemoryUsed=227266121 Count=305 NMT_Other_KB= TotalHints= HintsInProgress=95
thread dump B10 at 1790803135681: parked-in-take=1 blocked-on-monitor=31 other=0  (excerpt: dump-B10-excerpt.txt)
[2026-09-30 15:19:00] reading B: MemoryUsed=227266121 Count=303 NMT_Other_KB= TotalHints= HintsInProgress=159
[2026-09-30 15:19:05] reading B: MemoryUsed=227254282 Count=303 NMT_Other_KB= TotalHints= HintsInProgress=94
[2026-09-30 15:19:10] reading B: MemoryUsed=227254282 Count=303 NMT_Other_KB= TotalHints= HintsInProgress=159
[2026-09-30 15:19:15] reading B: MemoryUsed=227254282 Count=303 NMT_Other_KB= TotalHints= HintsInProgress=95
thread dump B30 at 1790803155560: parked-in-take=1 blocked-on-monitor=31 other=0  (excerpt: dump-B30-excerpt.txt)
[2026-09-30 15:19:20] reading B: MemoryUsed=227254282 Count=303 NMT_Other_KB= TotalHints= HintsInProgress=95
[2026-09-30 15:19:25] reading B: MemoryUsed=227254282 Count=303 NMT_Other_KB= TotalHints= HintsInProgress=159
[2026-09-30 15:19:30] reading B: MemoryUsed=227254282 Count=303 NMT_Other_KB= TotalHints= HintsInProgress=95
[2026-09-30 15:19:35] reading B: MemoryUsed=227254282 Count=303 NMT_Other_KB= TotalHints= HintsInProgress=159
thread dump B50 at 1790803175733: parked-in-take=0 blocked-on-monitor=0 other=0  (excerpt: dump-B50-excerpt.txt)
[2026-09-30 15:19:40] reading B: MemoryUsed=227254282 Count=303 NMT_Other_KB= TotalHints= HintsInProgress=95
[2026-09-30 15:19:45] reading B: MemoryUsed=227254282 Count=303 NMT_Other_KB= TotalHints= HintsInProgress=95
B: 60s done
[2026-09-30 15:19:51] reading Bend: MemoryUsed=227254282 Count=303 NMT_Other_KB=1549042 TotalHints=192840 HintsInProgress=95
release: unloading the hold at 1790803193197, TotalHints 199268
uninstall RULE hold each hints buffer flush

thread dump release at 1790803197250: parked-in-take=0 blocked-on-monitor=0 other=0  (excerpt: dump-release-excerpt.txt)
[2026-09-30 15:20:03] reading release: MemoryUsed=227254282 Count=303 NMT_Other_KB=1549042 TotalHints=201600 HintsInProgress=0
com.datastax.driver.core.exceptions.WriteTimeoutException: Cassandra timeout during SIMPLE write query at consistency LOCAL_ONE (1 replica were required but only 0 acknowledged the write)
com.datastax.driver.core.exceptions.WriteTimeoutException: Cassandra timeout during SIMPLE write query at consistency LOCAL_ONE (1 replica were required but only 0 acknowledged the write)
com.datastax.driver.core.exceptions.WriteTimeoutException: Cassandra timeout during SIMPLE write query at consistency LOCAL_ONE (1 replica were required but only 0 acknowledged the write)
com.datastax.driver.core.exceptions.WriteTimeoutException: Cassandra timeout during SIMPLE write query at consistency LOCAL_ONE (1 replica were required but only 0 acknowledged the write)
com.datastax.driver.core.exceptions.WriteTimeoutException: Cassandra timeout during SIMPLE write query at consistency LOCAL_ONE (1 replica were required but only 0 acknowledged the write)
Cassandra has shutdown.
traces: buffers ever created=6, entries into the disallow branch (waiting)=26, flushes held=26
EXPECTED: every created line shows max=6 — yes
EXPECTED: every created line shows size=33554432 — yes
EXPECTED: created never exceeds n (6) — yes
highest created value: 6
peak MemoryUsed in readings.csv: 227270919
ERROR lines in system.log: 0; hints directory: 1005M
RESULT n6: run finished at 1790803227460
