[2026-10-01 10:28:34] script: ./cluster-run.sh value s16; host: node0.jason92-318546.misconfiguration-pg0.cloudlab.umass.edu; label: s16
== s16: cdc_total_space=280MiB commitlog_segment_size=16MiB mode=blocking kind=normal; stress threads=16, B throttle 100/s
[2026-10-01 10:28:34] CHECK PASS: no CassandraDaemon running
[2026-10-01 10:28:34] CHECK PASS: ports 7199/9042/9091 free
[2026-10-01 10:28:34] CHECK PASS: local disk has >= 25 GB free
[2026-10-01 10:28:34] CHECK PASS: the clone is at cassandra-5.0.9
CdcTotalSpaceCeilingTest.java: OK
cdc-verdict.btm: OK
cdc-sampler.py: OK
cdc-consumer.sh: OK
cdc-analyze.py: OK
cdc-rows.yaml: OK
plain-rows.yaml: OK
[2026-10-01 10:28:34] CHECK PASS: python3 and cqlsh are available
yaml diff: -cdc_enabled: false|+cdc_enabled: true|-commitlog_segment_size: 32MiB|+commitlog_segment_size: 16MiB|+cdc_total_space: 280MiB|
[2026-10-01 10:28:34] CHECK PASS: yaml diff adds 3 lines
[2026-10-01 10:28:35] + mv logs /users/jason92/stage4-logs/cdc/cluster/logs.before-s16.1790872115
[2026-10-01 10:28:35]   rc=0
JVM_EXTRA_OPTS=-Dstage4.byteman.out=/users/jason92/stage4-logs/cdc/cluster/s16/cdc-verdict.txt -javaagent:/users/jason92/cassandra-run1/build/lib/jars/byteman-4.0.20.jar=script:/users/jason92/stage4-harness-run/cdc/cdc-verdict.btm,listener:true
[2026-10-01 10:28:35] + JVM_EXTRA_OPTS=... bin/cassandra -p cassandra.pid > /users/jason92/stage4-logs/cdc/cluster/s16/stdout.txt 2>&1
node pid 81299, up at 1790872159548 (after 17s)
    | # File /users/jason92/stage4-harness-run/cdc/cdc-verdict.btm line 59
    | RULE cdc write rejected
    | CLASS org.apache.cassandra.exceptions.CDCWriteException
    | METHOD <init>
    | NOCOMPILE
    | AT ENTRY
    | BIND n : int = incrementCounter("stage4.cdcReject")
    | IF n % 100 == 1
    | DO traceOpen("cdcVerdict", java.lang.System.getProperty("stage4.byteman.out", "cdc-verdict.txt"));
    | traceln("cdcVerdict", "reject n=" + n + " ms=" + java.lang.System.currentTimeMillis() + " msg=" + $1)
    | ENDRULE
    | Transformed in:
    | loader: jdk.internal.loader.ClassLoaders$AppClassLoader@3d4eac69
    | trigger method: org.apache.cassandra.exceptions.CDCWriteException.<init>(java.lang.String) void
    | # File /users/jason92/stage4-harness-run/cdc/cdc-verdict.btm line 41
    | RULE cdc verdict, state after
    | CLASS org.apache.cassandra.db.commitlog.CommitLogSegmentManagerCDC$CDCSizeTracker
    | METHOD processNewSegment
    | NOCOMPILE
    | AT EXIT
    | IF true
    | DO traceOpen("cdcVerdict", java.lang.System.getProperty("stage4.byteman.out", "cdc-verdict.txt"));
    | traceln("cdcVerdict", "post seg=" + $1.logFile.name() + " state=" + $1.getCDCState() + " sip=" + $0.sizeInProgress.get() + " ms=" + java.lang.System.currentTimeMillis())
    | ENDRULE
    | Transformed in:
    | loader: jdk.internal.loader.ClassLoaders$AppClassLoader@3d4eac69
    | trigger method: org.apache.cassandra.db.commitlog.CommitLogSegmentManagerCDC$CDCSizeTracker.processNewSegment(org.apache.cassandra.db.commitlog.CommitLogSegment) void
    | compiled successfully
    | # File /users/jason92/stage4-harness-run/cdc/cdc-verdict.btm line 32
    | RULE cdc verdict, counter before
    | CLASS org.apache.cassandra.db.commitlog.CommitLogSegmentManagerCDC$CDCSizeTracker
    | METHOD processNewSegment
    | NOCOMPILE
    | AT ENTRY
    | IF true
    | DO traceOpen("cdcVerdict", java.lang.System.getProperty("stage4.byteman.out", "cdc-verdict.txt"));
    | traceln("cdcVerdict", "pre seg=" + $1.logFile.name() + " sip=" + $0.sizeInProgress.get() + " allowance=" + org.apache.cassandra.config.DatabaseDescriptor.getCDCTotalSpace() + " segSize=" + org.apache.cassandra.config.DatabaseDescriptor.getCommitLogSegmentSize() + " blocking=" + org.apache.cassandra.config.DatabaseDescriptor.getCDCBlockWrites() + " ms=" + java.lang.System.currentTimeMillis())
    | ENDRULE
    | Transformed in:
    | loader: jdk.internal.loader.ClassLoaders$AppClassLoader@3d4eac69
[2026-10-01 10:29:19] CHECK PASS: Submit -l lists CDCSizeTracker.processNewSegment
[2026-10-01 10:29:19] CHECK PASS: Submit -l lists deleteOldLinkedCDCCommitLogSegment
[2026-10-01 10:29:19] CHECK PASS: Submit -l lists CDCWriteException
    | 
    |  name                   | value
    | ------------------------+---------------------
    |        cdc_block_writes |                true
    |             cdc_enabled |                true
    |       cdc_raw_directory | bin/../data/cdc_raw
    |         cdc_total_space |              280MiB
    |  commitlog_segment_size |               16MiB
    | 
    | (5 rows)
settings read back: cdc_total_space=280MiB commitlog_segment_size=16MiB cdc_enabled=true cdc_block_writes=true
k = floor(280 / 16) = 17; exact multiple: no
[2026-10-01 10:29:20] CHECK PASS: cdc_total_space read back as 280
[2026-10-01 10:29:20] CHECK PASS: commitlog_segment_size read back as 16
[2026-10-01 10:29:20] CHECK PASS: data/cdc_raw exists
[2026-10-01 10:29:21] phase idle_start
[2026-10-01 10:29:36] phase idle_end
[2026-10-01 10:29:38] reading idle: links=2 link_bytes=33554432 alloc=69632 idx=0/0 Failures=0 WARN=0 created=2 forbidden=0
EXPECTED: idle floor is min(k, 2) = 2 links — yes
[2026-10-01 10:29:38] + bin/cqlsh -e "CREATE KEYSPACE IF NOT EXISTS stage4cdc WITH replication = {'class': 'SimpleStrategy', 'replication_factor': 1}; CREATE TABLE IF NOT EXISTS stage4cdc.cdc_rows (id bigint, payload blob, PRIMARY KEY (id)) WITH cdc = true; CREATE TABLE IF NOT EXISTS stage4cdc.plain_rows (id bigint, payload blob, PRIMARY KEY (id)) WITH cdc = false;"
[2026-10-01 10:29:40] CHECK PASS: both tables exist
[2026-10-01 10:29:40] phase A_start
[2026-10-01 10:29:40] + tools/bin/cassandra-stress user profile=/users/jason92/stage4-harness-run/cdc/cdc-rows.yaml "ops(insert=1)" n=1000000000 no-warmup -rate threads=16 -errors retries=0 ignore -node 127.0.0.1 > /users/jason92/stage4-logs/cdc/cluster/s16/stress-cdc-A.txt &
[2026-10-01 10:29:47] phase A_first_rejection
[2026-10-01 10:29:47] phase A_end
[2026-10-01 10:29:48] reading A: links=17 link_bytes=285212672 alloc=267866112 idx=12/216 Failures=75 WARN=1 created=19 forbidden=2
A: ended at 1790872188866, ~6 s after the start; stress A tail: |Operation x1 on key(s) [-202045445]: Error executing: (WriteFailureException): Cassandra failure during write query at consistency LOCAL_ONE (1 responses were required but only 0 replica responded, 1 failed)||
[2026-10-01 10:29:48] phase settle_start
[2026-10-01 10:29:49] phase settle_end
settle: a non-CDC write was accepted promptly after 1 attempt(s), 703 ms (settle-probe.txt)
EXPECTED: settle: the node took a non-CDC write promptly within 180 s — yes
[2026-10-01 10:29:49] phase B_start
[2026-10-01 10:29:49] + tools/bin/cassandra-stress user profile=/users/jason92/stage4-harness-run/cdc/cdc-rows.yaml "ops(insert=1)" duration=60s no-warmup -rate threads=16 throttle=100/s -errors retries=0 ignore -node 127.0.0.1 > /users/jason92/stage4-logs/cdc/cluster/s16/stress-cdc-B.txt &
[2026-10-01 10:29:49] + tools/bin/cassandra-stress user profile=/users/jason92/stage4-harness-run/cdc/plain-rows.yaml "ops(insert=1)" duration=60s no-warmup -rate threads=2 throttle=10/s -errors retries=0 ignore -node 127.0.0.1 > /users/jason92/stage4-logs/cdc/cluster/s16/stress-plain-B.txt &
[2026-10-01 10:29:49] reading B: links=17 link_bytes=285212672 alloc=267866112 idx=17/306 Failures= WARN=1 created=19 forbidden=2
[2026-10-01 10:29:54] reading B: links=17 link_bytes=285212672 alloc=267866112 idx=17/306 Failures= WARN=1 created=19 forbidden=2
[2026-10-01 10:29:59] reading B: links=17 link_bytes=285212672 alloc=267866112 idx=17/306 Failures= WARN=2 created=19 forbidden=2
[2026-10-01 10:30:04] reading B: links=17 link_bytes=285212672 alloc=267866112 idx=17/306 Failures= WARN=2 created=19 forbidden=2
[2026-10-01 10:30:09] reading B: links=17 link_bytes=285212672 alloc=267866112 idx=17/306 Failures= WARN=3 created=19 forbidden=2
[2026-10-01 10:30:14] reading B: links=17 link_bytes=285212672 alloc=267866112 idx=17/306 Failures= WARN=3 created=19 forbidden=2
[2026-10-01 10:30:19] reading B: links=17 link_bytes=285212672 alloc=267866112 idx=17/306 Failures= WARN=4 created=19 forbidden=2
[2026-10-01 10:30:24] reading B: links=17 link_bytes=285212672 alloc=267866112 idx=17/306 Failures= WARN=4 created=20 forbidden=3
[2026-10-01 10:30:29] reading B: links=17 link_bytes=285212672 alloc=267866112 idx=17/306 Failures= WARN=5 created=20 forbidden=3
[2026-10-01 10:30:34] reading B: links=17 link_bytes=285212672 alloc=267866112 idx=17/306 Failures= WARN=5 created=20 forbidden=3
[2026-10-01 10:30:39] reading B: links=17 link_bytes=285212672 alloc=267866112 idx=17/306 Failures= WARN=6 created=20 forbidden=3
[2026-10-01 10:30:44] reading B: links=17 link_bytes=285212672 alloc=267866112 idx=17/306 Failures= WARN=6 created=20 forbidden=3
[2026-10-01 10:30:50] reading B: links=17 link_bytes=285212672 alloc=267866112 idx=17/306 Failures= WARN=7 created=21 forbidden=4
[2026-10-01 10:30:55] reading B: links=17 link_bytes=285212672 alloc=267866112 idx=17/306 Failures= WARN=7 created=21 forbidden=4
[2026-10-01 10:31:00] phase B_end
[2026-10-01 10:31:01] reading Bend: links=17 link_bytes=285212672 alloc=267866112 idx=17/306 Failures=6090 WARN=8 created=21 forbidden=4
CDC stress B: Op rate                   :       99 op/s  [insert: 99 op/s]
CDC stress B: Total partitions          :      6,015 [insert: 6,015]
CDC stress B: Total errors              :      6,015 [insert: 6,015]
non-CDC stress B: Op rate                   :       10 op/s  [insert: 10 op/s]
non-CDC stress B: Total partitions          :        602 [insert: 602]
non-CDC stress B: Total errors              :          0 [insert: 0]
EXPECTED: non-CDC control: no errors — yes
EXPECTED: non-CDC control: wrote rows — yes
[2026-10-01 10:31:01] phase R_start
release: consumer pass deleted 17 links (L was 17 at B's end)
[2026-10-01 10:31:03] phase R_end
[2026-10-01 10:31:05] reading Rend: links=1 link_bytes=16777216 alloc=6049792 idx=0/0 Failures=6091 WARN=8 created=21 forbidden=4
release: accepted=1 after 2 attempt(s), 1585 ms from the consumer pass to the accepted write (release-probe.txt has each attempt)
EXPECTED: release: a CDC write was accepted within 30 s — yes
Cassandra has shutdown.
traces: segments created=22, created forbidden=4, 'Rejecting mutation' WARN entries in system.log=8, logged rejected writes (exception stacks)=6091, deleteOld lines=0, reject lines=61 (last n: 6001)
sampler: ticks=2102 max_links=17 max_link_bytes=285212672 max_gap_ms=50 first_ms=1790872160701 last_ms=1790872265751
ERROR entries in system.log: 6091 (each rejected write logs one: 'Failed to apply mutation locally'); system.log 9.2M; DEBUG 'Freed up' lines in debug.log: 0
disk: 302M data/ ; 54G free
    | S=16777216  A=293601280  k=17  blocking=True  exact multiple of S: False
    | 
    | 1. verdict formula  FORBIDDEN <=> blocking and S + pre.sip > A:  22 creations, 0 violations []
    | 
    | 2. each creation (links = files that existed just before it: counted from the earlier permitted creations in blocking mode, from the timeline otherwise)
    |    segment                      links pre.sip/S        pre.sip    lag bytes verdict   note
    |    -1790872122290.log               0   0.00              0            0 PERMITTED 
    |    -1790872122291.log               1   0.00              0     16777216 PERMITTED STALE: counter 1.00 segments low  [timeline says 0 links]
    |    -1790872122292.log               2   1.00       16777216     16777216 PERMITTED STALE: counter 1.00 segments low
    |    -1790872122293.log               3   3.00       50331648            0 PERMITTED 
    |    -1790872122294.log               4   4.00       67108889          -25 PERMITTED 
    |    -1790872122295.log               5   4.00       67108889     16777191 PERMITTED STALE: counter 1.00 segments low
    |    -1790872122296.log               6   5.00       83886105     16777191 PERMITTED STALE: counter 1.00 segments low
    |    -1790872122297.log               7   6.00      100663350     16777162 PERMITTED STALE: counter 1.00 segments low
    |    -1790872122298.log               8   7.00      117440566     16777162 PERMITTED STALE: counter 1.00 segments low
    |    -1790872122299.log               9   9.00      150994998          -54 PERMITTED 
    |    -1790872122300.log              10  10.00      167772214          -54 PERMITTED 
    |    -1790872122301.log              11  11.00      184549430          -54 PERMITTED 
    |    -1790872122302.log              12  12.00      201326646          -54 PERMITTED 
    |    -1790872122303.log              13  13.00      218103862          -54 PERMITTED 
    |    -1790872122304.log              14  14.00      234881078          -54 PERMITTED 
    |    -1790872122305.log              15  15.00      251658294          -54 PERMITTED 
    |    -1790872122306.log              16  16.00      268435510          -54 PERMITTED 
    |    -1790872122307.log              17  17.00      285212816         -144 FORBIDDEN 
    |    -1790872122308.log              17  17.00      285212816         -144 FORBIDDEN 
    |    -1790872122309.log              17  17.00      285212978         -306 FORBIDDEN 
    |    -1790872122310.log              17  17.00      285212978         -306 FORBIDDEN 
    |    -1790872122311.log               1   1.00       16777216            0 PERMITTED 
    |    stale (lag >= S/2) among 22 unambiguous creations: 6
    | 
    | 3. creations that made a link beyond k = 17
    |    none
    | 
    | 4. link timeline: peak L = 17 before the first removal  (from the events; same-tick ordering can inflate it by 1, the CSV is exact)
    |    first rejection traced at 1790872187298: L = 17; rejection lines traced: 61, rejections counted up to the last: 6001
    | 
    | 5. sampler CSV: 2102 ticks, max gap 50 ms
    |    ticks where the link bytes were not exactly L x S: 0
    |    idle_end                     L=2    link_bytes=33554432     (2.00 S)  allocated=69632        idx=0/0
    |    A_first_rejection            L=17   link_bytes=285212672    (17.00 S)  allocated=267866112    idx=8/144
    |    A_end                        L=17   link_bytes=285212672    (17.00 S)  allocated=267866112    idx=12/216
    |    B_end                        L=17   link_bytes=285212672    (17.00 S)  allocated=267866112    idx=17/306
    |    R_start                      L=17   link_bytes=285212672    (17.00 S)  allocated=267866112    idx=17/306
    |    R_end                        L=1    link_bytes=16777216     (1.00 S)  allocated=6049792      idx=0/0
    |    B window: peak L=17, min L=17, plateau (median over its last 20 s) L=17.0, bytes at peak=285212672
    |    peak L over the whole run: 17 (285212672 bytes = 17.00 S)
    | 
    | 6. ceiling attribution (blocking): permitted creations = 18, k = 17, links made beyond k = 0
    |    each beyond-k link made while `S + counter <= A` but `S + files > A` (stale counter): n/a, none beyond k
RESULT value s16: finished at 1790872280223
