[2026-10-01 10:10:35] script: ./cluster-run.sh value n528; host: node0.jason92-318546.misconfiguration-pg0.cloudlab.umass.edu; label: n528
== n528: cdc_total_space=528MiB commitlog_segment_size=32MiB mode=nonblocking kind=normal; stress threads=16, B throttle 100/s
[2026-10-01 10:10:35] CHECK PASS: no CassandraDaemon running
[2026-10-01 10:10:35] CHECK PASS: ports 7199/9042/9091 free
[2026-10-01 10:10:35] CHECK PASS: local disk has >= 25 GB free
[2026-10-01 10:10:35] CHECK PASS: the clone is at cassandra-5.0.9
CdcTotalSpaceCeilingTest.java: OK
cdc-verdict.btm: OK
cdc-sampler.py: OK
cdc-consumer.sh: OK
cdc-analyze.py: OK
cdc-rows.yaml: OK
plain-rows.yaml: OK
[2026-10-01 10:10:35] CHECK PASS: python3 and cqlsh are available
yaml diff: -cdc_enabled: false|+cdc_enabled: true|+cdc_total_space: 528MiB|+cdc_block_writes: false|
[2026-10-01 10:10:35] CHECK PASS: yaml diff adds 3 lines
[2026-10-01 10:10:36] + mv logs /users/jason92/stage4-logs/cdc/cluster/logs.before-n528.1790871036
[2026-10-01 10:10:36]   rc=0
JVM_EXTRA_OPTS=-Dstage4.byteman.out=/users/jason92/stage4-logs/cdc/cluster/n528/cdc-verdict.txt -javaagent:/users/jason92/cassandra-run1/build/lib/jars/byteman-4.0.20.jar=script:/users/jason92/stage4-harness-run/cdc/cdc-verdict.btm,listener:true
[2026-10-01 10:10:36] + JVM_EXTRA_OPTS=... bin/cassandra -p cassandra.pid > /users/jason92/stage4-logs/cdc/cluster/n528/stdout.txt 2>&1
node pid 49758, up at 1790871081011 (after 17s)
    | # File /users/jason92/stage4-harness-run/cdc/cdc-verdict.btm line 59
    | RULE cdc write rejected
    | CLASS org.apache.cassandra.exceptions.CDCWriteException
    | METHOD <init>
    | NOCOMPILE
    | AT ENTRY
    | BIND n : int = incrementCounter("stage4.cdcReject")
    | IF n % 100 == 1
    | DO traceOpen("cdcVerdict", java.lang.System.getProperty("stage4.byteman.out", "cdc-verdict.txt"));
    | traceln("cdcVerdict", "reject n=" + n + " ms=" + java.lang.System.currentTimeMillis() + " msg=" + $1)
    | ENDRULE
    | Transformed in:
    | loader: jdk.internal.loader.ClassLoaders$AppClassLoader@3d4eac69
    | trigger method: org.apache.cassandra.exceptions.CDCWriteException.<init>(java.lang.String) void
    | # File /users/jason92/stage4-harness-run/cdc/cdc-verdict.btm line 41
    | RULE cdc verdict, state after
    | CLASS org.apache.cassandra.db.commitlog.CommitLogSegmentManagerCDC$CDCSizeTracker
    | METHOD processNewSegment
    | NOCOMPILE
    | AT EXIT
    | IF true
    | DO traceOpen("cdcVerdict", java.lang.System.getProperty("stage4.byteman.out", "cdc-verdict.txt"));
    | traceln("cdcVerdict", "post seg=" + $1.logFile.name() + " state=" + $1.getCDCState() + " sip=" + $0.sizeInProgress.get() + " ms=" + java.lang.System.currentTimeMillis())
    | ENDRULE
    | Transformed in:
    | loader: jdk.internal.loader.ClassLoaders$AppClassLoader@3d4eac69
    | trigger method: org.apache.cassandra.db.commitlog.CommitLogSegmentManagerCDC$CDCSizeTracker.processNewSegment(org.apache.cassandra.db.commitlog.CommitLogSegment) void
    | compiled successfully
    | # File /users/jason92/stage4-harness-run/cdc/cdc-verdict.btm line 32
    | RULE cdc verdict, counter before
    | CLASS org.apache.cassandra.db.commitlog.CommitLogSegmentManagerCDC$CDCSizeTracker
    | METHOD processNewSegment
    | NOCOMPILE
    | AT ENTRY
    | IF true
    | DO traceOpen("cdcVerdict", java.lang.System.getProperty("stage4.byteman.out", "cdc-verdict.txt"));
    | traceln("cdcVerdict", "pre seg=" + $1.logFile.name() + " sip=" + $0.sizeInProgress.get() + " allowance=" + org.apache.cassandra.config.DatabaseDescriptor.getCDCTotalSpace() + " segSize=" + org.apache.cassandra.config.DatabaseDescriptor.getCommitLogSegmentSize() + " blocking=" + org.apache.cassandra.config.DatabaseDescriptor.getCDCBlockWrites() + " ms=" + java.lang.System.currentTimeMillis())
    | ENDRULE
    | Transformed in:
    | loader: jdk.internal.loader.ClassLoaders$AppClassLoader@3d4eac69
[2026-10-01 10:11:21] CHECK PASS: Submit -l lists CDCSizeTracker.processNewSegment
[2026-10-01 10:11:21] CHECK PASS: Submit -l lists deleteOldLinkedCDCCommitLogSegment
[2026-10-01 10:11:21] CHECK PASS: Submit -l lists CDCWriteException
    | 
    |  name                   | value
    | ------------------------+---------------------
    |        cdc_block_writes |               false
    |             cdc_enabled |                true
    |       cdc_raw_directory | bin/../data/cdc_raw
    |         cdc_total_space |              528MiB
    |  commitlog_segment_size |               32MiB
    | 
    | (5 rows)
settings read back: cdc_total_space=528MiB commitlog_segment_size=32MiB cdc_enabled=true cdc_block_writes=false
k = floor(528 / 32) = 16; exact multiple: no
[2026-10-01 10:11:22] CHECK PASS: cdc_total_space read back as 528
[2026-10-01 10:11:22] CHECK PASS: commitlog_segment_size read back as 32
[2026-10-01 10:11:22] CHECK PASS: data/cdc_raw exists
[2026-10-01 10:11:23] phase idle_start
[2026-10-01 10:11:38] phase idle_end
[2026-10-01 10:11:39] reading idle: links=2 link_bytes=67108864 alloc=69632 idx=0/0 Failures=0 WARN=0 created=2 forbidden=0
EXPECTED: idle floor is min(k, 2) = 2 links — yes
[2026-10-01 10:11:39] phase A_start
[2026-10-01 10:11:39] + tools/bin/cassandra-stress user profile=/users/jason92/stage4-harness-run/cdc/cdc-rows.yaml "ops(insert=1)" n=1000000000 no-warmup -rate threads=16 -errors retries=0 ignore -node 127.0.0.1 > /users/jason92/stage4-logs/cdc/cluster/n528/stress-cdc-A.txt &
[2026-10-01 10:11:47] phase A_segments_reached
[2026-10-01 10:11:47] phase A_end
[2026-10-01 10:11:49] reading A: links=17 link_bytes=570425344 alloc=507310080 idx=6/108 Failures=0 WARN=0 created=29 forbidden=0
A: ended at 1790871109359, ~8 s after the start; stress A tail: type                                               total ops,    op/s,    pk/s,   row/s,    mean,     med,     .95,     .99,    .999,     max,   time,   stderr, errors,  gc: #,  max ms,  sum ms,  sdv ms,      mb|total,                                                    39,      39,      39,      39,    70.1,    36.7,   169.3,   172.4,   172.4,   172.4,    1.0,  0.00000,      0,      0,       0,       0,       0,       0|total,                                                   470,     431,     431,     431,    37.3,    38.0,    51.2,    56.8,    65.4,    65.4,    2.0,  0.57599,      0,      0,       0,       0,       0,       0|
[2026-10-01 10:11:49] phase B_start
[2026-10-01 10:11:49] + tools/bin/cassandra-stress user profile=/users/jason92/stage4-harness-run/cdc/cdc-rows.yaml "ops(insert=1)" duration=30s no-warmup -rate threads=16 throttle=100/s -errors retries=0 ignore -node 127.0.0.1 > /users/jason92/stage4-logs/cdc/cluster/n528/stress-cdc-B.txt &
[2026-10-01 10:11:49] reading B: links=17 link_bytes=570425344 alloc=517603328 idx=16/278 Failures= WARN=0 created=29 forbidden=0
[2026-10-01 10:11:54] reading B: links=17 link_bytes=570425344 alloc=517603328 idx=16/278 Failures= WARN=0 created=29 forbidden=0
[2026-10-01 10:11:59] reading B: links=17 link_bytes=570425344 alloc=508530688 idx=15/259 Failures= WARN=0 created=43 forbidden=0
[2026-10-01 10:12:04] reading B: links=17 link_bytes=570425344 alloc=514322432 idx=16/277 Failures= WARN=0 created=59 forbidden=0
[2026-10-01 10:12:09] reading B: links=17 link_bytes=570425344 alloc=489750528 idx=15/259 Failures= WARN=0 created=76 forbidden=0
[2026-10-01 10:12:14] reading B: links=17 link_bytes=570425344 alloc=495374336 idx=15/259 Failures= WARN=0 created=92 forbidden=0
[2026-10-01 10:12:19] reading B: links=17 link_bytes=570425344 alloc=505008128 idx=4/72 Failures= WARN=0 created=108 forbidden=0
[2026-10-01 10:12:24] reading B: links=16 link_bytes=536870912 alloc=475611136 idx=7/126 Failures= WARN=0 created=124 forbidden=0
[2026-10-01 10:12:29] phase B_end
[2026-10-01 10:12:31] reading Bend: links=17 link_bytes=570425344 alloc=493465600 idx=16/288 Failures=0 WARN=0 created=127 forbidden=0
CDC stress B: Op rate                   :       99 op/s  [insert: 99 op/s]
CDC stress B: Total partitions          :      3,015 [insert: 3,015]
CDC stress B: Total errors              :          0 [insert: 0]
EXPECTED: non-blocking: the CDC stress had no errors — yes
EXPECTED: non-blocking: no rejection WARN — yes
Cassandra has shutdown.
[2026-10-01 10:12:52] ERR line 311: sed -E 's/.* n=([0-9]+).*/\1/'
traces: segments created=128, created forbidden=0, 'Rejecting mutation' WARN entries in system.log=0, logged rejected writes (exception stacks)=0, deleteOld lines=96, reject lines=0 (last n: )
sampler: ticks=1380 max_links=17 max_link_bytes=570425344 max_gap_ms=50 first_ms=1790871082172 last_ms=1790871151122
ERROR entries in system.log: 0 (each rejected write logs one: 'Failed to apply mutation locally'); system.log 92K; DEBUG 'Freed up' lines in debug.log: 96
disk: 3.4G data/ ; 51G free
    | S=33554432  A=553648128  k=16  blocking=False  exact multiple of S: False
    | 
    | 1. verdict formula  FORBIDDEN <=> blocking and S + pre.sip > A:  128 creations, 0 violations []
    | 
    | 2. each creation (links = files that existed just before it, from the timeline)
    |    segment                      links pre.sip/S        pre.sip    lag bytes verdict   note
    |    -1790871043586.log               0   0.00              0            0 PERMITTED 
    |    -1790871043587.log               0   0.00              0            0 PERMITTED 
    |    -1790871043588.log               2   1.00       33554432     33554432 PERMITTED STALE: counter 1.00 segments low
    |    -1790871043589.log               3   2.00       67108864     33554432 PERMITTED ambiguous (a link event within 100 ms before)
    |    -1790871043590.log               4   3.00      100663296     33554432 PERMITTED ambiguous (a link event within 100 ms before)
    |    -1790871043591.log               5   4.00      134217728     33554432 PERMITTED ambiguous (a link event within 100 ms before)
    |    -1790871043592.log               6   5.00      167772178     33554414 PERMITTED ambiguous (a link event within 100 ms before)
    |    -1790871043593.log               7   6.00      201326610     33554414 PERMITTED ambiguous (a link event within 100 ms before)
    |    -1790871043594.log               8   7.00      234881042     33554414 PERMITTED ambiguous (a link event within 100 ms before)
    |    -1790871043595.log               9   9.00      301989978          -90 PERMITTED ambiguous (a link event within 100 ms before)
    |    -1790871043596.log              10  10.00      335544410          -90 PERMITTED ambiguous (a link event within 100 ms before)
    |    -1790871043597.log              11  11.00      369098842          -90 PERMITTED ambiguous (a link event within 100 ms before)
    |    -1790871043598.log              12  12.00      402653274          -90 PERMITTED ambiguous (a link event within 100 ms before)
    |    -1790871043599.log              13  13.00      436207742         -126 PERMITTED ambiguous (a link event within 100 ms before)
    |    -1790871043600.log              14  14.00      469762174         -126 PERMITTED ambiguous (a link event within 100 ms before)
    |    -1790871043601.log              15  15.00      503316606         -126 PERMITTED ambiguous (a link event within 100 ms before)
    |    -1790871043602.log              16  16.00      536871092         -180 PERMITTED ambiguous (a link event within 100 ms before)
    |    -1790871043603.log              16  15.00      503316480     33554432 PERMITTED ambiguous (a link event within 100 ms before)
    |    -1790871043604.log              17  16.00      536870912     33554432 PERMITTED ambiguous (a link event within 100 ms before)
    |    -1790871043605.log              17  16.00      536870912     33554432 PERMITTED ambiguous (a link event within 100 ms before)
    |    -1790871043606.log              17  17.00      570425506         -162 PERMITTED ambiguous (a link event within 100 ms before)
    |    -1790871043607.log              16  15.00      503316480     33554432 PERMITTED ambiguous (a link event within 100 ms before)
    |    -1790871043608.log              17  16.00      536870912     33554432 PERMITTED ambiguous (a link event within 100 ms before)
    |    -1790871043609.log              17  16.00      536870912     33554432 PERMITTED ambiguous (a link event within 100 ms before)
    |    -1790871043610.log              17  17.00      570425452         -108 PERMITTED ambiguous (a link event within 100 ms before)
    |    -1790871043611.log              16  15.00      503316480     33554432 PERMITTED ambiguous (a link event within 100 ms before)
    |    -1790871043612.log              17  16.00      536870912     33554432 PERMITTED ambiguous (a link event within 100 ms before)
    |    -1790871043613.log              17  17.00      570425488         -144 PERMITTED ambiguous (a link event within 100 ms before)
    |    -1790871043614.log              16  15.00      503316480     33554432 PERMITTED ambiguous (a link event within 100 ms before)
    |    -1790871043615.log              17  17.00      570425542         -198 PERMITTED 
    |    -1790871043616.log              16  16.00      536871154         -242 PERMITTED 
    |    -1790871043617.log              16  16.00      536871153         -241 PERMITTED 
    |    -1790871043618.log              16  15.00      503316721     33554191 PERMITTED STALE: counter 1.00 segments low
    |    -1790871043619.log              17  16.00      536871171     33554173 PERMITTED STALE: counter 1.00 segments low
    |    -1790871043620.log              17  16.00      536871171     33554173 PERMITTED STALE: counter 1.00 segments low
    |    -1790871043621.log              17  16.00      536871171     33554173 PERMITTED STALE: counter 1.00 segments low
    |    -1790871043622.log              17  16.00      536871171     33554173 PERMITTED STALE: counter 1.00 segments low
    |    -1790871043623.log              17  16.00      536871171     33554173 PERMITTED STALE: counter 1.00 segments low
    |    -1790871043624.log              17  16.00      536871171     33554173 PERMITTED STALE: counter 1.00 segments low
    |    -1790871043625.log              17  16.00      536871171     33554173 PERMITTED STALE: counter 1.00 segments low
    |    -1790871043626.log              17  16.00      536871171     33554173 PERMITTED STALE: counter 1.00 segments low
    |    -1790871043627.log              17  16.00      536871171     33554173 PERMITTED STALE: counter 1.00 segments low
    |    -1790871043628.log              17  16.00      536871171     33554173 PERMITTED STALE: counter 1.00 segments low
    |    -1790871043629.log              17  16.00      536871171     33554173 PERMITTED STALE: counter 1.00 segments low
    |    -1790871043630.log              17  16.00      536871172     33554172 PERMITTED STALE: counter 1.00 segments low
    |    -1790871043631.log              17  16.00      536871171     33554173 PERMITTED STALE: counter 1.00 segments low
    |    -1790871043632.log              17  16.00      536871171     33554173 PERMITTED STALE: counter 1.00 segments low
    |    -1790871043633.log              17  16.00      536871171     33554173 PERMITTED STALE: counter 1.00 segments low
    |    -1790871043634.log              17  16.00      536871171     33554173 PERMITTED STALE: counter 1.00 segments low
    |    -1790871043635.log              17  16.00      536871171     33554173 PERMITTED STALE: counter 1.00 segments low
    |    -1790871043636.log              17  16.00      536871171     33554173 PERMITTED STALE: counter 1.00 segments low
    |    -1790871043637.log              17  16.00      536871171     33554173 PERMITTED STALE: counter 1.00 segments low
    |    -1790871043638.log              17  16.00      536871171     33554173 PERMITTED STALE: counter 1.00 segments low
    |    -1790871043639.log              17  16.00      536871171     33554173 PERMITTED STALE: counter 1.00 segments low
    |    -1790871043640.log              17  16.00      536871171     33554173 PERMITTED STALE: counter 1.00 segments low
    |    -1790871043641.log              17  16.00      536871171     33554173 PERMITTED STALE: counter 1.00 segments low
    |    -1790871043642.log              17  16.00      536871171     33554173 PERMITTED STALE: counter 1.00 segments low
    |    -1790871043643.log              17  16.00      536871171     33554173 PERMITTED STALE: counter 1.00 segments low
    |    -1790871043644.log              17  16.00      536871171     33554173 PERMITTED STALE: counter 1.00 segments low
    |    -1790871043645.log              17  16.00      536871171     33554173 PERMITTED STALE: counter 1.00 segments low
    |    -1790871043646.log              17  16.00      536871171     33554173 PERMITTED STALE: counter 1.00 segments low
    |    -1790871043647.log              17  16.00      536871171     33554173 PERMITTED STALE: counter 1.00 segments low
    |    -1790871043648.log              17  16.00      536871171     33554173 PERMITTED STALE: counter 1.00 segments low
    |    -1790871043649.log              17  16.00      536871171     33554173 PERMITTED STALE: counter 1.00 segments low
    |    -1790871043650.log              17  16.00      536871171     33554173 PERMITTED STALE: counter 1.00 segments low
    |    -1790871043651.log              17  16.00      536871171     33554173 PERMITTED STALE: counter 1.00 segments low
    |    -1790871043652.log              17  16.00      536871171     33554173 PERMITTED STALE: counter 1.00 segments low
    |    -1790871043653.log              17  16.00      536871171     33554173 PERMITTED STALE: counter 1.00 segments low
    |    -1790871043654.log              17  16.00      536871171     33554173 PERMITTED STALE: counter 1.00 segments low
    |    -1790871043655.log              17  16.00      536871171     33554173 PERMITTED STALE: counter 1.00 segments low
    |    -1790871043656.log              17  16.00      536871171     33554173 PERMITTED STALE: counter 1.00 segments low
    |    -1790871043657.log              17  16.00      536871171     33554173 PERMITTED ambiguous (a link event within 100 ms before)
    |    -1790871043658.log              17  16.00      536871171     33554173 PERMITTED STALE: counter 1.00 segments low
    |    -1790871043659.log              17  16.00      536871171     33554173 PERMITTED STALE: counter 1.00 segments low
    |    -1790871043660.log              17  16.00      536871171     33554173 PERMITTED STALE: counter 1.00 segments low
    |    -1790871043661.log              17  16.00      536871171     33554173 PERMITTED STALE: counter 1.00 segments low
    |    -1790871043662.log              17  16.00      536871171     33554173 PERMITTED ambiguous (a link event within 100 ms before)
    |    -1790871043663.log              17  16.00      536871171     33554173 PERMITTED STALE: counter 1.00 segments low
    |    -1790871043664.log              17  16.00      536871171     33554173 PERMITTED STALE: counter 1.00 segments low
    |    -1790871043665.log              17  16.00      536871171     33554173 PERMITTED STALE: counter 1.00 segments low
    |    -1790871043666.log              17  16.00      536871171     33554173 PERMITTED STALE: counter 1.00 segments low
    |    -1790871043667.log              17  16.00      536871171     33554173 PERMITTED STALE: counter 1.00 segments low
    |    -1790871043668.log              17  16.00      536871171     33554173 PERMITTED STALE: counter 1.00 segments low
    |    -1790871043669.log              17  16.00      536871171     33554173 PERMITTED STALE: counter 1.00 segments low
    |    -1790871043670.log              17  16.00      536871171     33554173 PERMITTED STALE: counter 1.00 segments low
    |    -1790871043671.log              17  16.00      536871171     33554173 PERMITTED STALE: counter 1.00 segments low
    |    -1790871043672.log              17  17.00      570425603         -259 PERMITTED 
    |    -1790871043673.log              16  15.00      503316721     33554191 PERMITTED STALE: counter 1.00 segments low
    |    -1790871043674.log              17  17.00      570425603         -259 PERMITTED 
    |    -1790871043675.log              16  15.00      503316721     33554191 PERMITTED STALE: counter 1.00 segments low
    |    -1790871043676.log              17  17.00      570425603         -259 PERMITTED 
    |    -1790871043677.log              16  15.00      503316721     33554191 PERMITTED STALE: counter 1.00 segments low
    |    -1790871043678.log              17  16.00      536871171     33554173 PERMITTED STALE: counter 1.00 segments low
    |    -1790871043679.log              17  16.00      536871164     33554180 PERMITTED STALE: counter 1.00 segments low
    |    -1790871043680.log              17  16.00      536871146     33554198 PERMITTED STALE: counter 1.00 segments low
    |    -1790871043681.log              17  17.00      570425568         -224 PERMITTED 
    |    -1790871043682.log              16  15.00      503316668     33554244 PERMITTED STALE: counter 1.00 segments low
    |    -1790871043683.log              17  16.00      536871100     33554244 PERMITTED STALE: counter 1.00 segments low
    |    -1790871043684.log              17  17.00      570425542         -198 PERMITTED 
    |    -1790871043685.log              16  15.00      503316642     33554270 PERMITTED STALE: counter 1.00 segments low
    |    -1790871043686.log              17  16.00      536871074     33554270 PERMITTED STALE: counter 1.00 segments low
    |    -1790871043687.log              17  16.00      536871056     33554288 PERMITTED STALE: counter 1.00 segments low
    |    -1790871043688.log              17  17.00      570425470         -126 PERMITTED 
    |    -1790871043689.log              16  16.00      536871002          -90 PERMITTED 
    |    -1790871043690.log              16  16.00      536870984          -72 PERMITTED 
    |    -1790871043691.log              16  16.00      536871002          -90 PERMITTED 
    |    -1790871043692.log              16  16.00      536871002          -90 PERMITTED 
    |    -1790871043693.log              16  15.00      503316552     33554360 PERMITTED STALE: counter 1.00 segments low
    |    -1790871043694.log              17  17.00      570425416          -72 PERMITTED 
    |    -1790871043695.log              16  16.00      536870948          -36 PERMITTED 
    |    -1790871043696.log              16  16.00      536870930          -18 PERMITTED 
    |    -1790871043697.log              16  16.00      536870912            0 PERMITTED 
    |    -1790871043698.log              16  15.00      503316480     33554432 PERMITTED STALE: counter 1.00 segments low
    |    -1790871043699.log              17  17.00      570425344            0 PERMITTED 
    |    -1790871043700.log              16  16.00      536870912            0 PERMITTED 
    |    -1790871043701.log              16  15.00      503316480     33554432 PERMITTED STALE: counter 1.00 segments low
    |    -1790871043702.log              17  16.00      536870912     33554432 PERMITTED STALE: counter 1.00 segments low
    |    -1790871043703.log              17  17.00      570425344            0 PERMITTED 
    |    -1790871043704.log              16  16.00      536870912            0 PERMITTED 
    |    -1790871043705.log              16  15.00      503316534     33554378 PERMITTED STALE: counter 1.00 segments low
    |    -1790871043706.log              17  17.00      570425416          -72 PERMITTED 
    |    -1790871043707.log              16  15.00      503316570     33554342 PERMITTED STALE: counter 1.00 segments low
    |    -1790871043708.log              17  16.00      536871038     33554306 PERMITTED STALE: counter 1.00 segments low
    |    -1790871043709.log              17  17.00      570425470         -126 PERMITTED 
    |    -1790871043710.log              16  15.00      503316606     33554306 PERMITTED STALE: counter 1.00 segments low
    |    -1790871043711.log              17  16.00      536871038     33554306 PERMITTED STALE: counter 1.00 segments low
    |    -1790871043712.log              17  16.00      536871038     33554306 PERMITTED STALE: counter 1.00 segments low
    |    -1790871043713.log              17  17.00      570425891         -547 PERMITTED 
    |    stale (lag >= S/2) among 100 unambiguous creations: 74
    | 
    | 3. creations that made a link beyond k = 16  (blocking mode only: in non-blocking mode every segment is permitted and the oldest links are deleted)
    |    none
    | 
    | 4. link timeline: peak L = 17  (from the events; same-tick ordering can inflate it by 1, the CSV is exact)
    |    deleteOld calls: 96; links removed: 110; removed in ascending segment order: True
    | 
    | 5. sampler CSV: 1380 ticks, max gap 50 ms
    |    ticks where the link bytes were not exactly L x S: 0
    |    idle_end                     L=2    link_bytes=67108864     (2.00 S)  allocated=69632        idx=0/0
    |    A_segments_reached           L=16   link_bytes=536870912    (16.00 S)  allocated=480391168    idx=6/108
    |    A_end                        L=17   link_bytes=570425344    (17.00 S)  allocated=507310080    idx=6/108
    |    B_end                        L=17   link_bytes=570425344    (17.00 S)  allocated=493465600    idx=16/288
    |    B window: peak L=17, min L=16, plateau (median over its last 20 s) L=17.0, bytes at peak=570425344
    |    peak L over the whole run: 17 (570425344 bytes = 17.00 S)
RESULT value n528: finished at 1790871172797
