STAGE4 info sstables 1
STAGE4 info jvm 11.0.32.1
STAGE4 info UseCompressedOops true
STAGE4 info o 88 (IndexInfo 40, ArrayClustering 24, DeletionTime 24)
STAGE4 check blocks_pk1 20 20 ok
STAGE4 check blocks_pk2 40 40 ok
STAGE4 check blocks_pk3 80 80 ok
STAGE4 check blocks_pk4 160 160 ok
STAGE4 check blocks_pk5 320 320 ok
STAGE4 check blocks_pk6 640 640 ok
STAGE4 check blocks_pk7 1280 1280 ok
STAGE4 check known_refused_pk1 true true ok
STAGE4 check known_entries_pk1 20 20 ok
STAGE4 check known_formula_pk1 2219 2219 ok
STAGE4 check known_param_pk1 2219 2219 ok
STAGE4 info est pk1 B=20 bytes=459 est=2219
STAGE4 check known_refused_pk2 true true ok
STAGE4 check known_entries_pk2 40 40 ok
STAGE4 check known_formula_pk2 4439 4439 ok
STAGE4 check known_param_pk2 4439 4439 ok
STAGE4 info est pk2 B=40 bytes=919 est=4439
STAGE4 check known_refused_pk3 true true ok
STAGE4 check known_entries_pk3 80 80 ok
STAGE4 check known_formula_pk3 8879 8879 ok
STAGE4 check known_param_pk3 8879 8879 ok
STAGE4 info est pk3 B=80 bytes=1839 est=8879
STAGE4 check known_refused_pk4 true true ok
STAGE4 check known_entries_pk4 160 160 ok
STAGE4 check known_formula_pk4 17760 17760 ok
STAGE4 check known_param_pk4 17760 17760 ok
STAGE4 info est pk4 B=160 bytes=3680 est=17760
STAGE4 check known_refused_pk5 true true ok
STAGE4 check known_entries_pk5 320 320 ok
STAGE4 check known_formula_pk5 35520 35520 ok
STAGE4 check known_param_pk5 35520 35520 ok
STAGE4 info est pk5 B=320 bytes=7360 est=35520
STAGE4 check known_refused_pk6 true true ok
STAGE4 check known_entries_pk6 640 640 ok
STAGE4 check known_formula_pk6 71040 71040 ok
STAGE4 check known_param_pk6 71040 71040 ok
STAGE4 info est pk6 B=640 bytes=14720 est=71040
STAGE4 check known_refused_pk7 true true ok
STAGE4 check known_entries_pk7 1280 1280 ok
STAGE4 check known_formula_pk7 142080 142080 ok
STAGE4 check known_param_pk7 142080 142080 ok
STAGE4 info est pk7 B=1280 bytes=29440 est=142080
STAGE4 check single_row_not_refused null null ok
STAGE4 check single_row_count_unchanged 7 7 ok
STAGE4 check boundary_minus1_refused true true ok
STAGE4 check boundary_minus1_cache_entries 0 0 ok
STAGE4 check boundary_minus1_no_cached_position null null ok
STAGE4 check boundary_eq_accepted null null ok
STAGE4 check boundary_eq_cache_entries 1 1 ok
STAGE4 info boundary cached IndexedEntry w=30152 cacheWeight=30208
STAGE4 check ladder_F8192_pk1_accepted true true ok
STAGE4 check ladder_F8192_pk1_cached true true ok
STAGE4 info ladder F=8192 pk1 w=3832 est=2219 cacheDelta=3888
STAGE4 check ladder_F8192_pk2_accepted true true ok
STAGE4 check ladder_F8192_pk2_cached true true ok
STAGE4 info ladder F=8192 pk2 w=7592 est=4439 cacheDelta=7648
STAGE4 check ladder_F8192_pk3_accepted false false ok
STAGE4 check ladder_F8192_pk3_cache_unchanged 0 0 ok
STAGE4 check ladder_F8192_pk4_accepted false false ok
STAGE4 check ladder_F8192_pk4_cache_unchanged 0 0 ok
STAGE4 check ladder_F8192_pk5_accepted false false ok
STAGE4 check ladder_F8192_pk5_cache_unchanged 0 0 ok
STAGE4 check ladder_F8192_pk6_accepted false false ok
STAGE4 check ladder_F8192_pk6_cache_unchanged 0 0 ok
STAGE4 check ladder_F8192_pk7_accepted false false ok
STAGE4 check ladder_F8192_pk7_cache_unchanged 0 0 ok
STAGE4 check ladder_F8192_prefix true true ok
STAGE4 check ladder_F32768_pk1_accepted true true ok
STAGE4 check ladder_F32768_pk1_cached true true ok
STAGE4 info ladder F=32768 pk1 w=3832 est=2219 cacheDelta=3888
STAGE4 check ladder_F32768_pk2_accepted true true ok
STAGE4 check ladder_F32768_pk2_cached true true ok
STAGE4 info ladder F=32768 pk2 w=7592 est=4439 cacheDelta=7648
STAGE4 check ladder_F32768_pk3_accepted true true ok
STAGE4 check ladder_F32768_pk3_cached true true ok
STAGE4 info ladder F=32768 pk3 w=15112 est=8879 cacheDelta=15168
STAGE4 check ladder_F32768_pk4_accepted true true ok
STAGE4 check ladder_F32768_pk4_cached true true ok
STAGE4 info ladder F=32768 pk4 w=30152 est=17760 cacheDelta=30208
STAGE4 check ladder_F32768_pk5_accepted false false ok
STAGE4 check ladder_F32768_pk5_cache_unchanged 0 0 ok
STAGE4 check ladder_F32768_pk6_accepted false false ok
STAGE4 check ladder_F32768_pk6_cache_unchanged 0 0 ok
STAGE4 check ladder_F32768_pk7_accepted false false ok
STAGE4 check ladder_F32768_pk7_cache_unchanged 0 0 ok
STAGE4 check ladder_F32768_prefix true true ok
STAGE4 check ladder_F131072_pk1_accepted true true ok
STAGE4 check ladder_F131072_pk1_cached true true ok
STAGE4 info ladder F=131072 pk1 w=3832 est=2219 cacheDelta=3888
STAGE4 check ladder_F131072_pk2_accepted true true ok
STAGE4 check ladder_F131072_pk2_cached true true ok
STAGE4 info ladder F=131072 pk2 w=7592 est=4439 cacheDelta=7648
STAGE4 check ladder_F131072_pk3_accepted true true ok
STAGE4 check ladder_F131072_pk3_cached true true ok
STAGE4 info ladder F=131072 pk3 w=15112 est=8879 cacheDelta=15168
STAGE4 check ladder_F131072_pk4_accepted true true ok
STAGE4 check ladder_F131072_pk4_cached true true ok
STAGE4 info ladder F=131072 pk4 w=30152 est=17760 cacheDelta=30208
STAGE4 check ladder_F131072_pk5_accepted true true ok
STAGE4 check ladder_F131072_pk5_cached true true ok
STAGE4 info ladder F=131072 pk5 w=60232 est=35520 cacheDelta=60288
STAGE4 check ladder_F131072_pk6_accepted true true ok
STAGE4 check ladder_F131072_pk6_cached true true ok
STAGE4 info ladder F=131072 pk6 w=120392 est=71040 cacheDelta=120448
STAGE4 check ladder_F131072_pk7_accepted false false ok
STAGE4 check ladder_F131072_pk7_cache_unchanged 0 0 ok
STAGE4 check ladder_F131072_prefix true true ok
STAGE4 check ladder_F8388608_pk1_accepted true true ok
STAGE4 check ladder_F8388608_pk1_cached true true ok
STAGE4 info ladder F=8388608 pk1 w=3832 est=2219 cacheDelta=3888
STAGE4 check ladder_F8388608_pk2_accepted true true ok
STAGE4 check ladder_F8388608_pk2_cached true true ok
STAGE4 info ladder F=8388608 pk2 w=7592 est=4439 cacheDelta=7648
STAGE4 check ladder_F8388608_pk3_accepted true true ok
STAGE4 check ladder_F8388608_pk3_cached true true ok
STAGE4 info ladder F=8388608 pk3 w=15112 est=8879 cacheDelta=15168
STAGE4 check ladder_F8388608_pk4_accepted true true ok
STAGE4 check ladder_F8388608_pk4_cached true true ok
STAGE4 info ladder F=8388608 pk4 w=30152 est=17760 cacheDelta=30208
STAGE4 check ladder_F8388608_pk5_accepted true true ok
STAGE4 check ladder_F8388608_pk5_cached true true ok
STAGE4 info ladder F=8388608 pk5 w=60232 est=35520 cacheDelta=60288
STAGE4 check ladder_F8388608_pk6_accepted true true ok
STAGE4 check ladder_F8388608_pk6_cached true true ok
STAGE4 info ladder F=8388608 pk6 w=120392 est=71040 cacheDelta=120448
STAGE4 check ladder_F8388608_pk7_accepted true true ok
STAGE4 check ladder_F8388608_pk7_cached true true ok
STAGE4 info ladder F=8388608 pk7 w=240712 est=142080 cacheDelta=240768
STAGE4 check ladder_F8388608_prefix true true ok
STAGE4 check ladder_F-1_pk1_accepted true true ok
STAGE4 check ladder_F-1_pk1_cached true true ok
STAGE4 info ladder F=-1 pk1 w=3832 est=2219 cacheDelta=3888
STAGE4 check ladder_F-1_pk2_accepted true true ok
STAGE4 check ladder_F-1_pk2_cached true true ok
STAGE4 info ladder F=-1 pk2 w=7592 est=4439 cacheDelta=7648
STAGE4 check ladder_F-1_pk3_accepted true true ok
STAGE4 check ladder_F-1_pk3_cached true true ok
STAGE4 info ladder F=-1 pk3 w=15112 est=8879 cacheDelta=15168
STAGE4 check ladder_F-1_pk4_accepted true true ok
STAGE4 check ladder_F-1_pk4_cached true true ok
STAGE4 info ladder F=-1 pk4 w=30152 est=17760 cacheDelta=30208
STAGE4 check ladder_F-1_pk5_accepted true true ok
STAGE4 check ladder_F-1_pk5_cached true true ok
STAGE4 info ladder F=-1 pk5 w=60232 est=35520 cacheDelta=60288
STAGE4 check ladder_F-1_pk6_accepted true true ok
STAGE4 check ladder_F-1_pk6_cached true true ok
STAGE4 info ladder F=-1 pk6 w=120392 est=71040 cacheDelta=120448
STAGE4 check ladder_F-1_pk7_accepted true true ok
STAGE4 check ladder_F-1_pk7_cached true true ok
STAGE4 info ladder F=-1 pk7 w=240712 est=142080 cacheDelta=240768
STAGE4 check ladder_F-1_prefix true true ok
STAGE4 check ladder_unset_count_unchanged 37 37 ok
STAGE4 info slopes [1.6936936936936937, 1.6936936936936937, 1.6935029838982096, 1.6936936936936937, 1.6936936936936937, 1.6936936936936937] w/est 1.6942004504504504
STAGE4 check weight_linear_in_estimate true true ok [min 1.6935029838982096 max 1.6936936936936937]
STAGE4 check S_pk1_accepted true true ok
STAGE4 check S_pk2_accepted true true ok
STAGE4 check S_pk3_accepted true true ok
STAGE4 check S_pk4_accepted true true ok
STAGE4 info S pk4 class=ShallowIndexedEntry w=72
STAGE4 check S_pk4_is_shallow true true ok
STAGE4 check S_pk5_accepted false false ok
STAGE4 info S refused pk5 bytes=7360 (above 2048: true)
STAGE4 check S_pk6_accepted false false ok
STAGE4 info S refused pk6 bytes=14720 (above 2048: true)
STAGE4 check S_pk7_accepted false false ok
STAGE4 info S refused pk7 bytes=29440 (above 2048: true)
STAGE4 check S_shallow_weight_constant true true ok
STAGE4 check C0_no_exception null null ok
STAGE4 check C0_entry_returned true true ok
STAGE4 check C1_first_accepted null null ok
STAGE4 check C1_hit_completes null null ok
STAGE4 check C1_entries_unchanged 1 1 ok
STAGE4 check C1_count_unchanged 45 45 ok
STAGE4 check C1_after_invalidate_refused true true ok
STAGE4 check C2_two_sstables 2 2 ok
STAGE4 info C2 second SSTable entry est=71040 entries=640 bytes=14720
STAGE4 check C2_ck_ge_1000_refused true true ok
STAGE4 check C2_full_ascending_completes null null ok
STAGE4 check C2_full_ascending_rows 650 650 ok
STAGE4 check C2_count_plus_one 3 3 ok
STAGE4 check C2_full_descending_refused true true ok
STAGE4 check C3_scan_completes null null ok
STAGE4 info C3 rows 2541
STAGE4 check C3_count_unchanged 46 46 ok
STAGE4 check switch_off_not_refused null null ok
STAGE4 summary mismatches 0
