[2026-10-07 20:05:04] LABEL f04  date 2026-10-07 20:05:04  host node0.jason92-317394.misconfiguration-pg0.cloudlab.umass.edu  kernel 5.15.0-187-generic
[2026-10-07 20:05:04] + java -version 2>&1 | head -1
openjdk version "11.0.32.1" 2026-08-18

  rc=0
[2026-10-07 20:05:04] + ant -version 2>&1 | head -1
Apache Ant(TM) version 1.10.12 compiled on January 17 1970

  rc=0
[2026-10-07 20:05:04] JAVA openjdk version "11.0.32.1" 2026-08-18 | ANT Apache Ant(TM) version 1.10.12 compiled on January 17 1970
[2026-10-07 20:05:04] + git describe --tags && git rev-parse HEAD
cassandra-5.0.9
b5f2a54210d541339c2e7c17a794195cac0e67c2

  rc=0
[2026-10-07 20:05:04] CLONE cassandra-5.0.9 b5f2a54210d541339c2e7c17a794195cac0e67c2
[2026-10-07 20:05:04] + git checkout -q conf/cassandra.yaml

  rc=0
[2026-10-07 20:05:04] + rm -rf /users/jason92/stage4-logs/mscp/f04/jmx-classes && mkdir -p /users/jason92/stage4-logs/mscp/f04/jmx-classes && javac -d /users/jason92/stage4-logs/mscp/f04/jmx-classes /users/jason92/stage4-harness-run/mscp/Jmx.java

  rc=0
[2026-10-07 20:05:05] + if mountpoint -q /mnt/stage4-data; then sudo umount /mnt/stage4-data; fi

  rc=0

  rc=32
[2026-10-07 20:05:05] + rm -f /users/jason92/stage4-data.img && truncate -s 4G /users/jason92/stage4-data.img && mkfs.ext4 -q -F /users/jason92/stage4-data.img

  rc=0
[2026-10-07 20:05:05] + sudo mkdir -p /mnt/stage4-data && sudo mount -o loop /users/jason92/stage4-data.img /mnt/stage4-data && sudo mkdir -p /mnt/stage4-data/data && sudo chown 20001:2574 /mnt/stage4-data/data

  rc=0
[2026-10-07 20:05:05] + df -B1 /mnt/stage4-data | tail -1
/dev/loop0     4143677440 28672 3912126464   1% /mnt/stage4-data

  rc=0
[2026-10-07 20:05:05] FILESYSTEM /dev/loop0     4143677440 28672 3912126464   1% /mnt/stage4-data
[2026-10-07 20:05:05] + rm -rf data logs logs-build saved_caches

  rc=0
[2026-10-07 20:05:05] + /users/jason92/stage4-harness-run/mscp/make-node-yaml.sh default
yaml for pct=default: #         # exceed other configuration parameters like bytes_per_assignment or partitions_per_assignment.;#         max_tables_per_assignment: 64;data_file_directories:;    - /mnt/stage4-data/data;

  rc=0
[2026-10-07 20:05:05] yaml for pct=default: #         # exceed other configuration parameters like bytes_per_assignment or partitions_per_assignment.;#         max_tables_per_assignment: 64;data_file_directories:;    - /mnt/stage4-data/data;
[2026-10-07 20:05:05] + bin/cassandra -p /users/jason92/stage4-logs/mscp/f04/cassandra.pid > /users/jason92/stage4-logs/mscp/f04/startup-build.log 2>&1

  rc=0
nodetool: Failed to connect to '127.0.0.1:7199' - ConnectException: 'Connection refused (Connection refused)'.

  rc=1
nodetool: Failed to connect to '127.0.0.1:7199' - ConnectException: 'Connection refused (Connection refused)'.

  rc=1
Exception in thread "main" java.lang.IllegalArgumentException: Server is not initialized yet, cannot run nodetool.
	at org.apache.cassandra.tools.NodeTool.err(NodeTool.java:328)
	at org.apache.cassandra.tools.NodeTool.execute(NodeTool.java:291)
	at org.apache.cassandra.tools.NodeTool.main(NodeTool.java:87)

  rc=1

Error: No nodes present in the cluster. Has this node finished starting up?

  rc=1

Error: No nodes present in the cluster. Has this node finished starting up?

  rc=1

Error: No nodes present in the cluster. Has this node finished starting up?

  rc=1

Error: No nodes present in the cluster. Has this node finished starting up?

  rc=1

Error: No nodes present in the cluster. Has this node finished starting up?

  rc=1

Error: No nodes present in the cluster. Has this node finished starting up?

  rc=1

Error: No nodes present in the cluster. Has this node finished starting up?

  rc=1
[2026-10-07 20:05:47] node up (build)
[2026-10-07 20:05:51] + bin/nodetool flush ks1 t

  rc=0
[2026-10-07 20:05:57] + bin/nodetool flush ks1 t

  rc=0
[2026-10-07 20:06:04] + bin/nodetool flush ks1 t

  rc=0
[2026-10-07 20:06:09] + bin/nodetool flush ks1 t

  rc=0
[2026-10-07 20:06:16] + bin/nodetool flush ks1 t

  rc=0
[2026-10-07 20:06:22] + bin/nodetool flush ks1 t

  rc=0
[2026-10-07 20:06:27] + bin/nodetool flush ks1 t

  rc=0
[2026-10-07 20:06:33] + bin/nodetool flush ks1 t

  rc=0
[2026-10-07 20:06:35] + bin/nodetool tablestats ks1.t
Total number of tables: 1
----------------
Keyspace: ks1
	Read Count: 0
	Read Latency: NaN ms
	Write Count: 102400
	Write Latency: 0.023198837890625 ms
	Pending Flushes: 0
		Table: t
		SSTable count: 8
		Old SSTable count: 0
		Max SSTable size: 63.317MiB
		Space used (live): 531134918
		Space used (total): 531134918
		Space used by snapshots (total): 0
		Off heap memory used (total): 398344
		SSTable Compression Ratio: 1.00423
		Number of partitions (estimate): 102610
		Memtable cell count: 0
		Memtable data size: 0
		Memtable off heap memory used: 0
		Memtable switch count: 8
		Speculative retries: 0
		Local read count: 0
		Local read latency: NaN ms
		Local write count: 102400
		Local write latency: 0.025 ms
		Local read/write ratio: 0.00000
		Pending flushes: 0
		Percent repaired: 0.0
		Bytes repaired: 0B
		Bytes unrepaired: 502.873MiB
		Bytes pending repair: 0B
		Bloom filter false positives: 0
		Bloom filter false ratio: 0.00000
		Bloom filter space used: 128128
		Bloom filter off heap memory used: 128064
		Index summary off heap memory used: 12800
		Compression metadata off heap memory used: 257480
		Compacted partition minimum bytes: 4769
		Compacted partition maximum bytes: 5722
		Compacted partition mean bytes: 5722
		Average live cells per slice (last five minutes): NaN
		Maximum live cells per slice (last five minutes): 0
		Average tombstones per slice (last five minutes): NaN
		Maximum tombstones per slice (last five minutes): 0
		Droppable tombstone ratio: 0.00000

----------------

  rc=0
[2026-10-07 20:06:37] DATASET ks1.t: Data.db lengths [66190874, 66191439, 66191635, 66191122, 66191493, 66191008, 66191244, 66191136]; tablestats SSTable count 8; du -sb 531134918
[2026-10-07 20:06:37] + bin/nodetool drain

  rc=0
[2026-10-07 20:06:52] PLAN U 3379871744 (node stopped); totals {'t': 529529951}; s = 66191244; pct 0.063656081852; planned B 211811980 = 0.4000 x total of ks1.t
[2026-10-07 20:06:52] + mv logs logs-build

  rc=0
[2026-10-07 20:06:52] + rm -rf saved_caches

  rc=0
[2026-10-07 20:06:52] + /users/jason92/stage4-harness-run/mscp/make-node-yaml.sh 0.063656081852
yaml for pct=0.063656081852: #         max_tables_per_assignment: 64;data_file_directories:;    - /mnt/stage4-data/data;max_space_usable_for_compactions_in_percentage: 0.063656081852;

  rc=0
[2026-10-07 20:06:52] yaml for pct=0.063656081852: #         max_tables_per_assignment: 64;data_file_directories:;    - /mnt/stage4-data/data;max_space_usable_for_compactions_in_percentage: 0.063656081852;
[2026-10-07 20:06:52] + bin/cassandra -p /users/jason92/stage4-logs/mscp/f04/cassandra.pid > /users/jason92/stage4-logs/mscp/f04/startup-run.log 2>&1

  rc=0
nodetool: Failed to connect to '127.0.0.1:7199' - ConnectException: 'Connection refused (Connection refused)'.

  rc=1
nodetool: Failed to connect to '127.0.0.1:7199' - ConnectException: 'Connection refused (Connection refused)'.

  rc=1
Exception in thread "main" java.lang.IllegalArgumentException: Server is not initialized yet, cannot run nodetool.
	at org.apache.cassandra.tools.NodeTool.err(NodeTool.java:328)
	at org.apache.cassandra.tools.NodeTool.execute(NodeTool.java:291)
	at org.apache.cassandra.tools.NodeTool.main(NodeTool.java:87)

  rc=1
Exception in thread "main" java.lang.IllegalArgumentException: Server is not initialized yet, cannot run nodetool.
	at org.apache.cassandra.tools.NodeTool.err(NodeTool.java:328)
	at org.apache.cassandra.tools.NodeTool.execute(NodeTool.java:291)
	at org.apache.cassandra.tools.NodeTool.main(NodeTool.java:87)

  rc=1
[2026-10-07 20:07:05] node up (run)
[2026-10-07 20:07:05] + bin/nodetool setlogginglevel org.apache.cassandra.db.Directories DEBUG

  rc=0
[2026-10-07 20:07:06] + bin/nodetool getlogginglevels

Logger Name                                        Log Level
ROOT                                                    INFO
org.apache.cassandra                                   DEBUG
org.apache.cassandra.db.Directories                    DEBUG

  rc=0
[2026-10-07 20:07:07] LOGGING org.apache.cassandra                                   DEBUG | org.apache.cassandra.db.Directories                    DEBUG
[2026-10-07 20:07:08] COUNTERS at start {"CompactionsReduced": 0, "SSTablesDroppedFromCompaction": 0, "CompactionsAborted": 0}
[2026-10-07 20:07:58] IDLE 30 s: 60 samples; df 3379908608 -> 3379908608; du t 531134918 -> 531134918; pass lines of a table-size compaction 0
[2026-10-07 20:07:58] EXPECTED: IDLE: no compaction pass line of a table-size compaction in 30 s, df and du unchanged — yes
[2026-10-07 20:07:58] SIM B: table t Data.db lengths [66190874, 66191439, 66191635, 66191122, 66191493, 66191008, 66191244, 66191136] total 529529951; U 3379908608; pct 0.063656081852; B 211814327; B/total 0.4000; simulated passes [529529951, 463338316, 397146823, 330955384, 264764140, 198573004]; dropped 5
[2026-10-07 20:07:58] + bin/nodetool compact ks1 t

  rc=0
[2026-10-07 20:08:11] OBSERVED B: rc 0; pass lines (available, requested): [(211814327, 529529951), (211814327, 463338316), (211814327, 397146823), (211814327, 330955384), (211814327, 264764140), (211814327, 198573004)]
[2026-10-07 20:08:11] OBSERVED B: counters delta {'CompactionsReduced': 1, 'SSTablesDroppedFromCompaction': 5, 'CompactionsAborted': 0}; Reducing scope x5; abort warnings x0; info lines x0; Data.db files 8 -> 6 (529534287 bytes); table du peak 727261563 final 531119454; sampler window 25 samples
[2026-10-07 20:08:11] EXPECTED: B: the ladder simulated from the lengths and B gives the planned outcome (5); else INVALID RUN (band) — yes
[2026-10-07 20:08:11] EXPECTED: B: 6 pass lines with requested >= 33095437 (the simulated number) — yes
[2026-10-07 20:08:11] EXPECTED: B: every pass has available within 1 MiB of the expected B (211814327) — yes
[2026-10-07 20:08:11] EXPECTED: B: pass requested figures equal the simulated [529529951, 463338316, 397146823, 330955384, 264764140, 198573004] — yes
[2026-10-07 20:08:11] EXPECTED: B: Reducing scope warnings = 5 — yes
[2026-10-07 20:08:11] EXPECTED: B: counters Reduced +1, Dropped +5, Aborted +0 — yes
[2026-10-07 20:08:11] EXPECTED: B: nodetool returned 0 — yes
[2026-10-07 20:08:11] EXPECTED: B: 6 Data.db files afterwards (one output plus 5 shed inputs) — yes
[2026-10-07 20:08:11] INFO B: output length 198577340 against the kept inputs 198573004
[2026-10-07 20:08:11] EXPECTED: B: no "Compaction space check is disabled" line — yes
[2026-10-07 20:08:11] INSTRUMENT first trigger (B): first pass available 211814327 vs expected B 211814327 (difference 0)
[2026-10-07 20:08:12] DONE
