[2026-10-01 10:22:43] script: ./cluster-run.sh value b528; host: node0.jason92-318546.misconfiguration-pg0.cloudlab.umass.edu; label: b528
== b528: cdc_total_space=528MiB commitlog_segment_size=32MiB mode=blocking kind=normal; stress threads=16, B throttle 100/s
[2026-10-01 10:22:43] CHECK PASS: no CassandraDaemon running
[2026-10-01 10:22:43] CHECK PASS: ports 7199/9042/9091 free
[2026-10-01 10:22:43] CHECK PASS: local disk has >= 25 GB free
[2026-10-01 10:22:43] CHECK PASS: the clone is at cassandra-5.0.9
CdcTotalSpaceCeilingTest.java: OK
cdc-verdict.btm: OK
cdc-sampler.py: OK
cdc-consumer.sh: OK
cdc-analyze.py: OK
cdc-rows.yaml: OK
plain-rows.yaml: OK
[2026-10-01 10:22:43] CHECK PASS: python3 and cqlsh are available
yaml diff: -cdc_enabled: false|+cdc_enabled: true|+cdc_total_space: 528MiB|
[2026-10-01 10:22:43] CHECK PASS: yaml diff adds 2 lines
[2026-10-01 10:22:43] + mv logs /users/jason92/stage4-logs/cdc/cluster/logs.before-b528.1790871763
[2026-10-01 10:22:43]   rc=0
JVM_EXTRA_OPTS=-Dstage4.byteman.out=/users/jason92/stage4-logs/cdc/cluster/b528/cdc-verdict.txt -javaagent:/users/jason92/cassandra-run1/build/lib/jars/byteman-4.0.20.jar=script:/users/jason92/stage4-harness-run/cdc/cdc-verdict.btm,listener:true
[2026-10-01 10:22:43] + JVM_EXTRA_OPTS=... bin/cassandra -p cassandra.pid > /users/jason92/stage4-logs/cdc/cluster/b528/stdout.txt 2>&1
node pid 71505, up at 1790871808154 (after 17s)
    | # File /users/jason92/stage4-harness-run/cdc/cdc-verdict.btm line 59
    | RULE cdc write rejected
    | CLASS org.apache.cassandra.exceptions.CDCWriteException
    | METHOD <init>
    | NOCOMPILE
    | AT ENTRY
    | BIND n : int = incrementCounter("stage4.cdcReject")
    | IF n % 100 == 1
    | DO traceOpen("cdcVerdict", java.lang.System.getProperty("stage4.byteman.out", "cdc-verdict.txt"));
    | traceln("cdcVerdict", "reject n=" + n + " ms=" + java.lang.System.currentTimeMillis() + " msg=" + $1)
    | ENDRULE
    | Transformed in:
    | loader: jdk.internal.loader.ClassLoaders$AppClassLoader@3d4eac69
    | trigger method: org.apache.cassandra.exceptions.CDCWriteException.<init>(java.lang.String) void
    | # File /users/jason92/stage4-harness-run/cdc/cdc-verdict.btm line 41
    | RULE cdc verdict, state after
    | CLASS org.apache.cassandra.db.commitlog.CommitLogSegmentManagerCDC$CDCSizeTracker
    | METHOD processNewSegment
    | NOCOMPILE
    | AT EXIT
    | IF true
    | DO traceOpen("cdcVerdict", java.lang.System.getProperty("stage4.byteman.out", "cdc-verdict.txt"));
    | traceln("cdcVerdict", "post seg=" + $1.logFile.name() + " state=" + $1.getCDCState() + " sip=" + $0.sizeInProgress.get() + " ms=" + java.lang.System.currentTimeMillis())
    | ENDRULE
    | Transformed in:
    | loader: jdk.internal.loader.ClassLoaders$AppClassLoader@3d4eac69
    | trigger method: org.apache.cassandra.db.commitlog.CommitLogSegmentManagerCDC$CDCSizeTracker.processNewSegment(org.apache.cassandra.db.commitlog.CommitLogSegment) void
    | compiled successfully
    | # File /users/jason92/stage4-harness-run/cdc/cdc-verdict.btm line 32
    | RULE cdc verdict, counter before
    | CLASS org.apache.cassandra.db.commitlog.CommitLogSegmentManagerCDC$CDCSizeTracker
    | METHOD processNewSegment
    | NOCOMPILE
    | AT ENTRY
    | IF true
    | DO traceOpen("cdcVerdict", java.lang.System.getProperty("stage4.byteman.out", "cdc-verdict.txt"));
    | traceln("cdcVerdict", "pre seg=" + $1.logFile.name() + " sip=" + $0.sizeInProgress.get() + " allowance=" + org.apache.cassandra.config.DatabaseDescriptor.getCDCTotalSpace() + " segSize=" + org.apache.cassandra.config.DatabaseDescriptor.getCommitLogSegmentSize() + " blocking=" + org.apache.cassandra.config.DatabaseDescriptor.getCDCBlockWrites() + " ms=" + java.lang.System.currentTimeMillis())
    | ENDRULE
    | Transformed in:
    | loader: jdk.internal.loader.ClassLoaders$AppClassLoader@3d4eac69
[2026-10-01 10:23:28] CHECK PASS: Submit -l lists CDCSizeTracker.processNewSegment
[2026-10-01 10:23:28] CHECK PASS: Submit -l lists deleteOldLinkedCDCCommitLogSegment
[2026-10-01 10:23:28] CHECK PASS: Submit -l lists CDCWriteException
    | 
    |  name                   | value
    | ------------------------+---------------------
    |        cdc_block_writes |                true
    |             cdc_enabled |                true
    |       cdc_raw_directory | bin/../data/cdc_raw
    |         cdc_total_space |              528MiB
    |  commitlog_segment_size |               32MiB
    | 
    | (5 rows)
settings read back: cdc_total_space=528MiB commitlog_segment_size=32MiB cdc_enabled=true cdc_block_writes=true
k = floor(528 / 32) = 16; exact multiple: no
[2026-10-01 10:23:29] CHECK PASS: cdc_total_space read back as 528
[2026-10-01 10:23:29] CHECK PASS: commitlog_segment_size read back as 32
[2026-10-01 10:23:29] CHECK PASS: data/cdc_raw exists
[2026-10-01 10:23:30] phase idle_start
[2026-10-01 10:23:45] phase idle_end
[2026-10-01 10:23:46] reading idle: links=2 link_bytes=67108864 alloc=69632 idx=0/0 Failures=0 WARN=0 created=2 forbidden=0
EXPECTED: idle floor is min(k, 2) = 2 links — yes
[2026-10-01 10:23:46] + bin/cqlsh -e "CREATE KEYSPACE IF NOT EXISTS stage4cdc WITH replication = {'class': 'SimpleStrategy', 'replication_factor': 1}; CREATE TABLE IF NOT EXISTS stage4cdc.cdc_rows (id bigint, payload blob, PRIMARY KEY (id)) WITH cdc = true; CREATE TABLE IF NOT EXISTS stage4cdc.plain_rows (id bigint, payload blob, PRIMARY KEY (id)) WITH cdc = false;"
[2026-10-01 10:23:49] CHECK PASS: both tables exist
[2026-10-01 10:23:49] phase A_start
[2026-10-01 10:23:49] + tools/bin/cassandra-stress user profile=/users/jason92/stage4-harness-run/cdc/cdc-rows.yaml "ops(insert=1)" n=1000000000 no-warmup -rate threads=16 -errors retries=0 ignore -node 127.0.0.1 > /users/jason92/stage4-logs/cdc/cluster/b528/stress-cdc-A.txt &
[2026-10-01 10:23:56] phase A_first_rejection
[2026-10-01 10:23:56] phase A_end
[2026-10-01 10:23:57] reading A: links=16 link_bytes=536870912 alloc=520814592 idx=10/180 Failures=63 WARN=1 created=18 forbidden=2
A: ended at 1790871837924, ~7 s after the start; stress A tail: |Operation x1 on key(s) [-397623076]: Error executing: (WriteFailureException): Cassandra failure during write query at consistency LOCAL_ONE (1 responses were required but only 0 replica responded, 1 failed)||
[2026-10-01 10:23:57] phase settle_start
[2026-10-01 10:23:58] phase settle_end
settle: a non-CDC write was accepted promptly after 1 attempt(s), 726 ms (settle-probe.txt)
EXPECTED: settle: the node took a non-CDC write promptly within 180 s — yes
[2026-10-01 10:23:58] phase B_start
[2026-10-01 10:23:58] + tools/bin/cassandra-stress user profile=/users/jason92/stage4-harness-run/cdc/cdc-rows.yaml "ops(insert=1)" duration=60s no-warmup -rate threads=16 throttle=100/s -errors retries=0 ignore -node 127.0.0.1 > /users/jason92/stage4-logs/cdc/cluster/b528/stress-cdc-B.txt &
[2026-10-01 10:23:58] + tools/bin/cassandra-stress user profile=/users/jason92/stage4-harness-run/cdc/plain-rows.yaml "ops(insert=1)" duration=60s no-warmup -rate threads=2 throttle=10/s -errors retries=0 ignore -node 127.0.0.1 > /users/jason92/stage4-logs/cdc/cluster/b528/stress-plain-B.txt &
[2026-10-01 10:23:58] reading B: links=16 link_bytes=536870912 alloc=520814592 idx=16/288 Failures= WARN=1 created=18 forbidden=2
[2026-10-01 10:24:03] reading B: links=16 link_bytes=536870912 alloc=520814592 idx=16/288 Failures= WARN=1 created=18 forbidden=2
[2026-10-01 10:24:08] reading B: links=16 link_bytes=536870912 alloc=520814592 idx=16/288 Failures= WARN=2 created=18 forbidden=2
[2026-10-01 10:24:13] reading B: links=16 link_bytes=536870912 alloc=520814592 idx=16/288 Failures= WARN=2 created=18 forbidden=2
[2026-10-01 10:24:18] reading B: links=16 link_bytes=536870912 alloc=520814592 idx=16/288 Failures= WARN=3 created=18 forbidden=2
[2026-10-01 10:24:23] reading B: links=16 link_bytes=536870912 alloc=520814592 idx=16/288 Failures= WARN=3 created=18 forbidden=2
[2026-10-01 10:24:28] reading B: links=16 link_bytes=536870912 alloc=520814592 idx=16/288 Failures= WARN=4 created=18 forbidden=2
[2026-10-01 10:24:33] reading B: links=16 link_bytes=536870912 alloc=520814592 idx=16/288 Failures= WARN=4 created=18 forbidden=2
[2026-10-01 10:24:38] reading B: links=16 link_bytes=536870912 alloc=520814592 idx=16/288 Failures= WARN=5 created=18 forbidden=2
[2026-10-01 10:24:43] reading B: links=16 link_bytes=536870912 alloc=520814592 idx=16/288 Failures= WARN=5 created=18 forbidden=2
[2026-10-01 10:24:49] reading B: links=16 link_bytes=536870912 alloc=520814592 idx=16/288 Failures= WARN=6 created=18 forbidden=2
[2026-10-01 10:24:54] reading B: links=16 link_bytes=536870912 alloc=520814592 idx=16/288 Failures= WARN=6 created=18 forbidden=2
[2026-10-01 10:24:59] reading B: links=16 link_bytes=536870912 alloc=520814592 idx=16/288 Failures= WARN=7 created=19 forbidden=3
[2026-10-01 10:25:04] reading B: links=16 link_bytes=536870912 alloc=520814592 idx=16/288 Failures= WARN=7 created=19 forbidden=3
[2026-10-01 10:25:09] phase B_end
[2026-10-01 10:25:10] reading Bend: links=16 link_bytes=536870912 alloc=520814592 idx=16/288 Failures=6078 WARN=8 created=19 forbidden=3
CDC stress B: Op rate                   :       99 op/s  [insert: 99 op/s]
CDC stress B: Total partitions          :      6,015 [insert: 6,015]
CDC stress B: Total errors              :      6,015 [insert: 6,015]
non-CDC stress B: Op rate                   :       10 op/s  [insert: 10 op/s]
non-CDC stress B: Total partitions          :        602 [insert: 602]
non-CDC stress B: Total errors              :          0 [insert: 0]
EXPECTED: non-CDC control: no errors — yes
EXPECTED: non-CDC control: wrote rows — yes
[2026-10-01 10:25:10] phase R_start
release: consumer pass deleted 16 links (L was 16 at B's end)
[2026-10-01 10:25:12] phase R_end
[2026-10-01 10:25:14] reading Rend: links=1 link_bytes=33554432 alloc=5984256 idx=0/0 Failures=6079 WARN=8 created=19 forbidden=3
release: accepted=1 after 2 attempt(s), 1575 ms from the consumer pass to the accepted write (release-probe.txt has each attempt)
EXPECTED: release: a CDC write was accepted within 30 s — yes
Cassandra has shutdown.
traces: segments created=20, created forbidden=3, 'Rejecting mutation' WARN entries in system.log=8, logged rejected writes (exception stacks)=6079, deleteOld lines=0, reject lines=61 (last n: 6001)
sampler: ticks=2110 max_links=16 max_link_bytes=536870912 max_gap_ms=50 first_ms=1790871809305 last_ms=1790871914755
ERROR entries in system.log: 6079 (each rejected write logs one: 'Failed to apply mutation locally'); system.log 9.2M; DEBUG 'Freed up' lines in debug.log: 0
disk: 544M data/ ; 54G free
    | S=33554432  A=553648128  k=16  blocking=True  exact multiple of S: False
    | 
    | 1. verdict formula  FORBIDDEN <=> blocking and S + pre.sip > A:  20 creations, 0 violations []
    | 
    | 2. each creation (links = files that existed just before it: counted from the earlier permitted creations in blocking mode, from the timeline otherwise)
    |    segment                      links pre.sip/S        pre.sip    lag bytes verdict   note
    |    -1790871770841.log               0   0.00              0            0 PERMITTED 
    |    -1790871770842.log               1   0.00              0     33554432 PERMITTED STALE: counter 1.00 segments low  [timeline says 0 links]
    |    -1790871770843.log               2   1.00       33554432     33554432 PERMITTED STALE: counter 1.00 segments low
    |    -1790871770844.log               3   2.00       67108864     33554432 PERMITTED STALE: counter 1.00 segments low
    |    -1790871770845.log               4   3.00      100663296     33554432 PERMITTED STALE: counter 1.00 segments low
    |    -1790871770846.log               5   4.00      134217746     33554414 PERMITTED STALE: counter 1.00 segments low
    |    -1790871770847.log               6   5.00      167772178     33554414 PERMITTED STALE: counter 1.00 segments low
    |    -1790871770848.log               7   6.00      201326628     33554396 PERMITTED STALE: counter 1.00 segments low
    |    -1790871770849.log               8   7.00      234881060     33554396 PERMITTED STALE: counter 1.00 segments low
    |    -1790871770850.log               9   8.00      268435492     33554396 PERMITTED STALE: counter 1.00 segments low
    |    -1790871770851.log              10  10.00      335544392          -72 PERMITTED 
    |    -1790871770852.log              11  11.00      369098824          -72 PERMITTED 
    |    -1790871770853.log              12  12.00      402653256          -72 PERMITTED 
    |    -1790871770854.log              13  13.00      436207742         -126 PERMITTED 
    |    -1790871770855.log              14  14.00      469762174         -126 PERMITTED 
    |    -1790871770856.log              15  15.00      503316606         -126 PERMITTED 
    |    -1790871770857.log              16  16.00      536871092         -180 FORBIDDEN 
    |    -1790871770858.log              16  16.00      536871092         -180 FORBIDDEN 
    |    -1790871770859.log              16  16.00      536871200         -288 FORBIDDEN 
    |    -1790871770860.log               1   1.00       33554432            0 PERMITTED 
    |    stale (lag >= S/2) among 20 unambiguous creations: 9
    | 
    | 3. creations that made a link beyond k = 16
    |    none
    | 
    | 4. link timeline: peak L = 16 before the first removal  (from the events; same-tick ordering can inflate it by 1, the CSV is exact)
    |    first rejection traced at 1790871836320: L = 16; rejection lines traced: 61, rejections counted up to the last: 6001
    | 
    | 5. sampler CSV: 2110 ticks, max gap 50 ms
    |    ticks where the link bytes were not exactly L x S: 0
    |    idle_end                     L=2    link_bytes=67108864     (2.00 S)  allocated=69632        idx=0/0
    |    A_first_rejection            L=16   link_bytes=536870912    (16.00 S)  allocated=518152192    idx=10/180
    |    A_end                        L=16   link_bytes=536870912    (16.00 S)  allocated=520814592    idx=10/180
    |    B_end                        L=16   link_bytes=536870912    (16.00 S)  allocated=520814592    idx=16/288
    |    R_start                      L=16   link_bytes=536870912    (16.00 S)  allocated=520814592    idx=16/288
    |    R_end                        L=1    link_bytes=33554432     (1.00 S)  allocated=5984256      idx=0/0
    |    B window: peak L=16, min L=16, plateau (median over its last 20 s) L=16.0, bytes at peak=536870912
    |    peak L over the whole run: 16 (536870912 bytes = 16.00 S)
    | 
    | 6. ceiling attribution (blocking): permitted creations = 17, k = 16, links made beyond k = 0
    |    each beyond-k link made while `S + counter <= A` but `S + files > A` (stale counter): n/a, none beyond k
RESULT value b528: finished at 1790871930260
