=== 2026-10-06T17:53:01.846Z ===
=== 2026-10-06T17:53:08.332Z ===
=== 2026-10-06T17:53:14.813Z ===
		Space used (live): 165882136
		Memtable cell count: 795
		Memtable data size: 32665755
		Memtable off heap memory used: 0
		Memtable switch count: 6
=== 2026-10-06T17:53:21.970Z ===
		Space used (live): 595776883
		Memtable cell count: 797
		Memtable data size: 32747933
		Memtable off heap memory used: 0
		Memtable switch count: 19
=== 2026-10-06T17:53:28.716Z ===
		Space used (live): 793950246
		Memtable cell count: 657
		Memtable data size: 26995473
		Memtable off heap memory used: 0
		Memtable switch count: 24
=== 2026-10-06T17:53:35.316Z ===
		Space used (live): 793936704
		Memtable cell count: 657
		Memtable data size: 26995473
		Memtable off heap memory used: 0
		Memtable switch count: 24
=== 2026-10-06T17:53:41.940Z ===
		Space used (live): 793936704
		Memtable cell count: 657
		Memtable data size: 26995473
		Memtable off heap memory used: 0
		Memtable switch count: 24
=== 2026-10-06T17:53:48.484Z ===
		Space used (live): 793936704
		Memtable cell count: 657
		Memtable data size: 26995473
		Memtable off heap memory used: 0
		Memtable switch count: 24
=== 2026-10-06T17:53:55.040Z ===
		Space used (live): 793936704
		Memtable cell count: 657
		Memtable data size: 26995473
		Memtable off heap memory used: 0
		Memtable switch count: 24
=== 2026-10-06T17:54:01.621Z ===
		Space used (live): 793936704
		Memtable cell count: 657
		Memtable data size: 26995473
		Memtable off heap memory used: 0
		Memtable switch count: 24
=== 2026-10-06T17:54:08.185Z ===
		Space used (live): 793936704
		Memtable cell count: 657
		Memtable data size: 26995473
		Memtable off heap memory used: 0
		Memtable switch count: 24
=== 2026-10-06T17:54:14.720Z ===
		Space used (live): 793936704
		Memtable cell count: 657
		Memtable data size: 26995473
		Memtable off heap memory used: 0
		Memtable switch count: 24
=== 2026-10-06T17:54:21.256Z ===
		Space used (live): 793936704
		Memtable cell count: 657
		Memtable data size: 26995473
		Memtable off heap memory used: 0
		Memtable switch count: 24
=== 2026-10-06T17:54:27.799Z ===
		Space used (live): 793936704
		Memtable cell count: 657
		Memtable data size: 26995473
		Memtable off heap memory used: 0
		Memtable switch count: 24
=== 2026-10-06T17:54:34.351Z ===
		Space used (live): 793936704
		Memtable cell count: 657
		Memtable data size: 26995473
		Memtable off heap memory used: 0
		Memtable switch count: 24
=== 2026-10-06T17:54:40.903Z ===
		Space used (live): 793936704
		Memtable cell count: 657
		Memtable data size: 26995473
		Memtable off heap memory used: 0
		Memtable switch count: 24
