=== 2026-10-06T17:58:21.438Z ===
=== 2026-10-06T17:58:27.913Z ===
=== 2026-10-06T17:58:34.380Z ===
		Space used (live): 0
		Memtable cell count: 4935
		Memtable data size: 203020749
		Memtable off heap memory used: 0
		Memtable switch count: 0
=== 2026-10-06T17:58:41.225Z ===
		Space used (live): 527648564
		Memtable cell count: 720
		Memtable data size: 29584080
		Memtable off heap memory used: 0
		Memtable switch count: 3
=== 2026-10-06T17:58:47.879Z ===
		Space used (live): 791309026
		Memtable cell count: 720
		Memtable data size: 29584080
		Memtable off heap memory used: 0
		Memtable switch count: 3
=== 2026-10-06T17:58:54.476Z ===
		Space used (live): 791309026
		Memtable cell count: 720
		Memtable data size: 29584080
		Memtable off heap memory used: 0
		Memtable switch count: 3
=== 2026-10-06T17:59:01.061Z ===
		Space used (live): 791309026
		Memtable cell count: 720
		Memtable data size: 29584080
		Memtable off heap memory used: 0
		Memtable switch count: 3
=== 2026-10-06T17:59:07.704Z ===
		Space used (live): 791309026
		Memtable cell count: 720
		Memtable data size: 29584080
		Memtable off heap memory used: 0
		Memtable switch count: 3
=== 2026-10-06T17:59:14.319Z ===
		Space used (live): 791309026
		Memtable cell count: 720
		Memtable data size: 29584080
		Memtable off heap memory used: 0
		Memtable switch count: 3
=== 2026-10-06T17:59:20.884Z ===
		Space used (live): 791309026
		Memtable cell count: 720
		Memtable data size: 29584080
		Memtable off heap memory used: 0
		Memtable switch count: 3
=== 2026-10-06T17:59:27.486Z ===
		Space used (live): 791309026
		Memtable cell count: 720
		Memtable data size: 29584080
		Memtable off heap memory used: 0
		Memtable switch count: 3
=== 2026-10-06T17:59:34.102Z ===
		Space used (live): 791309026
		Memtable cell count: 720
		Memtable data size: 29584080
		Memtable off heap memory used: 0
		Memtable switch count: 3
=== 2026-10-06T17:59:40.713Z ===
		Space used (live): 791309026
		Memtable cell count: 720
		Memtable data size: 29584080
		Memtable off heap memory used: 0
		Memtable switch count: 3
