Script started on 2026-10-06 11:45:48-06:00 [<not executed on terminal>]
+ cd /users/jason92/short-run/memtable_heap_space-tryAllocate-limit/unit/cass-src-unit
+ echo '== parse check: ant build-test =='
== parse check: ant build-test ==
+ ant build-test
Buildfile: /users/jason92/short-run/memtable_heap_space-tryAllocate-limit/unit/cass-src-unit/build.xml

init:

_resolver_download:

resolver-init:
[resolver:resolve] Resolving artifacts
[resolver:resolve] Resolving artifacts
[resolver:resolve] Resolving artifacts
[resolver:resolve] Resolving artifacts
[resolver:resolve] Resolving artifacts

write-poms:

resolver-retrieve-build:
[resolver:resolve] Resolving artifacts
[resolver:resolve] Resolving artifacts
    [unzip] Expanding: /users/jason92/.m2/repository/org/jacoco/org.jacoco.agent/0.8.8/org.jacoco.agent-0.8.8.jar into /users/jason92/short-run/memtable_heap_space-tryAllocate-limit/unit/cass-src-unit/build/lib/jars

check-gen-cql3-grammar:

gen-cql3-grammar:

generate-cql-html:

generate-jflex-java:

build-project:
     [echo] apache-cassandra: /users/jason92/short-run/memtable_heap_space-tryAllocate-limit/unit/cass-src-unit/build.xml

_build_java:
     [echo] Compiling for Java 11...

_get-git-sha:
     [echo] git.is-available=true
     [echo] git.sha=b5f2a54210d541339c2e7c17a794195cac0e67c2
     [echo] git.worktree.name=cass-src-unit
     [echo] git.branch.name=

set-cqlsh-version:

_createVersionPropFile:
[propertyfile] Updating property file: /users/jason92/short-run/memtable_heap_space-tryAllocate-limit/unit/cass-src-unit/src/resources/org/apache/cassandra/config/version.properties
     [copy] Copying 1 file to /users/jason92/short-run/memtable_heap_space-tryAllocate-limit/unit/cass-src-unit/build/classes/main

build:

_main-jar:
      [jar] Building jar: /users/jason92/short-run/memtable_heap_space-tryAllocate-limit/unit/cass-src-unit/build/apache-cassandra-5.0.9-SNAPSHOT.jar

stress-build:

_stress_build:

stress-build-test:

fqltool-build:

_fqltool_build:

resolver-dist-lib:
[resolver:resolve] Resolving artifacts
[resolver:resolve] Resolving artifacts
[resolver:resolve] Resolving artifacts

_resolver-dist-lib_get_files:
   [delete] Deleting: /users/jason92/short-run/memtable_heap_space-tryAllocate-limit/unit/cass-src-unit/lib/netty-tcnative-boringssl-static-2.0.70.Final-windows-x86_64.jar
   [delete] Deleting: /users/jason92/short-run/memtable_heap_space-tryAllocate-limit/unit/cass-src-unit/build/lib/jars/netty-tcnative-boringssl-static-2.0.70.Final-windows-x86_64.jar

simulator-asm-build:

_simulator-asm_build:

simulator-bootstrap-build:

_simulator-bootstrap_build:

simulator-jars:

build-test:

_build-test:
    [javac] Compiling 601 source files to /users/jason92/short-run/memtable_heap_space-tryAllocate-limit/unit/cass-src-unit/build/test/classes
    [javac] Note: Processing compiler hints annotations
    [javac] Note: Processing compiler hints annotations
    [javac] Note: Processing compiler hints annotations
    [javac] Note: Writing compiler command file at META-INF/hotspot_compiler
    [javac] Note: Done processing compiler hints annotations
    [javac] Note: Benchmark entries for org.apache.cassandra.test.microbench.tries.InMemoryTrieReadBench already exist, overwriting
    [javac] Note: Benchmark entries for org.apache.cassandra.test.microbench.tries.ComparisonReadBench already exist, overwriting
    [javac] Note: Benchmark entries for org.apache.cassandra.test.microbench.MetadataCollectorBench already exist, overwriting
    [javac] Note: Benchmark entries for org.apache.cassandra.test.microbench.OutputStreamBench already exist, overwriting
    [javac] Note: Benchmark entries for org.apache.cassandra.test.microbench.VIntCodingBench already exist, overwriting
    [javac] Note: Benchmark entries for org.apache.cassandra.test.microbench.instance.ReadSmallPartitionsBench already exist, overwriting
    [javac] Note: Benchmark entries for org.apache.cassandra.test.microbench.tries.InMemoryTrieWriteBench already exist, overwriting
    [javac] Note: Benchmark entries for org.apache.cassandra.test.microbench.TimedMonitorBench already exist, overwriting
    [javac] Note: Benchmark entries for org.apache.cassandra.test.microbench.PreaggregatedByteBufsBench already exist, overwriting
    [javac] Note: Benchmark entries for org.apache.cassandra.test.microbench.tries.InMemoryTrieUnionBench already exist, overwriting
    [javac] Note: Benchmark entries for org.apache.cassandra.test.microbench.instance.ReadWidePartitionsBench already exist, overwriting
    [javac] Note: Benchmark entries for org.apache.cassandra.test.microbench.ZeroCopyStreamingBench already exist, overwriting
    [javac] Note: Benchmark entries for org.apache.cassandra.test.microbench.btree.BTreeUpdateBench already exist, overwriting
    [javac] Note: Benchmark entries for org.apache.cassandra.test.microbench.btree.AtomicBTreePartitionUpdateBench already exist, overwriting
    [javac] Note: Benchmark entries for org.apache.cassandra.test.microbench.FunctionWithTerminalArgsBench already exist, overwriting
    [javac] Note: Benchmark entries for org.apache.cassandra.test.microbench.BloomFilterSerializerBench already exist, overwriting
    [javac] Note: Benchmark entries for org.apache.cassandra.test.microbench.StringsEncodeBench already exist, overwriting
    [javac] Note: Benchmark entries for org.apache.cassandra.test.microbench.BTreeSearchIteratorBench already exist, overwriting
    [javac] Note: Benchmark entries for org.apache.cassandra.test.microbench.btree.BTreeBuildBench already exist, overwriting
    [javac] Note: Benchmark entries for org.apache.cassandra.test.microbench.LongestMatchingCIDRBench already exist, overwriting
    [javac] Note: Benchmark entries for org.apache.cassandra.test.microbench.ChecksumBench already exist, overwriting
    [javac] Note: Benchmark entries for org.apache.cassandra.test.microbench.StreamingTombstoneHistogramBuilderBench already exist, overwriting
    [javac] Note: Benchmark entries for org.apache.cassandra.test.microbench.instance.WriteBench already exist, overwriting
    [javac] Note: Benchmark entries for org.apache.cassandra.test.microbench.MessageOutBench already exist, overwriting
    [javac] Note: Benchmark entries for org.apache.cassandra.test.microbench.btree.BTreeTransformBench already exist, overwriting
    [javac] Note: Benchmark entries for org.apache.cassandra.test.microbench.ReadWriteBench already exist, overwriting
    [javac] Note: Benchmark entries for org.apache.cassandra.test.microbench.DecayingEstimatedHistogramBench already exist, overwriting
    [javac] Note: Benchmark entries for org.apache.cassandra.test.microbench.AbstractTypeByteSourceDecodingBench already exist, overwriting
    [javac] Note: Benchmark entries for org.apache.cassandra.test.microbench.HashingBench already exist, overwriting
    [javac] Note: Benchmark entries for org.apache.cassandra.test.microbench.LatencyTrackingBench already exist, overwriting
    [javac] Note: Benchmark entries for org.apache.cassandra.test.microbench.CacheLoaderBench already exist, overwriting
    [javac] Note: Benchmark entries for org.apache.cassandra.test.microbench.SampleBench already exist, overwriting
    [javac] Note: Benchmark entries for org.apache.cassandra.test.microbench.PendingRangesBench already exist, overwriting
    [javac] Note: Benchmark entries for org.apache.cassandra.test.microbench.DeletionTimeDeSerBench already exist, overwriting
    [javac] Note: Benchmark entries for org.apache.cassandra.test.microbench.DiagnosticEventPersistenceBench already exist, overwriting
    [javac] Note: Benchmark entries for org.apache.cassandra.test.microbench.DiagnosticEventServiceBench already exist, overwriting
    [javac] Note: Benchmark entries for org.apache.cassandra.test.microbench.BTreeBuildBench already exist, overwriting
    [javac] Note: Benchmark entries for org.apache.cassandra.test.microbench.sai.KeyLookupBench already exist, overwriting
    [javac] Note: Benchmark entries for org.apache.cassandra.test.microbench.FastThreadLocalBench already exist, overwriting
    [javac] Note: Benchmark entries for org.apache.cassandra.test.microbench.CompactionBench already exist, overwriting
    [javac] Note: Benchmark entries for org.apache.cassandra.test.microbench.AutoBoxingBench already exist, overwriting
    [javac] Note: Benchmark entries for org.apache.cassandra.test.microbench.CIDRAuthorizerBench already exist, overwriting
    [javac] Note: Benchmark entries for org.apache.cassandra.test.microbench.MutationBench already exist, overwriting
    [javac] Note: Benchmark entries for org.apache.cassandra.test.microbench.DirectorySizerBench already exist, overwriting
    [javac] Note: Benchmark entries for org.apache.cassandra.test.microbench.BatchStatementBench already exist, overwriting
    [javac] Note: Some input files use or override a deprecated API.
    [javac] Note: Recompile with -Xlint:deprecation for details.
    [javac] Note: Some input files use unchecked or unsafe operations.
    [javac] Note: Recompile with -Xlint:unchecked for details.
    [javac] Creating empty /users/jason92/short-run/memtable_heap_space-tryAllocate-limit/unit/cass-src-unit/build/test/classes/org/apache/cassandra/simulator/package-info.class
    [javac] Creating empty /users/jason92/short-run/memtable_heap_space-tryAllocate-limit/unit/cass-src-unit/build/test/classes/org/apache/cassandra/simulator/asm/package-info.class
     [copy] Copying 30 files to /users/jason92/short-run/memtable_heap_space-tryAllocate-limit/unit/cass-src-unit/build/test/classes

_check-test-names:
[check-test-names] OpenJDK 64-Bit Server VM warning: Option UseConcMarkSweepGC was deprecated in version 9.0 and will likely be removed in a future release.
[check-test-names] 17:46:19.606 [main] INFO org.reflections.Reflections -- Reflections took 1067 ms to scan 3 urls, producing 1030 keys and 13530 values
[check-test-names] OpenJDK 64-Bit Server VM warning: Option UseConcMarkSweepGC was deprecated in version 9.0 and will likely be removed in a future release.
[check-test-names] 17:46:23.580 [main] INFO org.reflections.Reflections -- Reflections took 1123 ms to scan 3 urls, producing 1030 keys and 13530 values

BUILD SUCCESSFUL
Total time: 35 seconds
+ BUILD_RC=0
+ echo 'build-test rc=0'
build-test rc=0
+ '[' 0 -ne 0 ']'
+ echo '== known-answer check: run testHardLimitBlocks =='
== known-answer check: run testHardLimitBlocks ==
+ ant test -Dtest.name=MemtablePoolLimitTest -Dtest.methods=testHardLimitBlocks
Buildfile: /users/jason92/short-run/memtable_heap_space-tryAllocate-limit/unit/cass-src-unit/build.xml

maybe-build-test:

init:

_resolver_download:

resolver-init:
[resolver:resolve] Resolving artifacts
[resolver:resolve] Resolving artifacts
[resolver:resolve] Resolving artifacts
[resolver:resolve] Resolving artifacts
[resolver:resolve] Resolving artifacts

write-poms:

resolver-retrieve-build:
[resolver:resolve] Resolving artifacts
[resolver:resolve] Resolving artifacts
    [unzip] Expanding: /users/jason92/.m2/repository/org/jacoco/org.jacoco.agent/0.8.8/org.jacoco.agent-0.8.8.jar into /users/jason92/short-run/memtable_heap_space-tryAllocate-limit/unit/cass-src-unit/build/lib/jars

check-gen-cql3-grammar:

gen-cql3-grammar:

generate-cql-html:

generate-jflex-java:

build-project:
     [echo] apache-cassandra: /users/jason92/short-run/memtable_heap_space-tryAllocate-limit/unit/cass-src-unit/build.xml

_build_java:
     [echo] Compiling for Java 11...

_get-git-sha:
     [echo] git.is-available=true
     [echo] git.sha=b5f2a54210d541339c2e7c17a794195cac0e67c2
     [echo] git.worktree.name=cass-src-unit
     [echo] git.branch.name=

set-cqlsh-version:

_createVersionPropFile:
[propertyfile] Updating property file: /users/jason92/short-run/memtable_heap_space-tryAllocate-limit/unit/cass-src-unit/src/resources/org/apache/cassandra/config/version.properties
     [copy] Copying 1 file to /users/jason92/short-run/memtable_heap_space-tryAllocate-limit/unit/cass-src-unit/build/classes/main

build:

_main-jar:
      [jar] Building jar: /users/jason92/short-run/memtable_heap_space-tryAllocate-limit/unit/cass-src-unit/build/apache-cassandra-5.0.9-SNAPSHOT.jar

stress-build:

_stress_build:

stress-build-test:

fqltool-build:

_fqltool_build:

resolver-dist-lib:
[resolver:resolve] Resolving artifacts
[resolver:resolve] Resolving artifacts
[resolver:resolve] Resolving artifacts

_resolver-dist-lib_get_files:
   [delete] Deleting: /users/jason92/short-run/memtable_heap_space-tryAllocate-limit/unit/cass-src-unit/lib/netty-tcnative-boringssl-static-2.0.70.Final-windows-x86_64.jar
   [delete] Deleting: /users/jason92/short-run/memtable_heap_space-tryAllocate-limit/unit/cass-src-unit/build/lib/jars/netty-tcnative-boringssl-static-2.0.70.Final-windows-x86_64.jar

simulator-asm-build:

_simulator-asm_build:

simulator-bootstrap-build:

_simulator-bootstrap_build:

simulator-jars:

build-test:

_build-test:

_check-test-names:
[check-test-names] OpenJDK 64-Bit Server VM warning: Option UseConcMarkSweepGC was deprecated in version 9.0 and will likely be removed in a future release.
[check-test-names] 17:46:32.734 [main] INFO org.reflections.Reflections -- Reflections took 1059 ms to scan 3 urls, producing 1030 keys and 13530 values
[check-test-names] OpenJDK 64-Bit Server VM warning: Option UseConcMarkSweepGC was deprecated in version 9.0 and will likely be removed in a future release.
[check-test-names] 17:46:36.634 [main] INFO org.reflections.Reflections -- Reflections took 1058 ms to scan 3 urls, producing 1030 keys and 13530 values

test:
    [mkdir] Created dir: /users/jason92/short-run/memtable_heap_space-tryAllocate-limit/unit/cass-src-unit/build/test/cassandra
    [mkdir] Created dir: /users/jason92/short-run/memtable_heap_space-tryAllocate-limit/unit/cass-src-unit/build/test/output
    [mkdir] Created dir: /users/jason92/short-run/memtable_heap_space-tryAllocate-limit/unit/cass-src-unit/build/tmp
[junit-timeout] OpenJDK 64-Bit Server VM warning: Option UseConcMarkSweepGC was deprecated in version 9.0 and will likely be removed in a future release.
[junit-timeout] Testsuite: org.apache.cassandra.utils.memory.MemtablePoolLimitTest-_jdk11
[junit-timeout] Testsuite: org.apache.cassandra.utils.memory.MemtablePoolLimitTest-_jdk11 Tests run: 2, Failures: 0, Errors: 0, Skipped: 0, Time elapsed: 0.88 sec
[junit-timeout] 
[junit-timeout] ------------- Standard Output ---------------
[junit-timeout] DEBUG [main] 2026-10-06T17:46:38,776 InternalLoggerFactory.java:63 - Using SLF4J as the default logging framework
[junit-timeout] INFO  [main] 2026-10-06T17:46:38,875 MonotonicClock.java:209 - Scheduling approximate time conversion task with an interval of 10000 milliseconds
[junit-timeout] INFO  [main] 2026-10-06T17:46:38,890 MonotonicClock.java:345 - Scheduling approximate time-check task with a precision of 2 milliseconds
[junit-timeout] INFO  [main] 2026-10-06T17:46:38,914 SubstituteLogger.java:222 - [testDiscardingOvershoots] after allocate(90): used=90
[junit-timeout] INFO  [main] 2026-10-06T17:46:38,921 SubstituteLogger.java:222 - [testDiscardingOvershoots] after allocate(30) while isBlocking(): used=120, limit=100
[junit-timeout] DEBUG [SlabPoolCleaner] 2026-10-06T17:46:38,927 InternalThreadLocalMap.java:100 - -Dio.netty.threadLocalMap.stringBuilder.initialSize: 1024
[junit-timeout] DEBUG [SlabPoolCleaner] 2026-10-06T17:46:38,927 InternalThreadLocalMap.java:101 - -Dio.netty.threadLocalMap.stringBuilder.maxSize: 4096
[junit-timeout] INFO  [main] 2026-10-06T17:46:38,936 SubstituteLogger.java:222 - [testHardLimitBlocks] after allocate(60): used=60
[junit-timeout] INFO  [main] 2026-10-06T17:46:39,141 SubstituteLogger.java:222 - [testHardLimitBlocks] second allocate(60) timed out after 200ms: true, used while blocked=60
[junit-timeout] INFO  [main] 2026-10-06T17:46:39,142 SubstituteLogger.java:222 - [testHardLimitBlocks] after release(60)+unblock: used=60
[junit-timeout] ------------- ---------------- ---------------

BUILD SUCCESSFUL
Total time: 14 seconds
+ echo 'testHardLimitBlocks rc=0'
testHardLimitBlocks rc=0
+ echo '== run testDiscardingOvershoots =='
== run testDiscardingOvershoots ==
+ ant test -Dtest.name=MemtablePoolLimitTest -Dtest.methods=testDiscardingOvershoots
Buildfile: /users/jason92/short-run/memtable_heap_space-tryAllocate-limit/unit/cass-src-unit/build.xml

maybe-build-test:

init:

_resolver_download:

resolver-init:
[resolver:resolve] Resolving artifacts
[resolver:resolve] Resolving artifacts
[resolver:resolve] Resolving artifacts
[resolver:resolve] Resolving artifacts
[resolver:resolve] Resolving artifacts

write-poms:

resolver-retrieve-build:
[resolver:resolve] Resolving artifacts
[resolver:resolve] Resolving artifacts
    [unzip] Expanding: /users/jason92/.m2/repository/org/jacoco/org.jacoco.agent/0.8.8/org.jacoco.agent-0.8.8.jar into /users/jason92/short-run/memtable_heap_space-tryAllocate-limit/unit/cass-src-unit/build/lib/jars

check-gen-cql3-grammar:

gen-cql3-grammar:

generate-cql-html:

generate-jflex-java:

build-project:
     [echo] apache-cassandra: /users/jason92/short-run/memtable_heap_space-tryAllocate-limit/unit/cass-src-unit/build.xml

_build_java:
     [echo] Compiling for Java 11...

_get-git-sha:
     [echo] git.is-available=true
     [echo] git.sha=b5f2a54210d541339c2e7c17a794195cac0e67c2
     [echo] git.worktree.name=cass-src-unit
     [echo] git.branch.name=

set-cqlsh-version:

_createVersionPropFile:
[propertyfile] Updating property file: /users/jason92/short-run/memtable_heap_space-tryAllocate-limit/unit/cass-src-unit/src/resources/org/apache/cassandra/config/version.properties
     [copy] Copying 1 file to /users/jason92/short-run/memtable_heap_space-tryAllocate-limit/unit/cass-src-unit/build/classes/main

build:

_main-jar:
      [jar] Building jar: /users/jason92/short-run/memtable_heap_space-tryAllocate-limit/unit/cass-src-unit/build/apache-cassandra-5.0.9-SNAPSHOT.jar

stress-build:

_stress_build:

stress-build-test:

fqltool-build:

_fqltool_build:

resolver-dist-lib:
[resolver:resolve] Resolving artifacts
[resolver:resolve] Resolving artifacts
[resolver:resolve] Resolving artifacts

_resolver-dist-lib_get_files:
   [delete] Deleting: /users/jason92/short-run/memtable_heap_space-tryAllocate-limit/unit/cass-src-unit/lib/netty-tcnative-boringssl-static-2.0.70.Final-windows-x86_64.jar
   [delete] Deleting: /users/jason92/short-run/memtable_heap_space-tryAllocate-limit/unit/cass-src-unit/build/lib/jars/netty-tcnative-boringssl-static-2.0.70.Final-windows-x86_64.jar

simulator-asm-build:

_simulator-asm_build:

simulator-bootstrap-build:

_simulator-bootstrap_build:

simulator-jars:

build-test:

_build-test:

_check-test-names:
[check-test-names] OpenJDK 64-Bit Server VM warning: Option UseConcMarkSweepGC was deprecated in version 9.0 and will likely be removed in a future release.
[check-test-names] 17:46:47.724 [main] INFO org.reflections.Reflections -- Reflections took 1054 ms to scan 3 urls, producing 1030 keys and 13530 values
[check-test-names] OpenJDK 64-Bit Server VM warning: Option UseConcMarkSweepGC was deprecated in version 9.0 and will likely be removed in a future release.
[check-test-names] 17:46:51.669 [main] INFO org.reflections.Reflections -- Reflections took 1043 ms to scan 3 urls, producing 1030 keys and 13530 values

test:
[junit-timeout] OpenJDK 64-Bit Server VM warning: Option UseConcMarkSweepGC was deprecated in version 9.0 and will likely be removed in a future release.
[junit-timeout] Testsuite: org.apache.cassandra.utils.memory.MemtablePoolLimitTest-_jdk11
[junit-timeout] Testsuite: org.apache.cassandra.utils.memory.MemtablePoolLimitTest-_jdk11 Tests run: 2, Failures: 0, Errors: 0, Skipped: 0, Time elapsed: 0.885 sec
[junit-timeout] 
[junit-timeout] ------------- Standard Output ---------------
[junit-timeout] DEBUG [main] 2026-10-06T17:46:53,815 InternalLoggerFactory.java:63 - Using SLF4J as the default logging framework
[junit-timeout] INFO  [main] 2026-10-06T17:46:53,914 MonotonicClock.java:209 - Scheduling approximate time conversion task with an interval of 10000 milliseconds
[junit-timeout] INFO  [main] 2026-10-06T17:46:53,929 MonotonicClock.java:345 - Scheduling approximate time-check task with a precision of 2 milliseconds
[junit-timeout] INFO  [main] 2026-10-06T17:46:53,952 SubstituteLogger.java:222 - [testDiscardingOvershoots] after allocate(90): used=90
[junit-timeout] INFO  [main] 2026-10-06T17:46:53,959 SubstituteLogger.java:222 - [testDiscardingOvershoots] after allocate(30) while isBlocking(): used=120, limit=100
[junit-timeout] DEBUG [SlabPoolCleaner] 2026-10-06T17:46:53,964 InternalThreadLocalMap.java:100 - -Dio.netty.threadLocalMap.stringBuilder.initialSize: 1024
[junit-timeout] DEBUG [SlabPoolCleaner] 2026-10-06T17:46:53,964 InternalThreadLocalMap.java:101 - -Dio.netty.threadLocalMap.stringBuilder.maxSize: 4096
[junit-timeout] INFO  [main] 2026-10-06T17:46:53,973 SubstituteLogger.java:222 - [testHardLimitBlocks] after allocate(60): used=60
[junit-timeout] INFO  [main] 2026-10-06T17:46:54,178 SubstituteLogger.java:222 - [testHardLimitBlocks] second allocate(60) timed out after 200ms: true, used while blocked=60
[junit-timeout] INFO  [main] 2026-10-06T17:46:54,179 SubstituteLogger.java:222 - [testHardLimitBlocks] after release(60)+unblock: used=60
[junit-timeout] ------------- ---------------- ---------------

BUILD SUCCESSFUL
Total time: 14 seconds
+ echo 'testDiscardingOvershoots rc=0'
testDiscardingOvershoots rc=0

Script done on 2026-10-06 11:46:54-06:00 [COMMAND_EXIT_CODE="0"]
