Script started on 2026-10-06 11:43:28-06:00 [<not executed on terminal>]
+ cd /users/jason92/short-run/memtable_heap_space-tryAllocate-limit/unit/cass-src-unit
+ java -version
openjdk version "11.0.32.1" 2026-08-18
OpenJDK Runtime Environment (build 11.0.32.1+1-post-1ubuntu1-22.04-Ubuntu)
OpenJDK 64-Bit Server VM (build 11.0.32.1+1-post-1ubuntu1-22.04-Ubuntu, mixed mode, sharing)
+ ant -version
Apache Ant(TM) version 1.10.12 compiled on January 17 1970
+ ant jar
Buildfile: /users/jason92/short-run/memtable_heap_space-tryAllocate-limit/unit/cass-src-unit/build.xml

init:
    [mkdir] Created dir: /users/jason92/short-run/memtable_heap_space-tryAllocate-limit/unit/cass-src-unit/build/classes/main
    [mkdir] Created dir: /users/jason92/short-run/memtable_heap_space-tryAllocate-limit/unit/cass-src-unit/build/test/lib
    [mkdir] Created dir: /users/jason92/short-run/memtable_heap_space-tryAllocate-limit/unit/cass-src-unit/build/test/classes
    [mkdir] Created dir: /users/jason92/short-run/memtable_heap_space-tryAllocate-limit/unit/cass-src-unit/build/test/stress-classes
    [mkdir] Created dir: /users/jason92/short-run/memtable_heap_space-tryAllocate-limit/unit/cass-src-unit/build/test/fqltool-classes
    [mkdir] Created dir: /users/jason92/short-run/memtable_heap_space-tryAllocate-limit/unit/cass-src-unit/src/gen-java
    [mkdir] Created dir: /users/jason92/short-run/memtable_heap_space-tryAllocate-limit/unit/cass-src-unit/build/lib
    [mkdir] Created dir: /users/jason92/short-run/memtable_heap_space-tryAllocate-limit/unit/cass-src-unit/build/jacoco
    [mkdir] Created dir: /users/jason92/short-run/memtable_heap_space-tryAllocate-limit/unit/cass-src-unit/build/jacoco/partials
    [javac] Compiling 2 source files to /users/jason92/short-run/memtable_heap_space-tryAllocate-limit/unit/cass-src-unit/build/test/classes

_resolver_download:

resolver-init:
[resolver:resolve] Resolving artifacts
[resolver:resolve] Resolving artifacts
[resolver:resolve] Resolving artifacts
[resolver:resolve] Resolving artifacts
[resolver:resolve] Resolving artifacts

write-poms:
     [copy] Copying 1 file to /users/jason92/short-run/memtable_heap_space-tryAllocate-limit/unit/cass-src-unit/build
     [copy] Copying 1 file to /users/jason92/short-run/memtable_heap_space-tryAllocate-limit/unit/cass-src-unit/build
     [copy] Copying 1 file to /users/jason92/short-run/memtable_heap_space-tryAllocate-limit/unit/cass-src-unit/build

resolver-retrieve-build:
[resolver:resolve] Resolving artifacts
[resolver:resolve] Resolving artifacts
    [unzip] Expanding: /users/jason92/.m2/repository/org/jacoco/org.jacoco.agent/0.8.8/org.jacoco.agent-0.8.8.jar into /users/jason92/short-run/memtable_heap_space-tryAllocate-limit/unit/cass-src-unit/build/lib/jars

check-gen-cql3-grammar:

gen-cql3-grammar:
     [echo] Building Grammar /users/jason92/short-run/memtable_heap_space-tryAllocate-limit/unit/cass-src-unit/src/antlr/Cql.g  ...

generate-cql-html:

generate-jflex-java:
    [jflex] Generated: StandardTokenizerImpl.java

build-project:
     [echo] apache-cassandra: /users/jason92/short-run/memtable_heap_space-tryAllocate-limit/unit/cass-src-unit/build.xml

_build_java:
     [echo] Compiling for Java 11...
    [javac] Compiling 2533 source files to /users/jason92/short-run/memtable_heap_space-tryAllocate-limit/unit/cass-src-unit/build/classes/main
    [javac] Note: Processing compiler hints annotations
    [javac] Note: Processing compiler hints annotations
    [javac] Note: Writing compiler command file at META-INF/hotspot_compiler
    [javac] Note: Done processing compiler hints annotations
    [javac] Note: Some input files use or override a deprecated API.
    [javac] Note: Recompile with -Xlint:deprecation for details.
    [javac] Note: Some input files use unchecked or unsafe operations.
    [javac] Note: Recompile with -Xlint:unchecked for details.
    [javac] Creating empty /users/jason92/short-run/memtable_heap_space-tryAllocate-limit/unit/cass-src-unit/build/classes/main/org/apache/cassandra/cql3/functions/types/package-info.class
    [javac] Creating empty /users/jason92/short-run/memtable_heap_space-tryAllocate-limit/unit/cass-src-unit/build/classes/main/org/apache/cassandra/db/streaming/package-info.class
    [javac] Creating empty /users/jason92/short-run/memtable_heap_space-tryAllocate-limit/unit/cass-src-unit/build/classes/main/org/apache/cassandra/streaming/async/package-info.class
    [javac] Creating empty /users/jason92/short-run/memtable_heap_space-tryAllocate-limit/unit/cass-src-unit/build/classes/main/org/apache/cassandra/hints/package-info.class

_get-git-sha:
     [echo] git.is-available=true
     [echo] git.sha=b5f2a54210d541339c2e7c17a794195cac0e67c2
     [echo] git.worktree.name=cass-src-unit
     [echo] git.branch.name=

set-cqlsh-version:

_createVersionPropFile:
    [mkdir] Created dir: /users/jason92/short-run/memtable_heap_space-tryAllocate-limit/unit/cass-src-unit/src/resources/org/apache/cassandra/config
[propertyfile] Creating new property file: /users/jason92/short-run/memtable_heap_space-tryAllocate-limit/unit/cass-src-unit/src/resources/org/apache/cassandra/config/version.properties
     [copy] Copying 20 files to /users/jason92/short-run/memtable_heap_space-tryAllocate-limit/unit/cass-src-unit/build/classes/main
     [copy] Copying 1 file to /users/jason92/short-run/memtable_heap_space-tryAllocate-limit/unit/cass-src-unit/conf

build:

_main-jar:
     [copy] Copying 1 file to /users/jason92/short-run/memtable_heap_space-tryAllocate-limit/unit/cass-src-unit/build/classes/main/META-INF
     [copy] Copying 1 file to /users/jason92/short-run/memtable_heap_space-tryAllocate-limit/unit/cass-src-unit/build/classes/main/META-INF
      [jar] Building jar: /users/jason92/short-run/memtable_heap_space-tryAllocate-limit/unit/cass-src-unit/build/apache-cassandra-5.0.9-SNAPSHOT.jar

stress-build:

_stress_build:
    [mkdir] Created dir: /users/jason92/short-run/memtable_heap_space-tryAllocate-limit/unit/cass-src-unit/build/classes/stress
    [javac] Compiling 115 source files to /users/jason92/short-run/memtable_heap_space-tryAllocate-limit/unit/cass-src-unit/build/classes/stress
    [javac] Note: Some input files use or override a deprecated API.
    [javac] Note: Recompile with -Xlint:deprecation for details.
    [javac] Note: Some input files use unchecked or unsafe operations.
    [javac] Note: Recompile with -Xlint:unchecked for details.
     [copy] Copying 1 file to /users/jason92/short-run/memtable_heap_space-tryAllocate-limit/unit/cass-src-unit/build/classes/stress

stress-build-test:
    [javac] Compiling 8 source files to /users/jason92/short-run/memtable_heap_space-tryAllocate-limit/unit/cass-src-unit/build/test/stress-classes
    [javac] Note: /users/jason92/short-run/memtable_heap_space-tryAllocate-limit/unit/cass-src-unit/tools/stress/test/unit/org/apache/cassandra/stress/util/MultiResultLoggerTest.java uses or overrides a deprecated API.
    [javac] Note: Recompile with -Xlint:deprecation for details.

fqltool-build:

_fqltool_build:
    [mkdir] Created dir: /users/jason92/short-run/memtable_heap_space-tryAllocate-limit/unit/cass-src-unit/build/classes/fqltool
    [javac] Compiling 14 source files to /users/jason92/short-run/memtable_heap_space-tryAllocate-limit/unit/cass-src-unit/build/classes/fqltool

resolver-dist-lib:
[resolver:resolve] Resolving artifacts
    [mkdir] Created dir: /users/jason92/short-run/memtable_heap_space-tryAllocate-limit/unit/cass-src-unit/lib/sigar-bin
    [mkdir] Created dir: /users/jason92/short-run/memtable_heap_space-tryAllocate-limit/unit/cass-src-unit/lib/x86_64
    [mkdir] Created dir: /users/jason92/short-run/memtable_heap_space-tryAllocate-limit/unit/cass-src-unit/lib/aarch64
[resolver:resolve] Resolving artifacts
[resolver:resolve] Resolving artifacts

_resolver-dist-lib_get_files:
     [copy] Copying 5 files to /users/jason92/short-run/memtable_heap_space-tryAllocate-limit/unit/cass-src-unit/lib
     [copy] Copying 20 files to /users/jason92/short-run/memtable_heap_space-tryAllocate-limit/unit/cass-src-unit/lib/sigar-bin
   [delete] Deleting: /users/jason92/short-run/memtable_heap_space-tryAllocate-limit/unit/cass-src-unit/lib/netty-tcnative-boringssl-static-2.0.70.Final-windows-x86_64.jar
   [delete] Deleting: /users/jason92/short-run/memtable_heap_space-tryAllocate-limit/unit/cass-src-unit/build/lib/jars/netty-tcnative-boringssl-static-2.0.70.Final-windows-x86_64.jar

simulator-asm-build:

_simulator-asm_build:
    [mkdir] Created dir: /users/jason92/short-run/memtable_heap_space-tryAllocate-limit/unit/cass-src-unit/build/classes/simulator-asm
    [javac] Compiling 19 source files to /users/jason92/short-run/memtable_heap_space-tryAllocate-limit/unit/cass-src-unit/build/classes/simulator-asm
    [javac] Creating empty /users/jason92/short-run/memtable_heap_space-tryAllocate-limit/unit/cass-src-unit/build/classes/simulator-asm/org/apache/cassandra/simulator/asm/package-info.class

simulator-bootstrap-build:

_simulator-bootstrap_build:
    [mkdir] Created dir: /users/jason92/short-run/memtable_heap_space-tryAllocate-limit/unit/cass-src-unit/build/classes/simulator-bootstrap
    [javac] Compiling 1 source file to /users/jason92/short-run/memtable_heap_space-tryAllocate-limit/unit/cass-src-unit/build/classes/simulator-bootstrap

simulator-jars:
    [mkdir] Created dir: /users/jason92/short-run/memtable_heap_space-tryAllocate-limit/unit/cass-src-unit/build/classes/simulator-asm/META-INF
      [jar] Building jar: /users/jason92/short-run/memtable_heap_space-tryAllocate-limit/unit/cass-src-unit/build/test/lib/jars/simulator-asm.jar
    [mkdir] Created dir: /users/jason92/short-run/memtable_heap_space-tryAllocate-limit/unit/cass-src-unit/build/classes/simulator-bootstrap/META-INF
      [jar] Building jar: /users/jason92/short-run/memtable_heap_space-tryAllocate-limit/unit/cass-src-unit/build/test/lib/jars/simulator-bootstrap.jar

build-test:

_build-test:
    [javac] Compiling 2069 source files to /users/jason92/short-run/memtable_heap_space-tryAllocate-limit/unit/cass-src-unit/build/test/classes
    [javac] Note: Processing compiler hints annotations
    [javac] Note: Processing compiler hints annotations
    [javac] Note: Processing compiler hints annotations
    [javac] Note: Writing compiler command file at META-INF/hotspot_compiler
    [javac] Note: Done processing compiler hints annotations
    [javac] /users/jason92/short-run/memtable_heap_space-tryAllocate-limit/unit/cass-src-unit/test/unit/org/apache/cassandra/utils/memory/MemtablePoolLimitTest.java:72: error: cannot find symbol
    [javac]         allocator.allocate(60, group);
    [javac]                  ^
    [javac]   symbol:   method allocate(int,Group)
    [javac]   location: variable allocator of type MemtableAllocator
    [javac] /users/jason92/short-run/memtable_heap_space-tryAllocate-limit/unit/cass-src-unit/test/unit/org/apache/cassandra/utils/memory/MemtablePoolLimitTest.java:76: error: cannot find symbol
    [javac]         Future<?> blocked = exec.submit(() -> { allocator.allocate(60, group); return null; });
    [javac]                                                          ^
    [javac]   symbol:   method allocate(int,Group)
    [javac]   location: variable allocator of type MemtableAllocator
    [javac] /users/jason92/short-run/memtable_heap_space-tryAllocate-limit/unit/cass-src-unit/test/unit/org/apache/cassandra/utils/memory/MemtablePoolLimitTest.java:104: error: cannot find symbol
    [javac]         allocator.allocate(90, group);
    [javac]                  ^
    [javac]   symbol:   method allocate(int,Group)
    [javac]   location: variable allocator of type MemtableAllocator
    [javac] /users/jason92/short-run/memtable_heap_space-tryAllocate-limit/unit/cass-src-unit/test/unit/org/apache/cassandra/utils/memory/MemtablePoolLimitTest.java:115: error: cannot find symbol
    [javac]         Future<?> f = exec.submit(() -> { allocator.allocate(30, group); return null; });
    [javac]                                                    ^
    [javac]   symbol:   method allocate(int,Group)
    [javac]   location: variable allocator of type MemtableAllocator
    [javac] Note: Some input files use or override a deprecated API.
    [javac] Note: Recompile with -Xlint:deprecation for details.
    [javac] Note: Some input files use unchecked or unsafe operations.
    [javac] Note: Recompile with -Xlint:unchecked for details.
    [javac] 4 errors

BUILD FAILED
/users/jason92/short-run/memtable_heap_space-tryAllocate-limit/unit/cass-src-unit/build.xml:1019: The following error occurred while executing this line:
/users/jason92/short-run/memtable_heap_space-tryAllocate-limit/unit/cass-src-unit/build.xml:1032: Compile failed; see the compiler error output for details.

Total time: 1 minute 32 seconds

Script done on 2026-10-06 11:45:02-06:00 [COMMAND_EXIT_CODE="1"]
