checksize thread=main entries=3 bytes=196 command=null ms=1791386470783
checksize thread=main entries=5 bytes=355 command=null ms=1791386470787
checksize thread=main entries=8 bytes=499 command=null ms=1791386470803
checksize thread=main entries=11 bytes=732 command=null ms=1791386470804
checksize thread=main entries=4 bytes=143 command=null ms=1791386470814
checksize thread=main entries=8 bytes=360 command=null ms=1791386470815
checksize thread=main entries=3 bytes=196 command=null ms=1791386470904
checksize thread=main entries=5 bytes=355 command=null ms=1791386470905
checksize thread=main entries=3 bytes=235 command=null ms=1791386470913
checksize thread=main entries=8 bytes=499 command=null ms=1791386470913
checksize thread=main entries=11 bytes=732 command=null ms=1791386470913
checksize thread=main entries=2 bytes=114 command=null ms=1791386470922
checksize thread=main entries=4 bytes=143 command=null ms=1791386470922
checksize thread=main entries=8 bytes=360 command=null ms=1791386470922
checksize thread=main entries=3 bytes=196 command=null ms=1791386471011
checksize thread=main entries=5 bytes=355 command=null ms=1791386471012
checksize thread=main entries=2 bytes=120 command=null ms=1791386471017
checksize thread=main entries=3 bytes=235 command=null ms=1791386471017
checksize thread=main entries=8 bytes=499 command=null ms=1791386471017
checksize thread=main entries=11 bytes=732 command=null ms=1791386471018
checksize thread=main entries=3 bytes=140 command=null ms=1791386471027
checksize thread=main entries=2 bytes=114 command=null ms=1791386471027
checksize thread=main entries=4 bytes=143 command=null ms=1791386471028
checksize thread=main entries=8 bytes=360 command=null ms=1791386471028
checksize thread=ReadStage-6 entries=2 bytes=120 command=null ms=1791386474181
checksize thread=ReadStage-7 entries=3 bytes=140 command=null ms=1791386474181
checksize thread=ReadStage-7 entries=2 bytes=114 command=null ms=1791386474181
checksize thread=ReadStage-6 entries=3 bytes=235 command=null ms=1791386474181
checksize thread=ReadStage-7 entries=4 bytes=143 command=null ms=1791386474182
checksize thread=ReadStage-6 entries=8 bytes=499 command=null ms=1791386474182
checksize thread=ReadStage-7 entries=8 bytes=360 command=null ms=1791386474182
checksize thread=ReadStage-6 entries=11 bytes=732 command=null ms=1791386474182
checksize thread=Native-Transport-Requests-1 entries=3 bytes=196 command=null ms=1791386474305
checksize thread=Native-Transport-Requests-1 entries=5 bytes=355 command=null ms=1791386474306
checksize thread=Native-Transport-Requests-1 entries=2 bytes=120 command=null ms=1791386474313
checksize thread=Native-Transport-Requests-1 entries=3 bytes=235 command=null ms=1791386474313
checksize thread=Native-Transport-Requests-1 entries=8 bytes=499 command=null ms=1791386474314
checksize thread=Native-Transport-Requests-1 entries=11 bytes=732 command=null ms=1791386474314
checksize thread=Native-Transport-Requests-1 entries=3 bytes=140 command=null ms=1791386474325
checksize thread=Native-Transport-Requests-1 entries=2 bytes=114 command=null ms=1791386474325
checksize thread=Native-Transport-Requests-1 entries=4 bytes=143 command=null ms=1791386474326
checksize thread=Native-Transport-Requests-1 entries=8 bytes=360 command=null ms=1791386474326
checksize thread=Native-Transport-Requests-3 entries=3 bytes=196 command=null ms=1791386474411
checksize thread=Native-Transport-Requests-3 entries=5 bytes=355 command=null ms=1791386474412
checksize thread=Native-Transport-Requests-3 entries=3 bytes=235 command=null ms=1791386474417
checksize thread=Native-Transport-Requests-3 entries=2 bytes=120 command=null ms=1791386474418
checksize thread=Native-Transport-Requests-3 entries=8 bytes=499 command=null ms=1791386474418
checksize thread=Native-Transport-Requests-3 entries=11 bytes=732 command=null ms=1791386474418
checksize thread=Native-Transport-Requests-3 entries=3 bytes=140 command=null ms=1791386474427
checksize thread=Native-Transport-Requests-3 entries=4 bytes=143 command=null ms=1791386474427
checksize thread=Native-Transport-Requests-3 entries=2 bytes=114 command=null ms=1791386474428
checksize thread=Native-Transport-Requests-3 entries=8 bytes=360 command=null ms=1791386474429
checksize thread=Native-Transport-Requests-4 entries=3 bytes=196 command=null ms=1791386474550
checksize thread=Native-Transport-Requests-4 entries=5 bytes=355 command=null ms=1791386474550
checksize thread=Native-Transport-Requests-4 entries=2 bytes=120 command=null ms=1791386474554
checksize thread=Native-Transport-Requests-4 entries=8 bytes=527 command=null ms=1791386474554
checksize thread=Native-Transport-Requests-4 entries=3 bytes=235 command=null ms=1791386474555
checksize thread=Native-Transport-Requests-4 entries=11 bytes=745 command=null ms=1791386474555
checksize thread=Native-Transport-Requests-4 entries=2 bytes=117 command=null ms=1791386474556
checksize thread=Native-Transport-Requests-4 entries=3 bytes=140 command=null ms=1791386474561
checksize thread=Native-Transport-Requests-4 entries=4 bytes=143 command=null ms=1791386474561
checksize thread=Native-Transport-Requests-4 entries=2 bytes=114 command=null ms=1791386474561
checksize thread=Native-Transport-Requests-4 entries=8 bytes=360 command=null ms=1791386474562
checksize thread=ReadStage-10 entries=2 bytes=120 command=null ms=1791386475152
checksize thread=ReadStage-8 entries=3 bytes=140 command=null ms=1791386475152
checksize thread=ReadStage-10 entries=8 bytes=527 command=null ms=1791386475153
checksize thread=ReadStage-8 entries=4 bytes=143 command=null ms=1791386475153
checksize thread=ReadStage-8 entries=2 bytes=114 command=null ms=1791386475155
checksize thread=ReadStage-8 entries=8 bytes=360 command=null ms=1791386475156
checksize thread=ReadStage-10 entries=3 bytes=235 command=null ms=1791386475157
checksize thread=ReadStage-10 entries=11 bytes=745 command=null ms=1791386475158
checksize thread=ReadStage-10 entries=2 bytes=117 command=null ms=1791386475159
checksize thread=ReadStage-8 entries=2 bytes=120 command=null ms=1791386477290
checksize thread=ReadStage-8 entries=8 bytes=527 command=null ms=1791386477290
checksize thread=ReadStage-10 entries=3 bytes=140 command=null ms=1791386477291
checksize thread=ReadStage-10 entries=4 bytes=143 command=null ms=1791386477291
checksize thread=ReadStage-10 entries=2 bytes=114 command=null ms=1791386477293
checksize thread=ReadStage-10 entries=8 bytes=360 command=null ms=1791386477293
checksize thread=ReadStage-8 entries=3 bytes=235 command=null ms=1791386477294
checksize thread=ReadStage-8 entries=11 bytes=745 command=null ms=1791386477294
checksize thread=ReadStage-8 entries=2 bytes=117 command=null ms=1791386477295
checksize thread=ReadStage-15 entries=2 bytes=120 command=null ms=1791386496174
checksize thread=ReadStage-15 entries=8 bytes=527 command=null ms=1791386496174
checksize thread=ReadStage-12 entries=3 bytes=140 command=null ms=1791386496174
checksize thread=ReadStage-12 entries=4 bytes=143 command=null ms=1791386496175
checksize thread=ReadStage-12 entries=2 bytes=114 command=null ms=1791386496177
checksize thread=ReadStage-15 entries=3 bytes=235 command=null ms=1791386496177
checksize thread=ReadStage-12 entries=8 bytes=360 command=null ms=1791386496177
checksize thread=ReadStage-15 entries=11 bytes=745 command=null ms=1791386496177
checksize thread=ReadStage-15 entries=2 bytes=117 command=null ms=1791386496178
checksize thread=ReadStage-14 entries=3 bytes=140 command=null ms=1791386497557
checksize thread=ReadStage-14 entries=4 bytes=143 command=null ms=1791386497557
checksize thread=ReadStage-12 entries=2 bytes=120 command=null ms=1791386497557
checksize thread=ReadStage-12 entries=8 bytes=527 command=null ms=1791386497558
checksize thread=ReadStage-14 entries=2 bytes=114 command=null ms=1791386497558
checksize thread=ReadStage-14 entries=8 bytes=360 command=null ms=1791386497558
checksize thread=ReadStage-12 entries=3 bytes=235 command=null ms=1791386497560
checksize thread=ReadStage-12 entries=11 bytes=745 command=null ms=1791386497561
checksize thread=ReadStage-12 entries=2 bytes=117 command=null ms=1791386497562
checksize thread=ReadStage-2 entries=100 bytes=2299 command=ks1.t ms=1791386497598
checksize thread=ReadStage-12 entries=3 bytes=140 command=null ms=1791386500755
checksize thread=ReadStage-12 entries=4 bytes=143 command=null ms=1791386500755
checksize thread=ReadStage-13 entries=2 bytes=120 command=null ms=1791386500755
checksize thread=ReadStage-13 entries=8 bytes=527 command=null ms=1791386500756
checksize thread=ReadStage-12 entries=2 bytes=114 command=null ms=1791386500757
checksize thread=ReadStage-12 entries=8 bytes=360 command=null ms=1791386500757
checksize thread=ReadStage-13 entries=3 bytes=235 command=null ms=1791386500758
checksize thread=ReadStage-13 entries=11 bytes=745 command=null ms=1791386500759
checksize thread=ReadStage-13 entries=2 bytes=117 command=null ms=1791386500760
checksize thread=ReadStage-12 entries=3 bytes=140 command=null ms=1791386502127
checksize thread=ReadStage-13 entries=2 bytes=120 command=null ms=1791386502127
checksize thread=ReadStage-12 entries=4 bytes=143 command=null ms=1791386502127
checksize thread=ReadStage-13 entries=8 bytes=527 command=null ms=1791386502127
checksize thread=ReadStage-12 entries=2 bytes=114 command=null ms=1791386502128
checksize thread=ReadStage-12 entries=8 bytes=360 command=null ms=1791386502129
checksize thread=ReadStage-13 entries=3 bytes=235 command=null ms=1791386502130
checksize thread=ReadStage-13 entries=11 bytes=745 command=null ms=1791386502130
checksize thread=ReadStage-13 entries=2 bytes=117 command=null ms=1791386502131
checksize thread=ReadStage-2 entries=141 bytes=3243 command=ks1.t ms=1791386502163
checksize thread=ReadStage-14 entries=3 bytes=140 command=null ms=1791386505247
checksize thread=ReadStage-14 entries=4 bytes=143 command=null ms=1791386505248
checksize thread=ReadStage-12 entries=2 bytes=120 command=null ms=1791386505248
checksize thread=ReadStage-12 entries=8 bytes=527 command=null ms=1791386505248
checksize thread=ReadStage-14 entries=2 bytes=114 command=null ms=1791386505249
checksize thread=ReadStage-14 entries=8 bytes=360 command=null ms=1791386505249
checksize thread=ReadStage-12 entries=3 bytes=235 command=null ms=1791386505250
checksize thread=ReadStage-12 entries=11 bytes=745 command=null ms=1791386505250
checksize thread=ReadStage-12 entries=2 bytes=117 command=null ms=1791386505251
checksize thread=ReadStage-14 entries=3 bytes=140 command=null ms=1791386506626
checksize thread=ReadStage-14 entries=4 bytes=143 command=null ms=1791386506627
checksize thread=ReadStage-12 entries=2 bytes=120 command=null ms=1791386506627
checksize thread=ReadStage-14 entries=2 bytes=114 command=null ms=1791386506627
checksize thread=ReadStage-12 entries=8 bytes=527 command=null ms=1791386506627
checksize thread=ReadStage-14 entries=8 bytes=360 command=null ms=1791386506628
checksize thread=ReadStage-12 entries=3 bytes=235 command=null ms=1791386506629
checksize thread=ReadStage-12 entries=11 bytes=745 command=null ms=1791386506630
checksize thread=ReadStage-12 entries=2 bytes=117 command=null ms=1791386506631
checksize thread=ReadStage-7 entries=200 bytes=4600 command=ks1.t ms=1791386506660
checksize thread=ReadStage-12 entries=3 bytes=140 command=null ms=1791386509761
checksize thread=ReadStage-13 entries=2 bytes=120 command=null ms=1791386509761
checksize thread=ReadStage-12 entries=4 bytes=143 command=null ms=1791386509762
checksize thread=ReadStage-13 entries=8 bytes=527 command=null ms=1791386509762
checksize thread=ReadStage-12 entries=2 bytes=114 command=null ms=1791386509763
checksize thread=ReadStage-12 entries=8 bytes=360 command=null ms=1791386509764
checksize thread=ReadStage-13 entries=3 bytes=235 command=null ms=1791386509764
checksize thread=ReadStage-13 entries=11 bytes=745 command=null ms=1791386509764
checksize thread=ReadStage-13 entries=2 bytes=117 command=null ms=1791386509765
checksize thread=ReadStage-13 entries=3 bytes=140 command=null ms=1791386511138
checksize thread=ReadStage-13 entries=4 bytes=143 command=null ms=1791386511139
checksize thread=ReadStage-12 entries=2 bytes=120 command=null ms=1791386511139
checksize thread=ReadStage-12 entries=8 bytes=527 command=null ms=1791386511139
checksize thread=ReadStage-13 entries=2 bytes=114 command=null ms=1791386511139
checksize thread=ReadStage-13 entries=8 bytes=360 command=null ms=1791386511139
checksize thread=ReadStage-12 entries=3 bytes=235 command=null ms=1791386511140
checksize thread=ReadStage-12 entries=11 bytes=745 command=null ms=1791386511140
checksize thread=ReadStage-12 entries=2 bytes=117 command=null ms=1791386511141
checksize thread=ReadStage-2 entries=283 bytes=6509 command=ks1.t ms=1791386511176
checksize thread=ReadStage-15 entries=3 bytes=140 command=null ms=1791386514358
checksize thread=ReadStage-15 entries=4 bytes=143 command=null ms=1791386514358
checksize thread=ReadStage-17 entries=2 bytes=120 command=null ms=1791386514359
checksize thread=ReadStage-17 entries=8 bytes=527 command=null ms=1791386514359
checksize thread=ReadStage-15 entries=2 bytes=114 command=null ms=1791386514359
checksize thread=ReadStage-15 entries=8 bytes=360 command=null ms=1791386514360
checksize thread=ReadStage-17 entries=3 bytes=235 command=null ms=1791386514361
checksize thread=ReadStage-17 entries=11 bytes=745 command=null ms=1791386514361
checksize thread=ReadStage-17 entries=2 bytes=117 command=null ms=1791386514361
checksize thread=ReadStage-12 entries=3 bytes=140 command=null ms=1791386515721
checksize thread=ReadStage-17 entries=2 bytes=120 command=null ms=1791386515721
checksize thread=ReadStage-12 entries=4 bytes=143 command=null ms=1791386515721
checksize thread=ReadStage-17 entries=8 bytes=527 command=null ms=1791386515721
checksize thread=ReadStage-12 entries=2 bytes=114 command=null ms=1791386515722
checksize thread=ReadStage-12 entries=8 bytes=360 command=null ms=1791386515723
checksize thread=ReadStage-17 entries=3 bytes=235 command=null ms=1791386515723
checksize thread=ReadStage-17 entries=11 bytes=745 command=null ms=1791386515724
checksize thread=ReadStage-17 entries=2 bytes=117 command=null ms=1791386515725
checksize thread=ReadStage-13 entries=400 bytes=9200 command=ks1.t ms=1791386515759
checksize thread=ReadStage-16 entries=3 bytes=140 command=null ms=1791386518863
checksize thread=ReadStage-14 entries=2 bytes=120 command=null ms=1791386518863
checksize thread=ReadStage-16 entries=4 bytes=143 command=null ms=1791386518863
checksize thread=ReadStage-14 entries=8 bytes=527 command=null ms=1791386518863
checksize thread=ReadStage-16 entries=2 bytes=114 command=null ms=1791386518864
checksize thread=ReadStage-16 entries=8 bytes=360 command=null ms=1791386518864
checksize thread=ReadStage-14 entries=3 bytes=235 command=null ms=1791386518864
checksize thread=ReadStage-14 entries=11 bytes=745 command=null ms=1791386518865
checksize thread=ReadStage-14 entries=2 bytes=117 command=null ms=1791386518865
checksize thread=ReadStage-12 entries=2 bytes=120 command=null ms=1791386520232
checksize thread=ReadStage-13 entries=3 bytes=140 command=null ms=1791386520232
checksize thread=ReadStage-12 entries=8 bytes=527 command=null ms=1791386520232
checksize thread=ReadStage-13 entries=4 bytes=143 command=null ms=1791386520232
checksize thread=ReadStage-13 entries=2 bytes=114 command=null ms=1791386520233
checksize thread=ReadStage-13 entries=8 bytes=360 command=null ms=1791386520233
checksize thread=ReadStage-12 entries=3 bytes=235 command=null ms=1791386520234
checksize thread=ReadStage-12 entries=11 bytes=745 command=null ms=1791386520234
checksize thread=ReadStage-12 entries=2 bytes=117 command=null ms=1791386520234
checksize thread=ReadStage-1 entries=566 bytes=13018 command=ks1.t ms=1791386520268
checksize thread=ReadStage-13 entries=3 bytes=140 command=null ms=1791386523375
checksize thread=ReadStage-12 entries=2 bytes=120 command=null ms=1791386523375
checksize thread=ReadStage-13 entries=4 bytes=143 command=null ms=1791386523375
checksize thread=ReadStage-12 entries=8 bytes=527 command=null ms=1791386523375
checksize thread=ReadStage-13 entries=2 bytes=114 command=null ms=1791386523376
checksize thread=ReadStage-13 entries=8 bytes=360 command=null ms=1791386523376
checksize thread=ReadStage-12 entries=3 bytes=235 command=null ms=1791386523377
checksize thread=ReadStage-12 entries=11 bytes=745 command=null ms=1791386523377
checksize thread=ReadStage-12 entries=2 bytes=117 command=null ms=1791386523378
checksize thread=ReadStage-12 entries=2 bytes=120 command=null ms=1791386524746
checksize thread=ReadStage-12 entries=8 bytes=527 command=null ms=1791386524746
checksize thread=ReadStage-10 entries=3 bytes=140 command=null ms=1791386524746
checksize thread=ReadStage-10 entries=4 bytes=143 command=null ms=1791386524746
checksize thread=ReadStage-10 entries=2 bytes=114 command=null ms=1791386524747
checksize thread=ReadStage-10 entries=8 bytes=360 command=null ms=1791386524747
checksize thread=ReadStage-12 entries=3 bytes=235 command=null ms=1791386524747
checksize thread=ReadStage-12 entries=11 bytes=745 command=null ms=1791386524748
checksize thread=ReadStage-12 entries=2 bytes=117 command=null ms=1791386524748
checksize thread=ReadStage-4 entries=800 bytes=18400 command=ks1.t ms=1791386524779
checksize thread=ReadStage-12 entries=3 bytes=140 command=null ms=1791386527908
checksize thread=ReadStage-13 entries=2 bytes=120 command=null ms=1791386527908
checksize thread=ReadStage-12 entries=4 bytes=143 command=null ms=1791386527908
checksize thread=ReadStage-13 entries=8 bytes=527 command=null ms=1791386527908
checksize thread=ReadStage-12 entries=2 bytes=114 command=null ms=1791386527909
checksize thread=ReadStage-12 entries=8 bytes=360 command=null ms=1791386527909
checksize thread=ReadStage-13 entries=3 bytes=235 command=null ms=1791386527909
checksize thread=ReadStage-13 entries=11 bytes=745 command=null ms=1791386527909
checksize thread=ReadStage-13 entries=2 bytes=117 command=null ms=1791386527910
checksize thread=ReadStage-12 entries=2 bytes=120 command=null ms=1791386529278
checksize thread=ReadStage-13 entries=3 bytes=140 command=null ms=1791386529278
checksize thread=ReadStage-12 entries=8 bytes=527 command=null ms=1791386529278
checksize thread=ReadStage-13 entries=4 bytes=143 command=null ms=1791386529278
checksize thread=ReadStage-13 entries=2 bytes=114 command=null ms=1791386529279
checksize thread=ReadStage-13 entries=8 bytes=360 command=null ms=1791386529279
checksize thread=ReadStage-12 entries=3 bytes=235 command=null ms=1791386529280
checksize thread=ReadStage-12 entries=11 bytes=745 command=null ms=1791386529280
checksize thread=ReadStage-12 entries=2 bytes=117 command=null ms=1791386529280
checksize thread=ReadStage-17 entries=1131 bytes=26013 command=ks1.t ms=1791386529312
checksize thread=ReadStage-12 entries=2 bytes=120 command=null ms=1791386532428
checksize thread=ReadStage-12 entries=8 bytes=527 command=null ms=1791386532428
checksize thread=ReadStage-13 entries=3 bytes=140 command=null ms=1791386532428
checksize thread=ReadStage-13 entries=4 bytes=143 command=null ms=1791386532429
checksize thread=ReadStage-13 entries=2 bytes=114 command=null ms=1791386532430
checksize thread=ReadStage-12 entries=3 bytes=235 command=null ms=1791386532430
checksize thread=ReadStage-13 entries=8 bytes=360 command=null ms=1791386532430
checksize thread=ReadStage-12 entries=11 bytes=745 command=null ms=1791386532430
checksize thread=ReadStage-12 entries=2 bytes=117 command=null ms=1791386532431
checksize thread=ReadStage-12 entries=3 bytes=140 command=null ms=1791386533802
checksize thread=ReadStage-13 entries=2 bytes=120 command=null ms=1791386533802
checksize thread=ReadStage-12 entries=4 bytes=143 command=null ms=1791386533802
checksize thread=ReadStage-13 entries=8 bytes=527 command=null ms=1791386533802
checksize thread=ReadStage-12 entries=2 bytes=114 command=null ms=1791386533803
checksize thread=ReadStage-12 entries=8 bytes=360 command=null ms=1791386533803
checksize thread=ReadStage-13 entries=3 bytes=235 command=null ms=1791386533804
checksize thread=ReadStage-13 entries=11 bytes=745 command=null ms=1791386533804
checksize thread=ReadStage-13 entries=2 bytes=117 command=null ms=1791386533805
checksize thread=ReadStage-1 entries=1600 bytes=36800 command=ks1.t ms=1791386533842
checksize thread=ReadStage-12 entries=2 bytes=120 command=null ms=1791386536971
checksize thread=ReadStage-14 entries=3 bytes=140 command=null ms=1791386536971
checksize thread=ReadStage-12 entries=8 bytes=527 command=null ms=1791386536971
checksize thread=ReadStage-14 entries=4 bytes=143 command=null ms=1791386536972
checksize thread=ReadStage-14 entries=2 bytes=114 command=null ms=1791386536973
checksize thread=ReadStage-14 entries=8 bytes=360 command=null ms=1791386536973
checksize thread=ReadStage-12 entries=3 bytes=235 command=null ms=1791386536973
checksize thread=ReadStage-12 entries=11 bytes=745 command=null ms=1791386536973
checksize thread=ReadStage-12 entries=2 bytes=117 command=null ms=1791386536974
checksize thread=ReadStage-14 entries=3 bytes=140 command=null ms=1791386538334
checksize thread=ReadStage-13 entries=2 bytes=120 command=null ms=1791386538334
checksize thread=ReadStage-14 entries=4 bytes=143 command=null ms=1791386538334
checksize thread=ReadStage-13 entries=8 bytes=527 command=null ms=1791386538335
checksize thread=ReadStage-14 entries=2 bytes=114 command=null ms=1791386538335
checksize thread=ReadStage-14 entries=8 bytes=360 command=null ms=1791386538335
checksize thread=ReadStage-13 entries=3 bytes=235 command=null ms=1791386538335
checksize thread=ReadStage-13 entries=11 bytes=745 command=null ms=1791386538336
checksize thread=ReadStage-13 entries=2 bytes=117 command=null ms=1791386538336
checksize thread=ReadStage-6 entries=2263 bytes=52587 command=ks1.t ms=1791386538365
checksize thread=ReadStage-12 entries=2 bytes=120 command=null ms=1791386541457
checksize thread=ReadStage-17 entries=3 bytes=140 command=null ms=1791386541457
checksize thread=ReadStage-12 entries=8 bytes=527 command=null ms=1791386541458
checksize thread=ReadStage-17 entries=4 bytes=143 command=null ms=1791386541458
checksize thread=ReadStage-17 entries=2 bytes=114 command=null ms=1791386541458
checksize thread=ReadStage-17 entries=8 bytes=360 command=null ms=1791386541458
checksize thread=ReadStage-12 entries=3 bytes=235 command=null ms=1791386541458
checksize thread=ReadStage-12 entries=11 bytes=745 command=null ms=1791386541459
checksize thread=ReadStage-12 entries=2 bytes=117 command=null ms=1791386541459
checksize thread=ReadStage-13 entries=3 bytes=140 command=null ms=1791386542814
checksize thread=ReadStage-12 entries=2 bytes=120 command=null ms=1791386542814
checksize thread=ReadStage-13 entries=4 bytes=143 command=null ms=1791386542815
checksize thread=ReadStage-12 entries=8 bytes=527 command=null ms=1791386542815
checksize thread=ReadStage-13 entries=2 bytes=114 command=null ms=1791386542816
checksize thread=ReadStage-12 entries=3 bytes=235 command=null ms=1791386542816
checksize thread=ReadStage-13 entries=8 bytes=360 command=null ms=1791386542816
checksize thread=ReadStage-12 entries=11 bytes=745 command=null ms=1791386542816
checksize thread=ReadStage-12 entries=2 bytes=117 command=null ms=1791386542816
checksize thread=ReadStage-8 entries=3200 bytes=75076 command=ks1.t ms=1791386542849
checksize thread=ReadStage-12 entries=2 bytes=120 command=null ms=1791386545976
checksize thread=ReadStage-14 entries=3 bytes=140 command=null ms=1791386545976
checksize thread=ReadStage-12 entries=8 bytes=527 command=null ms=1791386545976
checksize thread=ReadStage-14 entries=4 bytes=143 command=null ms=1791386545976
checksize thread=ReadStage-14 entries=2 bytes=114 command=null ms=1791386545977
checksize thread=ReadStage-12 entries=3 bytes=235 command=null ms=1791386545977
checksize thread=ReadStage-12 entries=11 bytes=745 command=null ms=1791386545977
checksize thread=ReadStage-14 entries=8 bytes=360 command=null ms=1791386545977
checksize thread=ReadStage-12 entries=2 bytes=117 command=null ms=1791386545977
checksize thread=ReadStage-12 entries=2 bytes=120 command=null ms=1791386547336
checksize thread=ReadStage-15 entries=3 bytes=140 command=null ms=1791386547336
checksize thread=ReadStage-12 entries=8 bytes=527 command=null ms=1791386547336
checksize thread=ReadStage-15 entries=4 bytes=143 command=null ms=1791386547336
checksize thread=ReadStage-12 entries=3 bytes=235 command=null ms=1791386547337
checksize thread=ReadStage-15 entries=2 bytes=114 command=null ms=1791386547337
checksize thread=ReadStage-12 entries=11 bytes=745 command=null ms=1791386547337
checksize thread=ReadStage-15 entries=8 bytes=360 command=null ms=1791386547337
checksize thread=ReadStage-12 entries=2 bytes=117 command=null ms=1791386547338
checksize thread=ReadStage-1 entries=566 bytes=13018 command=ks1.t ms=1791386547374
checksize thread=ReadStage-13 entries=3 bytes=140 command=null ms=1791386550721
checksize thread=ReadStage-12 entries=2 bytes=120 command=null ms=1791386550721
checksize thread=ReadStage-12 entries=8 bytes=527 command=null ms=1791386550721
checksize thread=ReadStage-13 entries=4 bytes=143 command=null ms=1791386550721
checksize thread=ReadStage-13 entries=2 bytes=114 command=null ms=1791386550721
checksize thread=ReadStage-13 entries=8 bytes=360 command=null ms=1791386550722
checksize thread=ReadStage-12 entries=3 bytes=235 command=null ms=1791386550722
checksize thread=ReadStage-12 entries=11 bytes=745 command=null ms=1791386550722
checksize thread=ReadStage-12 entries=2 bytes=117 command=null ms=1791386550722
checksize thread=ReadStage-13 entries=3 bytes=140 command=null ms=1791386553841
checksize thread=ReadStage-12 entries=2 bytes=120 command=null ms=1791386553841
checksize thread=ReadStage-13 entries=4 bytes=143 command=null ms=1791386553841
checksize thread=ReadStage-12 entries=8 bytes=527 command=null ms=1791386553841
checksize thread=ReadStage-13 entries=2 bytes=114 command=null ms=1791386553842
checksize thread=ReadStage-13 entries=8 bytes=360 command=null ms=1791386553842
checksize thread=ReadStage-12 entries=3 bytes=235 command=null ms=1791386553842
checksize thread=ReadStage-12 entries=11 bytes=745 command=null ms=1791386553842
checksize thread=ReadStage-12 entries=2 bytes=117 command=null ms=1791386553843
checksize thread=ReadStage-14 entries=3 bytes=140 command=null ms=1791386555209
checksize thread=ReadStage-12 entries=2 bytes=120 command=null ms=1791386555209
checksize thread=ReadStage-14 entries=4 bytes=143 command=null ms=1791386555209
checksize thread=ReadStage-12 entries=8 bytes=527 command=null ms=1791386555209
checksize thread=ReadStage-14 entries=2 bytes=114 command=null ms=1791386555210
checksize thread=ReadStage-12 entries=3 bytes=235 command=null ms=1791386555210
checksize thread=ReadStage-14 entries=8 bytes=360 command=null ms=1791386555210
checksize thread=ReadStage-12 entries=11 bytes=745 command=null ms=1791386555210
checksize thread=ReadStage-12 entries=2 bytes=117 command=null ms=1791386555210
checksize thread=ReadStage-9 entries=566 bytes=13018 command=ks1.t ms=1791386555242
checksize thread=ReadStage-12 entries=2 bytes=120 command=null ms=1791386557335
checksize thread=ReadStage-12 entries=8 bytes=527 command=null ms=1791386557335
checksize thread=ReadStage-17 entries=3 bytes=140 command=null ms=1791386557335
checksize thread=ReadStage-17 entries=4 bytes=143 command=null ms=1791386557335
checksize thread=ReadStage-17 entries=2 bytes=114 command=null ms=1791386557335
checksize thread=ReadStage-12 entries=3 bytes=235 command=null ms=1791386557336
checksize thread=ReadStage-17 entries=8 bytes=360 command=null ms=1791386557336
checksize thread=ReadStage-12 entries=11 bytes=745 command=null ms=1791386557336
checksize thread=ReadStage-12 entries=2 bytes=117 command=null ms=1791386557336
checksize thread=ReadStage-15 entries=3 bytes=140 command=null ms=1791386559210
checksize thread=ReadStage-12 entries=2 bytes=120 command=null ms=1791386559210
checksize thread=ReadStage-15 entries=4 bytes=143 command=null ms=1791386559210
checksize thread=ReadStage-12 entries=8 bytes=527 command=null ms=1791386559210
checksize thread=ReadStage-15 entries=2 bytes=114 command=null ms=1791386559211
checksize thread=ReadStage-15 entries=8 bytes=360 command=null ms=1791386559211
checksize thread=ReadStage-12 entries=3 bytes=235 command=null ms=1791386559211
checksize thread=ReadStage-12 entries=11 bytes=745 command=null ms=1791386559211
checksize thread=ReadStage-12 entries=2 bytes=117 command=null ms=1791386559212
checksize thread=ReadStage-13 entries=2 bytes=120 command=null ms=1791386562647
checksize thread=ReadStage-13 entries=8 bytes=527 command=null ms=1791386562647
checksize thread=ReadStage-12 entries=3 bytes=140 command=null ms=1791386562648
checksize thread=ReadStage-13 entries=3 bytes=235 command=null ms=1791386562648
checksize thread=ReadStage-12 entries=4 bytes=143 command=null ms=1791386562648
checksize thread=ReadStage-13 entries=11 bytes=745 command=null ms=1791386562649
checksize thread=ReadStage-13 entries=2 bytes=117 command=null ms=1791386562649
checksize thread=ReadStage-12 entries=2 bytes=114 command=null ms=1791386562649
checksize thread=ReadStage-12 entries=8 bytes=360 command=null ms=1791386562649
checksize thread=ReadStage-1 entries=2263 bytes=52587 command=ks1.t2 ms=1791386562693
checksize thread=ReadStage-12 entries=3 bytes=140 command=null ms=1791386565302
checksize thread=ReadStage-12 entries=4 bytes=143 command=null ms=1791386565302
checksize thread=ReadStage-16 entries=2 bytes=120 command=null ms=1791386565303
checksize thread=ReadStage-16 entries=8 bytes=527 command=null ms=1791386565303
checksize thread=ReadStage-12 entries=2 bytes=114 command=null ms=1791386565303
checksize thread=ReadStage-12 entries=8 bytes=360 command=null ms=1791386565304
checksize thread=ReadStage-16 entries=3 bytes=235 command=null ms=1791386565305
checksize thread=ReadStage-16 entries=11 bytes=745 command=null ms=1791386565305
checksize thread=ReadStage-16 entries=2 bytes=117 command=null ms=1791386565306
checksize thread=ReadStage-6 entries=10 bytes=233 command=ks1.t2 ms=1791386565336
checksize thread=ReadStage-6 entries=2263 bytes=52587 command=null ms=1791386565337
checksize thread=ReadStage-13 entries=3 bytes=140 command=null ms=1791386567990
checksize thread=ReadStage-13 entries=4 bytes=143 command=null ms=1791386567990
checksize thread=ReadStage-12 entries=2 bytes=120 command=null ms=1791386567990
checksize thread=ReadStage-12 entries=8 bytes=527 command=null ms=1791386567991
checksize thread=ReadStage-13 entries=2 bytes=114 command=null ms=1791386567991
checksize thread=ReadStage-13 entries=8 bytes=360 command=null ms=1791386567991
checksize thread=ReadStage-12 entries=3 bytes=235 command=null ms=1791386567993
checksize thread=ReadStage-12 entries=11 bytes=745 command=null ms=1791386567993
checksize thread=ReadStage-12 entries=2 bytes=117 command=null ms=1791386567994
checksize thread=ReadStage-6 entries=2263 bytes=52587 command=ks1.t2 ms=1791386568023
checksize thread=ReadStage-13 entries=2 bytes=120 command=null ms=1791386570989
checksize thread=ReadStage-13 entries=8 bytes=527 command=null ms=1791386570990
checksize thread=ReadStage-12 entries=3 bytes=140 command=null ms=1791386570990
checksize thread=ReadStage-12 entries=4 bytes=143 command=null ms=1791386570990
checksize thread=ReadStage-13 entries=3 bytes=235 command=null ms=1791386570991
checksize thread=ReadStage-13 entries=11 bytes=745 command=null ms=1791386570991
checksize thread=ReadStage-12 entries=2 bytes=114 command=null ms=1791386570991
checksize thread=ReadStage-13 entries=2 bytes=117 command=null ms=1791386570992
checksize thread=ReadStage-12 entries=8 bytes=360 command=null ms=1791386570992
checksize thread=ReadStage-2 entries=400 bytes=9200 command=null ms=1791386571037
checksize thread=ReadStage-2 entries=2263 bytes=52587 command=null ms=1791386571037
checksize thread=ReadStage-2 entries=3200 bytes=75076 command=null ms=1791386571041
checksize thread=ReadStage-2 entries=100 bytes=2299 command=null ms=1791386571063
checksize thread=ReadStage-2 entries=3200 bytes=75076 command=null ms=1791386571128
checksize thread=ReadStage-2 entries=100 bytes=2299 command=null ms=1791386571130
checksize thread=ReadStage-2 entries=1131 bytes=26013 command=null ms=1791386571137
checksize thread=ReadStage-2 entries=141 bytes=3243 command=null ms=1791386571138
checksize thread=ReadStage-2 entries=283 bytes=6509 command=null ms=1791386571147
checksize thread=ReadStage-2 entries=800 bytes=18400 command=null ms=1791386571149
checksize thread=ReadStage-2 entries=566 bytes=13018 command=null ms=1791386571151
checksize thread=ReadStage-2 entries=1600 bytes=36800 command=null ms=1791386571156
checksize thread=ReadStage-2 entries=200 bytes=4600 command=null ms=1791386571160
checksize thread=ReadStage-2 entries=1600 bytes=36800 command=null ms=1791386571210
checksize thread=ReadStage-2 entries=200 bytes=4600 command=null ms=1791386571211
