[2026-10-01 10:02:39] script: ./cluster-run.sh value bdef; host: node0.jason92-318546.misconfiguration-pg0.cloudlab.umass.edu; label: bdef
== bdef: cdc_total_space=default commitlog_segment_size=32MiB mode=blocking kind=normal; stress threads=16, B throttle 100/s
[2026-10-01 10:02:39] CHECK PASS: no CassandraDaemon running
[2026-10-01 10:02:39] CHECK PASS: ports 7199/9042/9091 free
[2026-10-01 10:02:39] CHECK PASS: local disk has >= 25 GB free
[2026-10-01 10:02:39] CHECK PASS: the clone is at cassandra-5.0.9
CdcTotalSpaceCeilingTest.java: OK
cdc-verdict.btm: OK
cdc-sampler.py: OK
cdc-consumer.sh: OK
cdc-analyze.py: OK
cdc-rows.yaml: OK
plain-rows.yaml: OK
[2026-10-01 10:02:39] CHECK PASS: python3 and cqlsh are available
yaml diff: -cdc_enabled: false|+cdc_enabled: true|
[2026-10-01 10:02:39] CHECK PASS: yaml diff adds 1 lines
[2026-10-01 10:02:39] + mv logs /users/jason92/stage4-logs/cdc/cluster/logs.before-bdef.1790870559
[2026-10-01 10:02:39]   rc=0
JVM_EXTRA_OPTS=-Dstage4.byteman.out=/users/jason92/stage4-logs/cdc/cluster/bdef/cdc-verdict.txt -javaagent:/users/jason92/cassandra-run1/build/lib/jars/byteman-4.0.20.jar=script:/users/jason92/stage4-harness-run/cdc/cdc-verdict.btm,listener:true
[2026-10-01 10:02:39] + JVM_EXTRA_OPTS=... bin/cassandra -p cassandra.pid > /users/jason92/stage4-logs/cdc/cluster/bdef/stdout.txt 2>&1
node pid 36480, up at 1790870604013 (after 17s)
    | # File /users/jason92/stage4-harness-run/cdc/cdc-verdict.btm line 59
    | RULE cdc write rejected
    | CLASS org.apache.cassandra.exceptions.CDCWriteException
    | METHOD <init>
    | NOCOMPILE
    | AT ENTRY
    | BIND n : int = incrementCounter("stage4.cdcReject")
    | IF n % 100 == 1
    | DO traceOpen("cdcVerdict", java.lang.System.getProperty("stage4.byteman.out", "cdc-verdict.txt"));
    | traceln("cdcVerdict", "reject n=" + n + " ms=" + java.lang.System.currentTimeMillis() + " msg=" + $1)
    | ENDRULE
    | Transformed in:
    | loader: jdk.internal.loader.ClassLoaders$AppClassLoader@3d4eac69
    | trigger method: org.apache.cassandra.exceptions.CDCWriteException.<init>(java.lang.String) void
    | # File /users/jason92/stage4-harness-run/cdc/cdc-verdict.btm line 41
    | RULE cdc verdict, state after
    | CLASS org.apache.cassandra.db.commitlog.CommitLogSegmentManagerCDC$CDCSizeTracker
    | METHOD processNewSegment
    | NOCOMPILE
    | AT EXIT
    | IF true
    | DO traceOpen("cdcVerdict", java.lang.System.getProperty("stage4.byteman.out", "cdc-verdict.txt"));
    | traceln("cdcVerdict", "post seg=" + $1.logFile.name() + " state=" + $1.getCDCState() + " sip=" + $0.sizeInProgress.get() + " ms=" + java.lang.System.currentTimeMillis())
    | ENDRULE
    | Transformed in:
    | loader: jdk.internal.loader.ClassLoaders$AppClassLoader@3d4eac69
    | trigger method: org.apache.cassandra.db.commitlog.CommitLogSegmentManagerCDC$CDCSizeTracker.processNewSegment(org.apache.cassandra.db.commitlog.CommitLogSegment) void
    | compiled successfully
    | # File /users/jason92/stage4-harness-run/cdc/cdc-verdict.btm line 32
    | RULE cdc verdict, counter before
    | CLASS org.apache.cassandra.db.commitlog.CommitLogSegmentManagerCDC$CDCSizeTracker
    | METHOD processNewSegment
    | NOCOMPILE
    | AT ENTRY
    | IF true
    | DO traceOpen("cdcVerdict", java.lang.System.getProperty("stage4.byteman.out", "cdc-verdict.txt"));
    | traceln("cdcVerdict", "pre seg=" + $1.logFile.name() + " sip=" + $0.sizeInProgress.get() + " allowance=" + org.apache.cassandra.config.DatabaseDescriptor.getCDCTotalSpace() + " segSize=" + org.apache.cassandra.config.DatabaseDescriptor.getCommitLogSegmentSize() + " blocking=" + org.apache.cassandra.config.DatabaseDescriptor.getCDCBlockWrites() + " ms=" + java.lang.System.currentTimeMillis())
    | ENDRULE
    | Transformed in:
    | loader: jdk.internal.loader.ClassLoaders$AppClassLoader@3d4eac69
[2026-10-01 10:03:24] CHECK PASS: Submit -l lists CDCSizeTracker.processNewSegment
[2026-10-01 10:03:24] CHECK PASS: Submit -l lists deleteOldLinkedCDCCommitLogSegment
[2026-10-01 10:03:24] CHECK PASS: Submit -l lists CDCWriteException
    | 
    |  name                   | value
    | ------------------------+---------------------
    |        cdc_block_writes |                true
    |             cdc_enabled |                true
    |       cdc_raw_directory | bin/../data/cdc_raw
    |         cdc_total_space |             4096MiB
    |  commitlog_segment_size |               32MiB
    | 
    | (5 rows)
settings read back: cdc_total_space=4096MiB commitlog_segment_size=32MiB cdc_enabled=true cdc_block_writes=true
k = floor(4096 / 32) = 128; exact multiple: yes
[2026-10-01 10:03:25] CHECK PASS: commitlog_segment_size read back as 32
[2026-10-01 10:03:25] CHECK PASS: data/cdc_raw exists
[2026-10-01 10:03:26] phase idle_start
[2026-10-01 10:03:41] phase idle_end
[2026-10-01 10:03:42] reading idle: links=2 link_bytes=67108864 alloc=69632 idx=0/0 Failures=0 WARN=0 created=2 forbidden=0
EXPECTED: idle floor is min(k, 2) = 2 links — yes
[2026-10-01 10:03:42] phase A_start
[2026-10-01 10:03:42] + tools/bin/cassandra-stress user profile=/users/jason92/stage4-harness-run/cdc/cdc-rows.yaml "ops(insert=1)" n=1000000000 no-warmup -rate threads=16 -errors retries=0 ignore -node 127.0.0.1 > /users/jason92/stage4-logs/cdc/cluster/bdef/stress-cdc-A.txt &
[2026-10-01 10:03:56] phase A_first_rejection
[2026-10-01 10:03:56] phase A_end
[2026-10-01 10:03:58] reading A: links=127 link_bytes=4261412864 alloc=4133507072 idx=44/792 Failures=327 WARN=2 created=129 forbidden=2
A: ended at 1790870638808, ~14 s after the start; stress A tail: Operation x1 on key(s) [-21732752]: Error executing: (WriteFailureException): Cassandra failure during write query at consistency LOCAL_ONE (1 responses were required but only 0 replica responded, 1 failed)||com.datastax.driver.core.exceptions.WriteFailureException: Cassandra failure during write query at consistency LOCAL_ONE (1 responses were required but only 0 replica responded, 1 failed)
[2026-10-01 10:03:58] phase B_start
[2026-10-01 10:03:58] + tools/bin/cassandra-stress user profile=/users/jason92/stage4-harness-run/cdc/cdc-rows.yaml "ops(insert=1)" duration=60s no-warmup -rate threads=16 throttle=100/s -errors retries=0 ignore -node 127.0.0.1 > /users/jason92/stage4-logs/cdc/cluster/bdef/stress-cdc-B.txt &
[2026-10-01 10:03:58] + tools/bin/cassandra-stress user profile=/users/jason92/stage4-harness-run/cdc/plain-rows.yaml "ops(insert=1)" duration=60s no-warmup -rate threads=2 throttle=10/s -errors retries=0 ignore -node 127.0.0.1 > /users/jason92/stage4-logs/cdc/cluster/bdef/stress-plain-B.txt &
[2026-10-01 10:03:58] reading B: links=127 link_bytes=4261412864 alloc=4133507072 idx=46/828 Failures= WARN=2 created=129 forbidden=2
[2026-10-01 10:04:03] reading B: links=127 link_bytes=4261412864 alloc=4133507072 idx=46/828 Failures= WARN=2 created=129 forbidden=2
[2026-10-01 10:04:08] reading B: links=127 link_bytes=4261412864 alloc=4133507072 idx=67/1206 Failures= WARN=13 created=129 forbidden=2
[2026-10-01 10:04:13] reading B: links=127 link_bytes=4261412864 alloc=4133507072 idx=127/2286 Failures= WARN=20 created=129 forbidden=2
[2026-10-01 10:04:18] reading B: links=127 link_bytes=4261412864 alloc=4133507072 idx=127/2286 Failures= WARN=20 created=129 forbidden=2
[2026-10-01 10:04:23] reading B: links=127 link_bytes=4261412864 alloc=4133507072 idx=127/2286 Failures= WARN=21 created=129 forbidden=2
[2026-10-01 10:04:29] reading B: links=127 link_bytes=4261412864 alloc=4133507072 idx=127/2286 Failures= WARN=21 created=129 forbidden=2
[2026-10-01 10:04:34] reading B: links=127 link_bytes=4261412864 alloc=4133507072 idx=127/2286 Failures= WARN=22 created=129 forbidden=2
[2026-10-01 10:04:39] reading B: links=127 link_bytes=4261412864 alloc=4133507072 idx=127/2286 Failures= WARN=22 created=129 forbidden=2
[2026-10-01 10:04:44] reading B: links=127 link_bytes=4261412864 alloc=4133507072 idx=127/2286 Failures= WARN=23 created=129 forbidden=2
[2026-10-01 10:04:49] reading B: links=127 link_bytes=4261412864 alloc=4133507072 idx=127/2286 Failures= WARN=23 created=129 forbidden=2
[2026-10-01 10:04:54] reading B: links=127 link_bytes=4261412864 alloc=4133507072 idx=127/2286 Failures= WARN=24 created=129 forbidden=2
[2026-10-01 10:04:59] reading B: links=127 link_bytes=4261412864 alloc=4133507072 idx=127/2286 Failures= WARN=24 created=129 forbidden=2
[2026-10-01 10:05:04] reading B: links=127 link_bytes=4261412864 alloc=4133507072 idx=127/2286 Failures= WARN=25 created=129 forbidden=2
[2026-10-01 10:05:09] phase B_end
[2026-10-01 10:05:10] reading Bend: links=127 link_bytes=4261412864 alloc=4133507072 idx=127/2286 Failures=6342 WARN=25 created=129 forbidden=2
CDC stress B: Op rate                   :       99 op/s  [insert: 99 op/s]
CDC stress B: Total partitions          :      6,015 [insert: 6,015]
CDC stress B: Total errors              :      6,015 [insert: 6,015]
EXPECTED: non-CDC control: no errors — NO (recorded; the AI judges it in the results file)
bash: line 1: [: -gt: unary operator expected
EXPECTED: non-CDC control: wrote rows — NO (recorded; the AI judges it in the results file)
[2026-10-01 10:05:10] phase R_start
release: consumer pass deleted 127 links (L was 127 at B's end)
[2026-10-01 10:05:13] phase R_end
[2026-10-01 10:05:16] reading Rend: links=1 link_bytes=33554432 alloc=4096 idx=0/0 Failures=6343 WARN=26 created=129 forbidden=2
release: accepted=1 after 2 attempt(s), 4048 ms since the consumer pass
EXPECTED: release: a CDC write was accepted within 30 s — yes
Cassandra has shutdown.
traces: segments created=130, created forbidden=2, 'Rejecting mutation' WARN entries in system.log=26, logged rejected writes (exception stacks)=6343, deleteOld lines=0, reject lines=64 (last n: 6301)
sampler: ticks=2219 max_links=127 max_link_bytes=4261412864 max_gap_ms=51 first_ms=1790870605221 last_ms=1790870716121
ERROR entries in system.log: 6343 (each rejected write logs one: 'Failed to apply mutation locally'); system.log 9.6M; DEBUG 'Freed up' lines in debug.log: 0
disk: 3.9G data/ ; 51G free
    | S=33554432  A=4294967296  k=128  blocking=True  exact multiple of S: True
    | 
    | 1. verdict formula  FORBIDDEN <=> blocking and S + pre.sip > A:  130 creations, 0 violations []
    | 
    | 2. each creation (links = files that existed just before it, from the timeline)
    |    segment                      links pre.sip/S        pre.sip    lag bytes verdict   note
    |    -1790870566556.log               0   0.00              0            0 PERMITTED 
    |    -1790870566557.log               0   0.00              0            0 PERMITTED 
    |    -1790870566558.log               2   1.00       33554432     33554432 PERMITTED STALE: counter 1.00 segments low
    |    -1790870566559.log               3   2.00       67108864     33554432 PERMITTED ambiguous (a link event within 100 ms before)
    |    -1790870566560.log               4   3.00      100663296     33554432 PERMITTED ambiguous (a link event within 100 ms before)
    |    -1790870566561.log               5   4.00      134217746     33554414 PERMITTED ambiguous (a link event within 100 ms before)
    |    -1790870566562.log               6   5.00      167772178     33554414 PERMITTED ambiguous (a link event within 100 ms before)
    |    -1790870566563.log               7   6.00      201326610     33554414 PERMITTED ambiguous (a link event within 100 ms before)
    |    -1790870566564.log               8   7.00      234881060     33554396 PERMITTED ambiguous (a link event within 100 ms before)
    |    -1790870566565.log               9   9.00      301989978          -90 PERMITTED ambiguous (a link event within 100 ms before)
    |    -1790870566566.log              10  10.00      335544410          -90 PERMITTED ambiguous (a link event within 100 ms before)
    |    -1790870566567.log              11  11.00      369098842          -90 PERMITTED ambiguous (a link event within 100 ms before)
    |    -1790870566568.log              12  12.00      402653274          -90 PERMITTED ambiguous (a link event within 100 ms before)
    |    -1790870566569.log              13  13.00      436207742         -126 PERMITTED ambiguous (a link event within 100 ms before)
    |    -1790870566570.log              14  14.00      469762174         -126 PERMITTED ambiguous (a link event within 100 ms before)
    |    -1790870566571.log              15  15.00      503316606         -126 PERMITTED ambiguous (a link event within 100 ms before)
    |    -1790870566572.log              16  16.00      536871092         -180 PERMITTED ambiguous (a link event within 100 ms before)
    |    -1790870566573.log              17  17.00      570425524         -180 PERMITTED ambiguous (a link event within 100 ms before)
    |    -1790870566574.log              18  18.00      603979956         -180 PERMITTED ambiguous (a link event within 100 ms before)
    |    -1790870566575.log              19  19.00      637534388         -180 PERMITTED ambiguous (a link event within 100 ms before)
    |    -1790870566576.log              20  20.00      671088874         -234 PERMITTED ambiguous (a link event within 100 ms before)
    |    -1790870566577.log              21  21.00      704643306         -234 PERMITTED ambiguous (a link event within 100 ms before)
    |    -1790870566578.log              22  22.00      738197738         -234 PERMITTED ambiguous (a link event within 100 ms before)
    |    -1790870566579.log              23  23.00      771752170         -234 PERMITTED ambiguous (a link event within 100 ms before)
    |    -1790870566580.log              24  24.00      805306602         -234 PERMITTED ambiguous (a link event within 100 ms before)
    |    -1790870566581.log              25  25.00      838861034         -234 PERMITTED ambiguous (a link event within 100 ms before)
    |    -1790870566582.log              26  26.00      872415466         -234 PERMITTED ambiguous (a link event within 100 ms before)
    |    -1790870566583.log              27  27.00      905969970         -306 PERMITTED ambiguous (a link event within 100 ms before)
    |    -1790870566584.log              28  28.00      939524402         -306 PERMITTED ambiguous (a link event within 100 ms before)
    |    -1790870566585.log              29  29.00      973078834         -306 PERMITTED ambiguous (a link event within 100 ms before)
    |    -1790870566586.log              30  30.00     1006633266         -306 PERMITTED ambiguous (a link event within 100 ms before)
    |    -1790870566587.log              31  31.00     1040187788         -396 PERMITTED ambiguous (a link event within 100 ms before)
    |    -1790870566588.log              32  32.00     1073742220         -396 PERMITTED ambiguous (a link event within 100 ms before)
    |    -1790870566589.log              33  33.00     1107296652         -396 PERMITTED ambiguous (a link event within 100 ms before)
    |    -1790870566590.log              34  34.00     1140851084         -396 PERMITTED ambiguous (a link event within 100 ms before)
    |    -1790870566591.log              35  35.00     1174405516         -396 PERMITTED ambiguous (a link event within 100 ms before)
    |    -1790870566592.log              36  36.00     1207959948         -396 PERMITTED ambiguous (a link event within 100 ms before)
    |    -1790870566593.log              37  37.00     1241514380         -396 PERMITTED ambiguous (a link event within 100 ms before)
    |    -1790870566594.log              38  38.00     1275068812         -396 PERMITTED ambiguous (a link event within 100 ms before)
    |    -1790870566595.log              39  39.00     1308623244         -396 PERMITTED ambiguous (a link event within 100 ms before)
    |    -1790870566596.log              40  40.00     1342177676         -396 PERMITTED ambiguous (a link event within 100 ms before)
    |    -1790870566597.log              41  41.00     1375732108         -396 PERMITTED ambiguous (a link event within 100 ms before)
    |    -1790870566598.log              42  42.00     1409286540         -396 PERMITTED ambiguous (a link event within 100 ms before)
    |    -1790870566599.log              43  43.00     1442840972         -396 PERMITTED ambiguous (a link event within 100 ms before)
    |    -1790870566600.log              44  44.00     1476395404         -396 PERMITTED ambiguous (a link event within 100 ms before)
    |    -1790870566601.log              45  45.00     1509949836         -396 PERMITTED ambiguous (a link event within 100 ms before)
    |    -1790870566602.log              46  46.00     1543504268         -396 PERMITTED ambiguous (a link event within 100 ms before)
    |    -1790870566603.log              47  47.00     1577058700         -396 PERMITTED ambiguous (a link event within 100 ms before)
    |    -1790870566604.log              48  48.00     1610613132         -396 PERMITTED ambiguous (a link event within 100 ms before)
    |    -1790870566605.log              49  49.00     1644167690         -522 PERMITTED ambiguous (a link event within 100 ms before)
    |    -1790870566606.log              50  50.00     1677722122         -522 PERMITTED ambiguous (a link event within 100 ms before)
    |    -1790870566607.log              51  51.00     1711276554         -522 PERMITTED ambiguous (a link event within 100 ms before)
    |    -1790870566608.log              52  52.00     1744830986         -522 PERMITTED ambiguous (a link event within 100 ms before)
    |    -1790870566609.log              53  53.00     1778385418         -522 PERMITTED ambiguous (a link event within 100 ms before)
    |    -1790870566610.log              54  54.00     1811939850         -522 PERMITTED ambiguous (a link event within 100 ms before)
    |    -1790870566611.log              55  55.00     1845494282         -522 PERMITTED ambiguous (a link event within 100 ms before)
    |    -1790870566612.log              56  56.00     1879048714         -522 PERMITTED ambiguous (a link event within 100 ms before)
    |    -1790870566613.log              57  57.00     1912603146         -522 PERMITTED ambiguous (a link event within 100 ms before)
    |    -1790870566614.log              58  58.00     1946157578         -522 PERMITTED ambiguous (a link event within 100 ms before)
    |    -1790870566615.log              59  59.00     1979712010         -522 PERMITTED ambiguous (a link event within 100 ms before)
    |    -1790870566616.log              60  60.00     2013266442         -522 PERMITTED ambiguous (a link event within 100 ms before)
    |    -1790870566617.log              61  61.00     2046820874         -522 PERMITTED ambiguous (a link event within 100 ms before)
    |    -1790870566618.log              62  62.00     2080375306         -522 PERMITTED ambiguous (a link event within 100 ms before)
    |    -1790870566619.log              63  63.00     2113929738         -522 PERMITTED ambiguous (a link event within 100 ms before)
    |    -1790870566620.log              64  64.00     2147484170         -522 PERMITTED ambiguous (a link event within 100 ms before)
    |    -1790870566621.log              65  65.00     2181038602         -522 PERMITTED ambiguous (a link event within 100 ms before)
    |    -1790870566622.log              66  66.00     2214593034         -522 PERMITTED ambiguous (a link event within 100 ms before)
    |    -1790870566623.log              67  67.00     2248147466         -522 PERMITTED ambiguous (a link event within 100 ms before)
    |    -1790870566624.log              68  68.00     2281701898         -522 PERMITTED ambiguous (a link event within 100 ms before)
    |    -1790870566625.log              69  69.00     2315256330         -522 PERMITTED ambiguous (a link event within 100 ms before)
    |    -1790870566626.log              70  70.00     2348810762         -522 PERMITTED ambiguous (a link event within 100 ms before)
    |    -1790870566627.log              71  71.00     2382365194         -522 PERMITTED ambiguous (a link event within 100 ms before)
    |    -1790870566628.log              72  72.00     2415919626         -522 PERMITTED ambiguous (a link event within 100 ms before)
    |    -1790870566629.log              73  73.00     2449474058         -522 PERMITTED ambiguous (a link event within 100 ms before)
    |    -1790870566630.log              74  74.00     2483028490         -522 PERMITTED ambiguous (a link event within 100 ms before)
    |    -1790870566631.log              75  75.00     2516582922         -522 PERMITTED ambiguous (a link event within 100 ms before)
    |    -1790870566632.log              76  76.00     2550137354         -522 PERMITTED ambiguous (a link event within 100 ms before)
    |    -1790870566633.log              77  77.00     2583691786         -522 PERMITTED ambiguous (a link event within 100 ms before)
    |    -1790870566634.log              78  78.00     2617246218         -522 PERMITTED ambiguous (a link event within 100 ms before)
    |    -1790870566635.log              79  79.00     2650800650         -522 PERMITTED ambiguous (a link event within 100 ms before)
    |    -1790870566636.log              80  80.00     2684355082         -522 PERMITTED ambiguous (a link event within 100 ms before)
    |    -1790870566637.log              81  81.00     2717909514         -522 PERMITTED ambiguous (a link event within 100 ms before)
    |    -1790870566638.log              82  82.00     2751463946         -522 PERMITTED ambiguous (a link event within 100 ms before)
    |    -1790870566639.log              83  83.00     2785018378         -522 PERMITTED ambiguous (a link event within 100 ms before)
    |    -1790870566640.log              84  84.00     2818572810         -522 PERMITTED ambiguous (a link event within 100 ms before)
    |    -1790870566641.log              85  85.00     2852127242         -522 PERMITTED ambiguous (a link event within 100 ms before)
    |    -1790870566642.log              86  86.00     2885681674         -522 PERMITTED ambiguous (a link event within 100 ms before)
    |    -1790870566643.log              87  87.00     2919236106         -522 PERMITTED ambiguous (a link event within 100 ms before)
    |    -1790870566644.log              88  88.00     2952790538         -522 PERMITTED ambiguous (a link event within 100 ms before)
    |    -1790870566645.log              89  89.00     2986344970         -522 PERMITTED ambiguous (a link event within 100 ms before)
    |    -1790870566646.log              90  90.00     3019899402         -522 PERMITTED ambiguous (a link event within 100 ms before)
    |    -1790870566647.log              91  91.00     3053453834         -522 PERMITTED ambiguous (a link event within 100 ms before)
    |    -1790870566648.log              92  92.00     3087008266         -522 PERMITTED ambiguous (a link event within 100 ms before)
    |    -1790870566649.log              93  93.00     3120562698         -522 PERMITTED ambiguous (a link event within 100 ms before)
    |    -1790870566650.log              94  94.00     3154117130         -522 PERMITTED ambiguous (a link event within 100 ms before)
    |    -1790870566651.log              95  95.00     3187671562         -522 PERMITTED ambiguous (a link event within 100 ms before)
    |    -1790870566652.log              96  96.00     3221225994         -522 PERMITTED ambiguous (a link event within 100 ms before)
    |    -1790870566653.log              97  97.00     3254780426         -522 PERMITTED ambiguous (a link event within 100 ms before)
    |    -1790870566654.log              98  98.00     3288334858         -522 PERMITTED ambiguous (a link event within 100 ms before)
    |    -1790870566655.log              99  99.00     3321889290         -522 PERMITTED ambiguous (a link event within 100 ms before)
    |    -1790870566656.log             100 100.00     3355443722         -522 PERMITTED ambiguous (a link event within 100 ms before)
    |    -1790870566657.log             101 101.00     3388998154         -522 PERMITTED ambiguous (a link event within 100 ms before)
    |    -1790870566658.log             102 102.00     3422552586         -522 PERMITTED ambiguous (a link event within 100 ms before)
    |    -1790870566659.log             103 103.00     3456107018         -522 PERMITTED ambiguous (a link event within 100 ms before)
    |    -1790870566660.log             104 104.00     3489661450         -522 PERMITTED ambiguous (a link event within 100 ms before)
    |    -1790870566661.log             105 105.00     3523215882         -522 PERMITTED ambiguous (a link event within 100 ms before)
    |    -1790870566662.log             106 106.00     3556770314         -522 PERMITTED ambiguous (a link event within 100 ms before)
    |    -1790870566663.log             107 107.00     3590324746         -522 PERMITTED ambiguous (a link event within 100 ms before)
    |    -1790870566664.log             108 108.00     3623879178         -522 PERMITTED ambiguous (a link event within 100 ms before)
    |    -1790870566665.log             109 109.00     3657433610         -522 PERMITTED ambiguous (a link event within 100 ms before)
    |    -1790870566666.log             110 110.00     3690988096         -576 PERMITTED ambiguous (a link event within 100 ms before)
    |    -1790870566667.log             111 111.00     3724542528         -576 PERMITTED ambiguous (a link event within 100 ms before)
    |    -1790870566668.log             112 112.00     3758096960         -576 PERMITTED ambiguous (a link event within 100 ms before)
    |    -1790870566669.log             113 113.00     3791651392         -576 PERMITTED ambiguous (a link event within 100 ms before)
    |    -1790870566670.log             114 114.00     3825205824         -576 PERMITTED ambiguous (a link event within 100 ms before)
    |    -1790870566671.log             115 115.00     3858760256         -576 PERMITTED ambiguous (a link event within 100 ms before)
    |    -1790870566672.log             116 116.00     3892314688         -576 PERMITTED ambiguous (a link event within 100 ms before)
    |    -1790870566673.log             117 117.00     3925869120         -576 PERMITTED ambiguous (a link event within 100 ms before)
    |    -1790870566674.log             118 118.00     3959423552         -576 PERMITTED ambiguous (a link event within 100 ms before)
    |    -1790870566675.log             119 119.00     3992978056         -648 PERMITTED ambiguous (a link event within 100 ms before)
    |    -1790870566676.log             120 120.00     4026532488         -648 PERMITTED ambiguous (a link event within 100 ms before)
    |    -1790870566677.log             121 121.00     4060086920         -648 PERMITTED ambiguous (a link event within 100 ms before)
    |    -1790870566678.log             122 122.00     4093641352         -648 PERMITTED ambiguous (a link event within 100 ms before)
    |    -1790870566679.log             123 123.00     4127195820         -684 PERMITTED ambiguous (a link event within 100 ms before)
    |    -1790870566680.log             124 124.00     4160750252         -684 PERMITTED ambiguous (a link event within 100 ms before)
    |    -1790870566681.log             125 125.00     4194304684         -684 PERMITTED ambiguous (a link event within 100 ms before)
    |    -1790870566682.log             126 126.00     4227859116         -684 PERMITTED ambiguous (a link event within 100 ms before)
    |    -1790870566683.log             127 127.00     4261413548         -684 FORBIDDEN ambiguous (a link event within 100 ms before)
    |    -1790870566684.log             127 127.00     4261413584         -720 FORBIDDEN ambiguous (a link event within 100 ms before)
    |    -1790870566685.log               1   1.00       33554432            0 PERMITTED 
    |    stale (lag >= S/2) among 4 unambiguous creations: 1
    | 
    | 3. creations that made a link beyond k = 128
    |    none
    | 
    | 4. link timeline: peak L = 127 before the first removal  (from the events; same-tick ordering can inflate it by 1, the CSV is exact)
    |    first rejection traced at 1790870636685: L = 127; rejection lines traced: 64, rejections counted up to the last: 6301
    | 
    | 5. sampler CSV: 2219 ticks, max gap 51 ms
    |    ticks where the link bytes were not exactly L x S: 0
    |    idle_end                     L=2    link_bytes=67108864     (2.00 S)  allocated=69632        idx=0/0
    |    A_first_rejection            L=127  link_bytes=4261412864   (127.00 S)  allocated=4133507072   idx=44/792
    |    A_end                        L=127  link_bytes=4261412864   (127.00 S)  allocated=4133507072   idx=44/792
    |    B_end                        L=127  link_bytes=4261412864   (127.00 S)  allocated=4133507072   idx=127/2286
    |    R_start                      L=127  link_bytes=4261412864   (127.00 S)  allocated=4133507072   idx=127/2286
    |    R_end                        L=1    link_bytes=33554432     (1.00 S)  allocated=4096         idx=0/0
    |    B window: peak L=127, min L=127, plateau (median over its last 20 s) L=127.0, bytes at peak=4261412864
    |    peak L over the whole run: 127 (4261412864 bytes = 127.00 S)
    | 
    | 6. ceiling attribution (blocking): permitted creations = 128, k = 128, links made beyond k = 0
    |    each beyond-k link made while `S + counter <= A` but `S + files > A` (stale counter): n/a, none beyond k
    |    exact multiple: creations forbidden with k - 1 links and a counter above (k - 1) * S (the index-file bytes): [('-1790870566683.log', 684), ('-1790870566684.log', 720)]
RESULT value bdef: finished at 1790870738549
