STAGE4 check floor_bytes 52428800 52428800 ok
STAGE4 check getter_pct0.95 0.95 0.95 ok
STAGE4 info _pct0.95 B=900192640 (U=1000000000, floor=52428800)
STAGE4 check 1_B_pct0.95 900192640 900192640 ok
STAGE4 check 2_request_equals_B_pct0.95 true true ok
STAGE4 check 2_request_B_plus_1_pct0.95 false false ok
STAGE4 check 2_request_B_minus_1_pct0.95 true true ok
STAGE4 check 3_inflight_w_plus_R_equals_B_pct0.95 true true ok
STAGE4 check 3_inflight_w_plus_R_equals_B_plus_1_pct0.95 false false ok
STAGE4 check 3_inflight_other_dir_same_store_equals_B_pct0.95 true true ok
STAGE4 check 3_inflight_other_dir_same_store_B_plus_1_pct0.95 false false ok
STAGE4 check 3_no_inflight_same_w_plus_1_admitted_pct0.95 true true ok
STAGE4 check 3_inflight_on_another_store_is_not_counted_pct0.95 true true ok
STAGE4 check 4_both_exactly_fit_pct0.95 true true ok
STAGE4 check 4_B2_one_byte_over_pct0.95 false false ok
STAGE4 check 4_A_one_byte_over_pct0.95 false false ok
STAGE4 check 4_both_over_pct0.95 false false ok
STAGE4 check getter_pct0.5 0.5 0.5 ok
STAGE4 info _pct0.5 B=473785600 (U=1000000000, floor=52428800)
STAGE4 check 1_B_pct0.5 473785600 473785600 ok
STAGE4 check 2_request_equals_B_pct0.5 true true ok
STAGE4 check 2_request_B_plus_1_pct0.5 false false ok
STAGE4 check 2_request_B_minus_1_pct0.5 true true ok
STAGE4 check 3_inflight_w_plus_R_equals_B_pct0.5 true true ok
STAGE4 check 3_inflight_w_plus_R_equals_B_plus_1_pct0.5 false false ok
STAGE4 check 3_inflight_other_dir_same_store_equals_B_pct0.5 true true ok
STAGE4 check 3_inflight_other_dir_same_store_B_plus_1_pct0.5 false false ok
STAGE4 check 3_no_inflight_same_w_plus_1_admitted_pct0.5 true true ok
STAGE4 check 3_inflight_on_another_store_is_not_counted_pct0.5 true true ok
STAGE4 check 4_both_exactly_fit_pct0.5 true true ok
STAGE4 check 4_B2_one_byte_over_pct0.5 false false ok
STAGE4 check 4_A_one_byte_over_pct0.5 false false ok
STAGE4 check 4_both_over_pct0.5 false false ok
STAGE4 check getter_pct0.1 0.1 0.1 ok
STAGE4 info _pct0.1 B=94757120 (U=1000000000, floor=52428800)
STAGE4 check 1_B_pct0.1 94757120 94757120 ok
STAGE4 check 2_request_equals_B_pct0.1 true true ok
STAGE4 check 2_request_B_plus_1_pct0.1 false false ok
STAGE4 check 2_request_B_minus_1_pct0.1 true true ok
STAGE4 check 3_inflight_w_plus_R_equals_B_pct0.1 true true ok
STAGE4 check 3_inflight_w_plus_R_equals_B_plus_1_pct0.1 false false ok
STAGE4 check 3_inflight_other_dir_same_store_equals_B_pct0.1 true true ok
STAGE4 check 3_inflight_other_dir_same_store_B_plus_1_pct0.1 false false ok
STAGE4 check 3_no_inflight_same_w_plus_1_admitted_pct0.1 true true ok
STAGE4 check 3_inflight_on_another_store_is_not_counted_pct0.1 true true ok
STAGE4 check 4_both_exactly_fit_pct0.1 true true ok
STAGE4 check 4_B2_one_byte_over_pct0.1 false false ok
STAGE4 check 4_A_one_byte_over_pct0.1 false false ok
STAGE4 check 4_both_over_pct0.1 false false ok
STAGE4 check getter_pct0.01 0.01 0.01 ok
STAGE4 info _pct0.01 B=9475712 (U=1000000000, floor=52428800)
STAGE4 check 1_B_pct0.01 9475712 9475712 ok
STAGE4 check 2_request_equals_B_pct0.01 true true ok
STAGE4 check 2_request_B_plus_1_pct0.01 false false ok
STAGE4 check 2_request_B_minus_1_pct0.01 true true ok
STAGE4 check 3_inflight_w_plus_R_equals_B_pct0.01 true true ok
STAGE4 check 3_inflight_w_plus_R_equals_B_plus_1_pct0.01 false false ok
STAGE4 check 3_inflight_other_dir_same_store_equals_B_pct0.01 true true ok
STAGE4 check 3_inflight_other_dir_same_store_B_plus_1_pct0.01 false false ok
STAGE4 check 3_no_inflight_same_w_plus_1_admitted_pct0.01 true true ok
STAGE4 check 3_inflight_on_another_store_is_not_counted_pct0.01 true true ok
STAGE4 check 4_both_exactly_fit_pct0.01 true true ok
STAGE4 check 4_B2_one_byte_over_pct0.01 false false ok
STAGE4 check 4_A_one_byte_over_pct0.01 false false ok
STAGE4 check 4_both_over_pct0.01 false false ok
STAGE4 check 5_knob2_pct0.95_U1000000000_d50MiB_B 850385280 850385280 ok
STAGE4 check 5_knob2_pct0.95_U1000000000_d50MiB_fall_is_pct_x_d true true ok [fall=4.980736E7 pct*d=4.980736E7]
STAGE4 check 5_knob2_pct0.95_U1000000000_d100MiB_B 800577920 800577920 ok
STAGE4 check 5_knob2_pct0.95_U1000000000_d100MiB_fall_is_pct_x_d true true ok [fall=9.961472E7 pct*d=9.961472E7]
STAGE4 check 5_knob2_pct0.95_U1000000000_d450MiB_B 451926400 451926400 ok
STAGE4 check 5_knob2_pct0.95_U1000000000_d450MiB_fall_is_pct_x_d true true ok [fall=4.4826624E8 pct*d=4.4826624E8]
STAGE4 check 5_knob2_pct0.95_U2000000000_d50MiB_B 1800385280 1800385280 ok
STAGE4 check 5_knob2_pct0.95_U2000000000_d50MiB_fall_is_pct_x_d true true ok [fall=4.980736E7 pct*d=4.980736E7]
STAGE4 check 5_knob2_pct0.95_U2000000000_d100MiB_B 1750577920 1750577920 ok
STAGE4 check 5_knob2_pct0.95_U2000000000_d100MiB_fall_is_pct_x_d true true ok [fall=9.961472E7 pct*d=9.961472E7]
STAGE4 check 5_knob2_pct0.95_U2000000000_d450MiB_B 1401926400 1401926400 ok
STAGE4 check 5_knob2_pct0.95_U2000000000_d450MiB_fall_is_pct_x_d true true ok [fall=4.4826624E8 pct*d=4.4826624E8]
STAGE4 check 5_knob2_pct0.5_U1000000000_d50MiB_B 447571200 447571200 ok
STAGE4 check 5_knob2_pct0.5_U1000000000_d50MiB_fall_is_pct_x_d true true ok [fall=2.62144E7 pct*d=2.62144E7]
STAGE4 check 5_knob2_pct0.5_U1000000000_d100MiB_B 421356800 421356800 ok
STAGE4 check 5_knob2_pct0.5_U1000000000_d100MiB_fall_is_pct_x_d true true ok [fall=5.24288E7 pct*d=5.24288E7]
STAGE4 check 5_knob2_pct0.5_U1000000000_d450MiB_B 237856000 237856000 ok
STAGE4 check 5_knob2_pct0.5_U1000000000_d450MiB_fall_is_pct_x_d true true ok [fall=2.359296E8 pct*d=2.359296E8]
STAGE4 check 5_knob2_pct0.5_U2000000000_d50MiB_B 947571200 947571200 ok
STAGE4 check 5_knob2_pct0.5_U2000000000_d50MiB_fall_is_pct_x_d true true ok [fall=2.62144E7 pct*d=2.62144E7]
STAGE4 check 5_knob2_pct0.5_U2000000000_d100MiB_B 921356800 921356800 ok
STAGE4 check 5_knob2_pct0.5_U2000000000_d100MiB_fall_is_pct_x_d true true ok [fall=5.24288E7 pct*d=5.24288E7]
STAGE4 check 5_knob2_pct0.5_U2000000000_d450MiB_B 737856000 737856000 ok
STAGE4 check 5_knob2_pct0.5_U2000000000_d450MiB_fall_is_pct_x_d true true ok [fall=2.359296E8 pct*d=2.359296E8]
STAGE4 check 6_floor_B_U10485760 0 0 ok
STAGE4 check 6_floor_request_0_U10485760 true true ok
STAGE4 check 6_floor_request_1_U10485760 false false ok
STAGE4 check 6_floor_B_U52428800 0 0 ok
STAGE4 check 6_floor_request_0_U52428800 true true ok
STAGE4 check 6_floor_request_1_U52428800 false false ok
STAGE4 check 6_pct0_B 0 0 ok
STAGE4 check 7_admitted true true ok
STAGE4 check 7_admitted_events 1 1 ok
STAGE4 check 7_admitted_level DEBUG DEBUG ok
STAGE4 check 7_admitted_pattern true true ok [FileStore storeL has 473785600 bytes available, checking if we can write 473785600 bytes]
STAGE4 check 7_admitted_store storeL storeL ok
STAGE4 check 7_admitted_available 473785600 473785600 ok
STAGE4 check 7_admitted_requested_is_w_plus_R 473785600 473785600 ok
STAGE4 check 7_refused false false ok
STAGE4 check 7_refused_events 2 2 ok
STAGE4 check 7_refused_first_level DEBUG DEBUG ok
STAGE4 check 7_refused_second_level WARN WARN ok
STAGE4 check 7_refused_available 473785600 473785600 ok
STAGE4 check 7_refused_requested 473785601 473785601 ok
STAGE4 check 7_refused_warn_text true true ok [FileStore storeL has only 451.84 MiB available, but 451.84 MiB is needed]
STAGE4 info warn line: FileStore storeL has only 451.84 MiB available, but 451.84 MiB is needed
STAGE4 summary mismatches 0
STAGE4 check f1.5_inputs_are_8_sstables 8 8 ok
STAGE4 check f1.5_inputs_equal_within_10pct true true ok [min=1205250 max=1205250]
STAGE4 check f1.5_B_from_the_check 14463000 14463000 ok
STAGE4 info f1.5 total=9642000 min=1205250 max=1205250 pct=0.0034090439046425094 B=14463000 B/total=1.5 simulated passes=[9642000] dropped=0
STAGE4 check f1.5_simulated_matches_the_plan 0 0 ok
STAGE4 check f1.5_pass_count 1 1 ok
STAGE4 check f1.5_pass0_available 14463000 14463000 ok
STAGE4 check f1.5_pass0_requested 9642000 9642000 ok
STAGE4 check f1.5_refusal_warnings 0 0 ok
STAGE4 check f1.5_CompactionsReduced_delta 0 0 ok
STAGE4 check f1.5_SSTablesDropped_delta 0 0 ok
STAGE4 check f1.5_CompactionsAborted_delta 0 0 ok
STAGE4 check f1.5_Reducing_scope_warnings 0 0 ok
STAGE4 check f1.5_abort_warning 0 0 ok
STAGE4 check f1.5_exception none none ok
STAGE4 check f1.5_live_after 1 1 ok
STAGE4 info f1.5 output length 9642000 against the kept inputs' 9642000 (ratio 1.0)
STAGE4 check f1.5_dropped_inputs_still_live 0 0 ok
STAGE4 check f0.8_inputs_are_8_sstables 8 8 ok
STAGE4 check f0.8_inputs_equal_within_10pct true true ok [min=1205250 max=1205250]
STAGE4 check f0.8_B_from_the_check 7713600 7713600 ok
STAGE4 info f0.8 total=9642000 min=1205250 max=1205250 pct=0.0018181567491426718 B=7713600 B/total=0.8 simulated passes=[9642000, 8436750, 7231500] dropped=2
STAGE4 check f0.8_simulated_matches_the_plan 2 2 ok
STAGE4 check f0.8_pass_count 3 3 ok
STAGE4 check f0.8_pass0_available 7713600 7713600 ok
STAGE4 check f0.8_pass0_requested 9642000 9642000 ok
STAGE4 check f0.8_pass1_available 7713600 7713600 ok
STAGE4 check f0.8_pass1_requested 8436750 8436750 ok
STAGE4 check f0.8_pass2_available 7713600 7713600 ok
STAGE4 check f0.8_pass2_requested 7231500 7231500 ok
STAGE4 check f0.8_refusal_warnings 2 2 ok
STAGE4 check f0.8_CompactionsReduced_delta 1 1 ok
STAGE4 check f0.8_SSTablesDropped_delta 2 2 ok
STAGE4 check f0.8_CompactionsAborted_delta 0 0 ok
STAGE4 check f0.8_Reducing_scope_warnings 2 2 ok
STAGE4 check f0.8_abort_warning 0 0 ok
STAGE4 check f0.8_exception none none ok
STAGE4 check f0.8_live_after 3 3 ok
STAGE4 info f0.8 output length 7231500 against the kept inputs' 7231500 (ratio 1.0)
STAGE4 check f0.8_dropped_inputs_still_live 2 2 ok
STAGE4 check f0.4_inputs_are_8_sstables 8 8 ok
STAGE4 check f0.4_inputs_equal_within_10pct true true ok [min=1205250 max=1205250]
STAGE4 check f0.4_B_from_the_check 3856800 3856800 ok
STAGE4 info f0.4 total=9642000 min=1205250 max=1205250 pct=9.090783745713359E-4 B=3856800 B/total=0.4 simulated passes=[9642000, 8436750, 7231500, 6026250, 4821000, 3615750] dropped=5
STAGE4 check f0.4_simulated_matches_the_plan 5 5 ok
STAGE4 check f0.4_pass_count 6 6 ok
STAGE4 check f0.4_pass0_available 3856800 3856800 ok
STAGE4 check f0.4_pass0_requested 9642000 9642000 ok
STAGE4 check f0.4_pass1_available 3856800 3856800 ok
STAGE4 check f0.4_pass1_requested 8436750 8436750 ok
STAGE4 check f0.4_pass2_available 3856800 3856800 ok
STAGE4 check f0.4_pass2_requested 7231500 7231500 ok
STAGE4 check f0.4_pass3_available 3856800 3856800 ok
STAGE4 check f0.4_pass3_requested 6026250 6026250 ok
STAGE4 check f0.4_pass4_available 3856800 3856800 ok
STAGE4 check f0.4_pass4_requested 4821000 4821000 ok
STAGE4 check f0.4_pass5_available 3856800 3856800 ok
STAGE4 check f0.4_pass5_requested 3615750 3615750 ok
STAGE4 check f0.4_refusal_warnings 5 5 ok
STAGE4 check f0.4_CompactionsReduced_delta 1 1 ok
STAGE4 check f0.4_SSTablesDropped_delta 5 5 ok
STAGE4 check f0.4_CompactionsAborted_delta 0 0 ok
STAGE4 check f0.4_Reducing_scope_warnings 5 5 ok
STAGE4 check f0.4_abort_warning 0 0 ok
STAGE4 check f0.4_exception none none ok
STAGE4 check f0.4_live_after 6 6 ok
STAGE4 info f0.4 output length 3615750 against the kept inputs' 3615750 (ratio 1.0)
STAGE4 check f0.4_dropped_inputs_still_live 5 5 ok
STAGE4 check f0.1_inputs_are_8_sstables 8 8 ok
STAGE4 check f0.1_inputs_equal_within_10pct true true ok [min=1205250 max=1205250]
STAGE4 check f0.1_B_from_the_check 964200 964200 ok
STAGE4 info f0.1 total=9642000 min=1205250 max=1205250 pct=2.2726959364283397E-4 B=964200 B/total=0.1 simulated passes=[9642000, 8436750, 7231500, 6026250, 4821000, 3615750, 2410500, 1205250] dropped=-1
STAGE4 check f0.1_simulated_matches_the_plan -1 -1 ok
STAGE4 check f0.1_pass_count 8 8 ok
STAGE4 check f0.1_pass0_available 964200 964200 ok
STAGE4 check f0.1_pass0_requested 9642000 9642000 ok
STAGE4 check f0.1_pass1_available 964200 964200 ok
STAGE4 check f0.1_pass1_requested 8436750 8436750 ok
STAGE4 check f0.1_pass2_available 964200 964200 ok
STAGE4 check f0.1_pass2_requested 7231500 7231500 ok
STAGE4 check f0.1_pass3_available 964200 964200 ok
STAGE4 check f0.1_pass3_requested 6026250 6026250 ok
STAGE4 check f0.1_pass4_available 964200 964200 ok
STAGE4 check f0.1_pass4_requested 4821000 4821000 ok
STAGE4 check f0.1_pass5_available 964200 964200 ok
STAGE4 check f0.1_pass5_requested 3615750 3615750 ok
STAGE4 check f0.1_pass6_available 964200 964200 ok
STAGE4 check f0.1_pass6_requested 2410500 2410500 ok
STAGE4 check f0.1_pass7_available 964200 964200 ok
STAGE4 check f0.1_pass7_requested 1205250 1205250 ok
STAGE4 check f0.1_refusal_warnings 8 8 ok
STAGE4 check f0.1_CompactionsReduced_delta 0 0 ok
STAGE4 check f0.1_SSTablesDropped_delta 0 0 ok
STAGE4 check f0.1_CompactionsAborted_delta 1 1 ok
STAGE4 check f0.1_Reducing_scope_warnings 7 7 ok
STAGE4 check f0.1_abort_warning 1 1 ok
STAGE4 check f0.1_exception RuntimeException RuntimeException ok
STAGE4 info f0.1 exception: java.lang.RuntimeException: java.util.concurrent.ExecutionException: java.lang.RuntimeException: Not enough space for compaction (fe40c800-c2ba-11f1-a29d-7765a9078c71) of CompactionLadderTest.t, estimated sstables = 1, expected write size = 1205250
STAGE4 check f0.1_live_after 8 8 ok
STAGE4 check f0.1_same_files_after_abort true true ok
STAGE4 summary mismatches 0
